Component: ARM Compiler 5.06 update 4 (build 422) Tool: armlink [4d35d2]

==============================================================================

Section Cross References

    startup_stm32g474xx.o(STACK) refers (Special) to heapauxi.o(.text) for __use_two_region_memory
    startup_stm32g474xx.o(HEAP) refers (Special) to heapauxi.o(.text) for __use_two_region_memory
    startup_stm32g474xx.o(RESET) refers (Special) to heapauxi.o(.text) for __use_two_region_memory
    startup_stm32g474xx.o(RESET) refers to startup_stm32g474xx.o(STACK) for __initial_sp
    startup_stm32g474xx.o(RESET) refers to startup_stm32g474xx.o(.text) for Reset_Handler
    startup_stm32g474xx.o(RESET) refers to stm32g4xx_it.o(i.NMI_Handler) for NMI_Handler
    startup_stm32g474xx.o(RESET) refers to stm32g4xx_it.o(i.HardFault_Handler) for HardFault_Handler
    startup_stm32g474xx.o(RESET) refers to stm32g4xx_it.o(i.MemManage_Handler) for MemManage_Handler
    startup_stm32g474xx.o(RESET) refers to stm32g4xx_it.o(i.BusFault_Handler) for BusFault_Handler
    startup_stm32g474xx.o(RESET) refers to stm32g4xx_it.o(i.UsageFault_Handler) for UsageFault_Handler
    startup_stm32g474xx.o(RESET) refers to stm32g4xx_it.o(i.SVC_Handler) for SVC_Handler
    startup_stm32g474xx.o(RESET) refers to stm32g4xx_it.o(i.DebugMon_Handler) for DebugMon_Handler
    startup_stm32g474xx.o(RESET) refers to stm32g4xx_it.o(i.PendSV_Handler) for PendSV_Handler
    startup_stm32g474xx.o(RESET) refers to stm32g4xx_it.o(i.SysTick_Handler) for SysTick_Handler
    startup_stm32g474xx.o(RESET) refers to stm32g4xx_it.o(i.DMA1_Channel1_IRQHandler) for DMA1_Channel1_IRQHandler
    startup_stm32g474xx.o(RESET) refers to stm32g4xx_it.o(i.ADC1_2_IRQHandler) for ADC1_2_IRQHandler
    startup_stm32g474xx.o(RESET) refers to stm32g4xx_it.o(i.FDCAN1_IT0_IRQHandler) for FDCAN1_IT0_IRQHandler
    startup_stm32g474xx.o(RESET) refers to stm32g4xx_it.o(i.TIM1_BRK_TIM15_IRQHandler) for TIM1_BRK_TIM15_IRQHandler
    startup_stm32g474xx.o(RESET) refers to stm32g4xx_it.o(i.TIM1_UP_TIM16_IRQHandler) for TIM1_UP_TIM16_IRQHandler
    startup_stm32g474xx.o(RESET) refers to stm32g4xx_it.o(i.TIM2_IRQHandler) for TIM2_IRQHandler
    startup_stm32g474xx.o(RESET) refers to stm32g4xx_it.o(i.TIM3_IRQHandler) for TIM3_IRQHandler
    startup_stm32g474xx.o(RESET) refers to stm32g4xx_it.o(i.SPI1_IRQHandler) for SPI1_IRQHandler
    startup_stm32g474xx.o(RESET) refers to stm32g4xx_it.o(i.DMA2_Channel1_IRQHandler) for DMA2_Channel1_IRQHandler
    startup_stm32g474xx.o(RESET) refers to stm32g4xx_it.o(i.DMA2_Channel2_IRQHandler) for DMA2_Channel2_IRQHandler
    startup_stm32g474xx.o(.text) refers (Special) to heapauxi.o(.text) for __use_two_region_memory
    startup_stm32g474xx.o(.text) refers to system_stm32g4xx.o(i.SystemInit) for SystemInit
    startup_stm32g474xx.o(.text) refers to __main.o(!!!main) for __main
    startup_stm32g474xx.o(.text) refers to startup_stm32g474xx.o(HEAP) for Heap_Mem
    startup_stm32g474xx.o(.text) refers to startup_stm32g474xx.o(STACK) for Stack_Mem
    main.o(i.HAL_TIM_PeriodElapsedCallback) refers to foc_control.o(i.FOC_Main_Loop_L_Freq) for FOC_Main_Loop_L_Freq
    main.o(i.HAL_TIM_PeriodElapsedCallback) refers to foc_error.o(i.Error_Main_Loop) for Error_Main_Loop
    main.o(i.HAL_TIM_PeriodElapsedCallback) refers to stm32g4xx_hal.o(i.HAL_IncTick) for HAL_IncTick
    main.o(i.HAL_TIM_PeriodElapsedCallback) refers to main.o(.data) for .data
    main.o(i.HAL_TIM_PeriodElapsedCallback) refers to foc_control.o(.bss) for Motor_Run
    main.o(i.SystemClock_Config) refers to rt_memclr_w.o(.text) for __aeabi_memclr4
    main.o(i.SystemClock_Config) refers to stm32g4xx_hal_pwr_ex.o(i.HAL_PWREx_ControlVoltageScaling) for HAL_PWREx_ControlVoltageScaling
    main.o(i.SystemClock_Config) refers to stm32g4xx_hal_rcc.o(i.HAL_RCC_OscConfig) for HAL_RCC_OscConfig
    main.o(i.SystemClock_Config) refers to stm32g4xx_hal_rcc.o(i.HAL_RCC_ClockConfig) for HAL_RCC_ClockConfig
    main.o(i.main) refers to stm32g4xx_hal.o(i.HAL_Init) for HAL_Init
    main.o(i.main) refers to main.o(i.SystemClock_Config) for SystemClock_Config
    main.o(i.main) refers to gpio.o(i.MX_GPIO_Init) for MX_GPIO_Init
    main.o(i.main) refers to dma.o(i.MX_DMA_Init) for MX_DMA_Init
    main.o(i.main) refers to tim.o(i.MX_TIM3_Init) for MX_TIM3_Init
    main.o(i.main) refers to adc.o(i.MX_ADC1_Init) for MX_ADC1_Init
    main.o(i.main) refers to spi.o(i.MX_SPI1_Init) for MX_SPI1_Init
    main.o(i.main) refers to fdcan.o(i.MX_FDCAN1_Init) for MX_FDCAN1_Init
    main.o(i.main) refers to tim.o(i.MX_TIM1_Init) for MX_TIM1_Init
    main.o(i.main) refers to foc_control.o(i.FOC_Main_Init) for FOC_Main_Init
    gpio.o(i.MX_GPIO_Init) refers to rt_memclr_w.o(.text) for __aeabi_memclr4
    gpio.o(i.MX_GPIO_Init) refers to stm32g4xx_hal_gpio.o(i.HAL_GPIO_WritePin) for HAL_GPIO_WritePin
    gpio.o(i.MX_GPIO_Init) refers to stm32g4xx_hal_gpio.o(i.HAL_GPIO_Init) for HAL_GPIO_Init
[...]
    __scatterload_copy                       0x08000215   Thumb Code    26  __scatter_copy.o(!!handler_copy)
    __scatterload_zeroinit                   0x08000231   Thumb Code    28  __scatter_zi.o(!!handler_zi)
    __rt_lib_init                            0x0800024d   Thumb Code     0  libinit.o(.ARM.Collect$$libinit$$00000000)
    __rt_lib_init_fp_1                       0x0800024f   Thumb Code     0  libinit2.o(.ARM.Collect$$libinit$$00000001)
    __rt_lib_init_alloca_1                   0x08000253   Thumb Code     0  libinit2.o(.ARM.Collect$$libinit$$0000002E)
    __rt_lib_init_argv_1                     0x08000253   Thumb Code     0  libinit2.o(.ARM.Collect$$libinit$$0000002C)
    __rt_lib_init_atexit_1                   0x08000253   Thumb Code     0  libinit2.o(.ARM.Collect$$libinit$$0000001B)
    __rt_lib_init_clock_1                    0x08000253   Thumb Code     0  libinit2.o(.ARM.Collect$$libinit$$00000021)
    __rt_lib_init_cpp_1                      0x08000253   Thumb Code     0  libinit2.o(.ARM.Collect$$libinit$$00000032)
    __rt_lib_init_exceptions_1               0x08000253   Thumb Code     0  libinit2.o(.ARM.Collect$$libinit$$00000030)
    __rt_lib_init_fp_trap_1                  0x08000253   Thumb Code     0  libinit2.o(.ARM.Collect$$libinit$$0000001F)
    __rt_lib_init_getenv_1                   0x08000253   Thumb Code     0  libinit2.o(.ARM.Collect$$libinit$$00000023)
    __rt_lib_init_heap_1                     0x08000253   Thumb Code     0  libinit2.o(.ARM.Collect$$libinit$$0000000A)
    __rt_lib_init_lc_collate_1               0x08000253   Thumb Code     0  libinit2.o(.ARM.Collect$$libinit$$00000011)
    __rt_lib_init_lc_ctype_1                 0x08000253   Thumb Code     0  libinit2.o(.ARM.Collect$$libinit$$00000013)
    __rt_lib_init_lc_monetary_1              0x08000253   Thumb Code     0  libinit2.o(.ARM.Collect$$libinit$$00000015)
    __rt_lib_init_lc_numeric_1               0x08000253   Thumb Code     0  libinit2.o(.ARM.Collect$$libinit$$00000017)
    __rt_lib_init_lc_time_1                  0x08000253   Thumb Code     0  libinit2.o(.ARM.Collect$$libinit$$00000019)
    __rt_lib_init_preinit_1                  0x08000253   Thumb Code     0  libinit2.o(.ARM.Collect$$libinit$$00000004)
    __rt_lib_init_rand_1                     0x08000253   Thumb Code     0  libinit2.o(.ARM.Collect$$libinit$$0000000E)
    __rt_lib_init_return                     0x08000253   Thumb Code     0  libinit2.o(.ARM.Collect$$libinit$$00000033)
    __rt_lib_init_signal_1                   0x08000253   Thumb Code     0  libinit2.o(.ARM.Collect$$libinit$$0000001D)
    __rt_lib_init_stdio_1                    0x08000253   Thumb Code     0  libinit2.o(.ARM.Collect$$libinit$$00000025)
    __rt_lib_init_user_alloc_1               0x08000253   Thumb Code     0  libinit2.o(.ARM.Collect$$libinit$$0000000C)
    __rt_lib_shutdown                        0x08000255   Thumb Code     0  libshutdown.o(.ARM.Collect$$libshutdown$$00000000)
    __rt_lib_shutdown_cpp_1                  0x08000257   Thumb Code     0  libshutdown2.o(.ARM.Collect$$libshutdown$$00000002)
    __rt_lib_shutdown_fp_trap_1              0x08000257   Thumb Code     0  libshutdown2.o(.ARM.Collect$$libshutdown$$00000007)
    __rt_lib_shutdown_heap_1                 0x08000257   Thumb Code     0  libshutdown2.o(.ARM.Collect$$libshutdown$$0000000F)
    __rt_lib_shutdown_return                 0x08000257   Thumb Code     0  libshutdown2.o(.ARM.Collect$$libshutdown$$00000010)
    __rt_lib_shutdown_signal_1               0x08000257   Thumb Code     0  libshutdown2.o(.ARM.Collect$$libshutdown$$0000000A)
    __rt_lib_shutdown_stdio_1                0x08000257   Thumb Code     0  libshutdown2.o(.ARM.Collect$$libshutdown$$00000004)
    __rt_lib_shutdown_user_alloc_1           0x08000257   Thumb Code     0  libshutdown2.o(.ARM.Collect$$libshutdown$$0000000C)
    __rt_entry                               0x08000259   Thumb Code     0  __rtentry.o(.ARM.Collect$$rtentry$$00000000)
    __rt_entry_presh_1                       0x08000259   Thumb Code     0  __rtentry2.o(.ARM.Collect$$rtentry$$00000002)
    __rt_entry_sh                            0x08000259   Thumb Code     0  __rtentry4.o(.ARM.Collect$$rtentry$$00000004)
    __rt_entry_li                            0x0800025f   Thumb Code     0  __rtentry2.o(.ARM.Collect$$rtentry$$0000000A)
    __rt_entry_postsh_1                      0x0800025f   Thumb Code     0  __rtentry2.o(.ARM.Collect$$rtentry$$00000009)
    __rt_entry_main                          0x08000263   Thumb Code     0  __rtentry2.o(.ARM.Collect$$rtentry$$0000000D)
    __rt_entry_postli_1                      0x08000263   Thumb Code     0  __rtentry2.o(.ARM.Collect$$rtentry$$0000000C)
    __rt_exit                                0x0800026b   Thumb Code     0  rtexit.o(.ARM.Collect$$rtexit$$00000000)
    __rt_exit_ls                             0x0800026d   Thumb Code     0  rtexit2.o(.ARM.Collect$$rtexit$$00000003)
    __rt_exit_prels_1                        0x0800026d   Thumb Code     0  rtexit2.o(.ARM.Collect$$rtexit$$00000002)
    __rt_exit_exit                           0x08000271   Thumb Code     0  rtexit2.o(.ARM.Collect$$rtexit$$00000004)
    Reset_Handler                            0x08000279   Thumb Code     8  startup_stm32g474xx.o(.text)
    ADC3_IRQHandler                          0x08000293   Thumb Code     0  startup_stm32g474xx.o(.text)
    ADC4_IRQHandler                          0x08000293   Thumb Code     0  startup_stm32g474xx.o(.text)
    ADC5_IRQHandler                          0x08000293   Thumb Code     0  startup_stm32g474xx.o(.text)
    COMP1_2_3_IRQHandler                     0x08000293   Thumb Code     0  startup_stm32g474xx.o(.text)
    COMP4_5_6_IRQHandler                     0x08000293   Thumb Code     0  startup_stm32g474xx.o(.text)
    COMP7_IRQHandler                         0x08000293   Thumb Code     0  startup_stm32g474xx.o(.text)
    CORDIC_IRQHandler                        0x08000293   Thumb Code     0  startup_stm32g474xx.o(.text)
    CRS_IRQHandler                           0x08000293   Thumb Code     0  startup_stm32g474xx.o(.text)
    DMA1_Channel2_IRQHandler                 0x08000293   Thumb Code     0  startup_stm32g474xx.o(.text)
    DMA1_Channel3_IRQHandler                 0x08000293   Thumb Code     0  startup_stm32g474xx.o(.text)
    DMA1_Channel4_IRQHandler                 0x08000293   Thumb Code     0  startup_stm32g474xx.o(.text)
    DMA1_Channel5_IRQHandler                 0x08000293   Thumb Code     0  startup_stm32g474xx.o(.text)
    DMA1_Channel6_IRQHandler                 0x08000293   Thumb Code     0  startup_stm32g474xx.o(.text)
    DMA1_Channel7_IRQHandler                 0x08000293   Thumb Code     0  startup_stm32g474xx.o(.text)
    DMA1_Channel8_IRQHandler                 0x08000293   Thumb Code     0  startup_stm32g474xx.o(.text)
    DMA2_Channel3_IRQHandler                 0x08000293   Thumb Code     0  startup_stm32g474xx.o(.text)
    DMA2_Channel4_IRQHandler                 0x08000293   Thumb Code     0  startup_stm32g474xx.o(.text)
    DMA2_Channel5_IRQHandler                 0x08000293   Thumb Code     0  startup_stm32g474xx.o(.text)
    DMA2_Channel6_IRQHandler                 0x08000293   Thumb Code     0  startup_stm32g474xx.o(.text)
    DMA2_Channel7_IRQHandler                 0x08000293   Thumb Code     0  startup_stm32g474xx.o(.text)
    DMA2_Channel8_IRQHandler                 0x08000293   Thumb Code     0  startup_stm32g474xx.o(.text)
    DMAMUX_OVR_IRQHandler                    0x08000293   Thumb Code     0  startup_stm32g474xx.o(.text)
    EXTI0_IRQHandler                         0x08000293   Thumb Code     0  startup_stm32g474xx.o(.text)
    EXTI15_10_IRQHandler                     0x08000293   Thumb Code     0  startup_stm32g474xx.o(.text)
    EXTI1_IRQHandler                         0x08000293   Thumb Code     0  startup_stm32g474xx.o(.text)
    EXTI2_IRQHandler                         0x08000293   Thumb Code     0  startup_stm32g474xx.o(.text)
    EXTI3_IRQHandler                         0x08000293   Thumb Code     0  startup_stm32g474xx.o(.text)
    EXTI4_IRQHandler                         0x08000293   Thumb Code     0  startup_stm32g474xx.o(.text)
    EXTI9_5_IRQHandler                       0x08000293   Thumb Code     0  startup_stm32g474xx.o(.text)
    FDCAN1_IT1_IRQHandler                    0x08000293   Thumb Code     0  startup_stm32g474xx.o(.text)
    FDCAN2_IT0_IRQHandler                    0x08000293   Thumb Code     0  startup_stm32g474xx.o(.text)
    FDCAN2_IT1_IRQHandler                    0x08000293   Thumb Code     0  startup_stm32g474xx.o(.text)
    FDCAN3_IT0_IRQHandler                    0x08000293   Thumb Code     0  startup_stm32g474xx.o(.text)
    FDCAN3_IT1_IRQHandler                    0x08000293   Thumb Code     0  startup_stm32g474xx.o(.text)
    FLASH_IRQHandler                         0x08000293   Thumb Code     0  startup_stm32g474xx.o(.text)
    FMAC_IRQHandler                          0x08000293   Thumb Code     0  startup_stm32g474xx.o(.text)
    FMC_IRQHandler                           0x08000293   Thumb Code     0  startup_stm32g474xx.o(.text)
    FPU_IRQHandler                           0x08000293   Thumb Code     0  startup_stm32g474xx.o(.text)
    HRTIM1_FLT_IRQHandler                    0x08000293   Thumb Code     0  startup_stm32g474xx.o(.text)
    HRTIM1_Master_IRQHandler                 0x08000293   Thumb Code     0  startup_stm32g474xx.o(.text)
    HRTIM1_TIMA_IRQHandler                   0x08000293   Thumb Code     0  startup_stm32g474xx.o(.text)
    HRTIM1_TIMB_IRQHandler                   0x08000293   Thumb Code     0  startup_stm32g474xx.o(.text)
    HRTIM1_TIMC_IRQHandler                   0x08000293   Thumb Code     0  startup_stm32g474xx.o(.text)
    HRTIM1_TIMD_IRQHandler                   0x08000293   Thumb Code     0  startup_stm32g474xx.o(.text)
    HRTIM1_TIME_IRQHandler                   0x08000293   Thumb Code     0  startup_stm32g474xx.o(.text)
    HRTIM1_TIMF_IRQHandler                   0x08000293   Thumb Code     0  startup_stm32g474xx.o(.text)
    I2C1_ER_IRQHandler                       0x08000293   Thumb Code     0  startup_stm32g474xx.o(.text)
    I2C1_EV_IRQHandler                       0x08000293   Thumb Code     0  startup_stm32g474xx.o(.text)
    I2C2_ER_IRQHandler                       0x08000293   Thumb Code     0  startup_stm32g474xx.o(.text)
    I2C2_EV_IRQHandler                       0x08000293   Thumb Code     0  startup_stm32g474xx.o(.text)
    I2C3_ER_IRQHandler                       0x08000293   Thumb Code     0  startup_stm32g474xx.o(.text)
    I2C3_EV_IRQHandler                       0x08000293   Thumb Code     0  startup_stm32g474xx.o(.text)
    I2C4_ER_IRQHandler                       0x08000293   Thumb Code     0  startup_stm32g474xx.o(.text)
    I2C4_EV_IRQHandler                       0x08000293   Thumb Code     0  startup_stm32g474xx.o(.text)
    LPTIM1_IRQHandler                        0x08000293   Thumb Code     0  startup_stm32g474xx.o(.text)
    LPUART1_IRQHandler                       0x08000293   Thumb Code     0  startup_stm32g474xx.o(.text)
    PVD_PVM_IRQHandler                       0x08000293   Thumb Code     0  startup_stm32g474xx.o(.text)
    QUADSPI_IRQHandler                       0x08000293   Thumb Code     0  startup_stm32g474xx.o(.text)
    RCC_IRQHandler                           0x08000293   Thumb Code     0  startup_stm32g474xx.o(.text)
    RNG_IRQHandler                           0x08000293   Thumb Code     0  startup_stm32g474xx.o(.text)
    RTC_Alarm_IRQHandler                     0x08000293   Thumb Code     0  startup_stm32g474xx.o(.text)
    RTC_TAMP_LSECSS_IRQHandler               0x08000293   Thumb Code     0  startup_stm32g474xx.o(.text)
    RTC_WKUP_IRQHandler                      0x08000293   Thumb Code     0  startup_stm32g474xx.o(.text)
    SAI1_IRQHandler                          0x08000293   Thumb Code     0  startup_stm32g474xx.o(.text)
    SPI2_IRQHandler                          0x08000293   Thumb Code     0  startup_stm32g474xx.o(.text)
    SPI3_IRQHandler                          0x08000293   Thumb Code     0  startup_stm32g474xx.o(.text)
    SPI4_IRQHandler                          0x08000293   Thumb Code     0  startup_stm32g474xx.o(.text)
    TIM1_CC_IRQHandler                       0x08000293   Thumb Code     0  startup_stm32g474xx.o(.text)
    TIM1_TRG_COM_TIM17_IRQHandler            0x08000293   Thumb Code     0  startup_stm32g474xx.o(.text)
    TIM20_BRK_IRQHandler                     0x08000293   Thumb Code     0  startup_stm32g474xx.o(.text)
    TIM20_CC_IRQHandler                      0x08000293   Thumb Code     0  startup_stm32g474xx.o(.text)
    TIM20_TRG_COM_IRQHandler                 0x08000293   Thumb Code     0  startup_stm32g474xx.o(.text)
    TIM20_UP_IRQHandler                      0x08000293   Thumb Code     0  startup_stm32g474xx.o(.text)
    TIM4_IRQHandler                          0x08000293   Thumb Code     0  startup_stm32g474xx.o(.text)
    TIM5_IRQHandler                          0x08000293   Thumb Code     0  startup_stm32g474xx.o(.text)
    TIM6_DAC_IRQHandler                      0x08000293   Thumb Code     0  startup_stm32g474xx.o(.text)
    TIM7_DAC_IRQHandler                      0x08000293   Thumb Code     0  startup_stm32g474xx.o(.text)
    TIM8_BRK_IRQHandler                      0x08000293   Thumb Code     0  startup_stm32g474xx.o(.text)
    TIM8_CC_IRQHandler                       0x08000293   Thumb Code     0  startup_stm32g474xx.o(.text)
    TIM8_TRG_COM_IRQHandler                  0x08000293   Thumb Code     0  startup_stm32g474xx.o(.text)
    TIM8_UP_IRQHandler                       0x08000293   Thumb Code     0  startup_stm32g474xx.o(.text)
    UART4_IRQHandler                         0x08000293   Thumb Code     0  startup_stm32g474xx.o(.text)
    UART5_IRQHandler                         0x08000293   Thumb Code     0  startup_stm32g474xx.o(.text)
    UCPD1_IRQHandler                         0x08000293   Thumb Code     0  startup_stm32g474xx.o(.text)
    USART1_IRQHandler                        0x08000293   Thumb Code     0  startup_stm32g474xx.o(.text)
    USART2_IRQHandler                        0x08000293   Thumb Code     0  startup_stm32g474xx.o(.text)
    USART3_IRQHandler                        0x08000293   Thumb Code     0  startup_stm32g474xx.o(.text)
    USBWakeUp_IRQHandler                     0x08000293   Thumb Code     0  startup_stm32g474xx.o(.text)
    USB_HP_IRQHandler                        0x08000293   Thumb Code     0  startup_stm32g474xx.o(.text)
    USB_LP_IRQHandler                        0x08000293   Thumb Code     0  startup_stm32g474xx.o(.text)
    WWDG_IRQHandler                          0x08000293   Thumb Code     0  startup_stm32g474xx.o(.text)
    __user_initial_stackheap                 0x08000295   Thumb Code     0  startup_stm32g474xx.o(.text)
    arm_cos_f32                              0x080002b9   Thumb Code   108  arm_cos_f32.o(.text)
    arm_sin_f32                              0x08000331   Thumb Code   130  arm_sin_f32.o(.text)
    __aeabi_uldivmod                         0x080003c5   Thumb Code     0  lludivv7m.o(.text)
    _ll_udiv                                 0x080003c5   Thumb Code   238  lludivv7m.o(.text)
    __aeabi_memcpy4                          0x080004b3   Thumb Code     0  rt_memcpy_w.o(.text)
    __aeabi_memcpy8                          0x080004b3   Thumb Code     0  rt_memcpy_w.o(.text)
    __rt_memcpy_w                            0x080004b3   Thumb Code   100  rt_memcpy_w.o(.text)
    _memcpy_lastbytes_aligned                0x080004fb   Thumb Code     0  rt_memcpy_w.o(.text)
    __aeabi_memclr4                          0x08000517   Thumb Code     0  rt_memclr_w.o(.text)
    __aeabi_memclr8                          0x08000517   Thumb Code     0  rt_memclr_w.o(.text)
    __rt_memclr_w                            0x08000517   Thumb Code    78  rt_memclr_w.o(.text)
    _memset_w                                0x0800051b   Thumb Code     0  rt_memclr_w.o(.text)
    __use_two_region_memory                  0x08000565   Thumb Code     2  heapauxi.o(.text)
    __rt_heap_escrow                         0x08000567   Thumb Code     2  heapauxi.o(.text)
    __rt_heap_expand                         0x08000569   Thumb Code     2  heapauxi.o(.text)
    __read_errno                             0x0800056b   Thumb Code    10  _rserrno.o(.text)
    __set_errno                              0x08000575   Thumb Code    12  _rserrno.o(.text)
    __user_libspace                          0x08000581   Thumb Code     8  libspace.o(.text)
    __user_perproc_libspace                  0x08000581   Thumb Code     0  libspace.o(.text)
    __user_perthread_libspace                0x08000581   Thumb Code     0  libspace.o(.text)
    __aeabi_errno_addr                       0x08000589   Thumb Code     8  rt_errno_addr_intlibspace.o(.text)
    __errno$intlibspace                      0x08000589   Thumb Code     0  rt_errno_addr_intlibspace.o(.text)
    __rt_errno_addr$intlibspace              0x08000589   Thumb Code     0  rt_errno_addr_intlibspace.o(.text)
    _fp_trap                                 0x08000591   Thumb Code    44  _fptrap.o(.text)
    __I$use$semihosting                      0x080005c1   Thumb Code     0  use_no_semi.o(.text)
    __use_no_semihosting_swi                 0x080005c1   Thumb Code     2  use_no_semi.o(.text)
    __semihosting_library_function           0x080005c3   Thumb Code     0  indicate_semi.o(.text)
    __user_setup_stackheap                   0x080005c3   Thumb Code    74  sys_stackheap_outer.o(.text)
    exit                                     0x0800060d   Thumb Code    18  exit.o(.text)
    __sig_exit                               0x0800061f   Thumb Code    10  defsig_exit.o(.text)
    __rt_SIGFPE                              0x08000629   Thumb Code    14  defsig_fpe_outer.o(.text)
    _sys_exit                                0x08000639   Thumb Code     8  sys_exit.o(.text)
    __default_signal_display                 0x08000645   Thumb Code    50  defsig_general.o(.text)
    __rt_SIGFPE_inner                        0x08000679   Thumb Code    62  defsig_fpe_inner.o(.text)
    _ttywrch                                 0x08000725   Thumb Code    14  sys_wrch.o(.text)
    ADC1_2_IRQHandler                        0x08000735   Thumb Code     6  stm32g4xx_it.o(i.ADC1_2_IRQHandler)
    ADC_DMAConvCplt                          0x08000741   Thumb Code   104  stm32g4xx_hal_adc.o(i.ADC_DMAConvCplt)
    ADC_DMAError                             0x080007a9   Thumb Code    26  stm32g4xx_hal_adc.o(i.ADC_DMAError)
    ADC_DMAHalfConvCplt                      0x080007c3   Thumb Code    10  stm32g4xx_hal_adc.o(i.ADC_DMAHalfConvCplt)
    ADC_Disable                              0x080007cd   Thumb Code   106  stm32g4xx_hal_adc.o(i.ADC_Disable)
    ADC_Enable                               0x0800083d   Thumb Code   172  stm32g4xx_hal_adc.o(i.ADC_Enable)
    ADC_Struct_Init                          0x08000901   Thumb Code    38  util_adc.o(i.ADC_Struct_Init)
    Adc_Init                                 0x0800092d   Thumb Code    96  util_adc.o(i.Adc_Init)
    Adc_Injected_Val_Decode                  0x0800099d   Thumb Code    98  util_adc.o(i.Adc_Injected_Val_Decode)
    Adc_Val_Decode                           0x08000a0d   Thumb Code   120  util_adc.o(i.Adc_Val_Decode)
    BusFault_Handler                         0x08000a99   Thumb Code     2  stm32g4xx_it.o(i.BusFault_Handler)
    CALC_SVPWM                               0x08000a9d   Thumb Code   442  foc_control.o(i.CALC_SVPWM)
    CALC_SVPWM_Init                          0x08000c79   Thumb Code    46  foc_control.o(i.CALC_SVPWM_Init)
    CAL_Pin_Align                            0x08000cb1   Thumb Code    34  drv8323_util.o(i.CAL_Pin_Align)
    Clarke_transform                         0x08000cd9   Thumb Code    22  foc_control.o(i.Clarke_transform)
    DMA1_Channel1_IRQHandler                 0x08000cf5   Thumb Code     6  stm32g4xx_it.o(i.DMA1_Channel1_IRQHandler)
    DMA2_Channel1_IRQHandler                 0x08000d01   Thumb Code     6  stm32g4xx_it.o(i.DMA2_Channel1_IRQHandler)
    DMA2_Channel2_IRQHandler                 0x08000d0d   Thumb Code     6  stm32g4xx_it.o(i.DMA2_Channel2_IRQHandler)
    DRV8323_Enable                           0x08000dbd   Thumb Code    22  drv8323_util.o(i.DRV8323_Enable)
    DRV8323_Init                             0x08000dd9   Thumb Code    14  drv8323_util.o(i.DRV8323_Init)
    DWT_CNT_Update                           0x08000de9   Thumb Code    46  sys_dwt.o(i.DWT_CNT_Update)
    DWT_Delayms                              0x08000e25   Thumb Code    42  sys_dwt.o(i.DWT_Delayms)
    DWT_GetTimeline_us                       0x08000e59   Thumb Code    36  sys_dwt.o(i.DWT_GetTimeline_us)
    DWT_Init                                 0x08000e85   Thumb Code    60  sys_dwt.o(i.DWT_Init)
    DWT_SysTimeUpdate                        0x08000ed1   Thumb Code   140  sys_dwt.o(i.DWT_SysTimeUpdate)
    DebugMon_Handler                         0x08000f65   Thumb Code     2  stm32g4xx_it.o(i.DebugMon_Handler)
    Encoder_Read_Reg                         0x08000f69   Thumb Code    62  mt6825_spi.o(i.Encoder_Read_Reg)
    Encoder_SPI_Data_Process                 0x08000fb1   Thumb Code   278  mt6825_spi.o(i.Encoder_SPI_Data_Process)
    Encoder_SPI_Get_Angle                    0x080010ed   Thumb Code    26  mt6825_spi.o(i.Encoder_SPI_Get_Angle)
    Encoder_SPI_Get_Angular_Speed            0x0800110d   Thumb Code     6  mt6825_spi.o(i.Encoder_SPI_Get_Angular_Speed)
    Encoder_SPI_Init                         0x08001115   Thumb Code   110  mt6825_spi.o(i.Encoder_SPI_Init)
    Error_Handler                            0x08001189   Thumb Code     4  main.o(i.Error_Handler)
    Error_Main_Loop                          0x0800118d   Thumb Code   204  foc_error.o(i.Error_Main_Loop)
    Error_Struct_Init                        0x0800127d   Thumb Code    18  foc_error.o(i.Error_Struct_Init)
    FDCAN1_IT0_IRQHandler                    0x08001291   Thumb Code     6  stm32g4xx_it.o(i.FDCAN1_IT0_IRQHandler)
    FDCAN_ErrorHandler                       0x08001301   Thumb Code     2  util_fdcan.o(i.FDCAN_ErrorHandler)
    FDCAN_InitTxHander                       0x08001303   Thumb Code    40  util_fdcan.o(i.FDCAN_InitTxHander)
    FDCAN_IntFilterAndStart                  0x0800132d   Thumb Code   116  foc_comm.o(i.FDCAN_IntFilterAndStart)
    FDCAN_SendMessageWithBaudSwitch          0x080013a5   Thumb Code    50  util_fdcan.o(i.FDCAN_SendMessageWithBaudSwitch)
    FOC_Comm_Handler                         0x080013dd   Thumb Code   112  foc_comm.o(i.FOC_Comm_Handler)
    FOC_Comm_TxData_Encoder                  0x08001459   Thumb Code   100  foc_comm.o(i.FOC_Comm_TxData_Encoder)
    FOC_ElecTheta_Calc                       0x080014c5   Thumb Code    64  foc_control.o(i.FOC_ElecTheta_Calc)
    FOC_Main_Init                            0x08001511   Thumb Code   176  foc_control.o(i.FOC_Main_Init)
    FOC_Main_Loop_H_Freq                     0x080015ed   Thumb Code   526  foc_control.o(i.FOC_Main_Loop_H_Freq)
    FOC_Main_Loop_L_Freq                     0x0800184d   Thumb Code   458  foc_control.o(i.FOC_Main_Loop_L_Freq)
    FOC_PID_Init                             0x08001a29   Thumb Code   282  foc_control.o(i.FOC_PID_Init)
    FOC_Struct_Init                          0x08001b85   Thumb Code   112  foc_control.o(i.FOC_Struct_Init)
    FOC_Theta_Calc                           0x08001c05   Thumb Code    48  foc_control.o(i.FOC_Theta_Calc)
    Filter_Lowpass                           0x08001c41   Thumb Code   178  lib_filter.o(i.Filter_Lowpass)
    Filter_Lowpass_Init                      0x08001d01   Thumb Code    14  lib_filter.o(i.Filter_Lowpass_Init)
    Get_ADC_Value                            0x08001d15   Thumb Code    10  util_adc.o(i.Get_ADC_Value)
    HAL_ADCEx_Calibration_Start              0x08001d29   Thumb Code   138  stm32g4xx_hal_adc_ex.o(i.HAL_ADCEx_Calibration_Start)
    HAL_ADCEx_EndOfSamplingCallback          0x08001dbd   Thumb Code     2  stm32g4xx_hal_adc_ex.o(i.HAL_ADCEx_EndOfSamplingCallback)
    HAL_ADCEx_InjectedConfigChannel          0x08001dc1   Thumb Code  1324  stm32g4xx_hal_adc_ex.o(i.HAL_ADCEx_InjectedConfigChannel)
    HAL_ADCEx_InjectedConvCpltCallback       0x08002321   Thumb Code    50  util_adc.o(i.HAL_ADCEx_InjectedConvCpltCallback)
    HAL_ADCEx_InjectedGetValue               0x0800235d   Thumb Code    46  stm32g4xx_hal_adc_ex.o(i.HAL_ADCEx_InjectedGetValue)
    HAL_ADCEx_InjectedQueueOverflowCallback  0x0800238b   Thumb Code     2  stm32g4xx_hal_adc_ex.o(i.HAL_ADCEx_InjectedQueueOverflowCallback)
    HAL_ADCEx_InjectedStart_IT               0x0800238d   Thumb Code   320  stm32g4xx_hal_adc_ex.o(i.HAL_ADCEx_InjectedStart_IT)
    HAL_ADCEx_LevelOutOfWindow2Callback      0x080024e5   Thumb Code     2  stm32g4xx_hal_adc_ex.o(i.HAL_ADCEx_LevelOutOfWindow2Callback)
    HAL_ADCEx_LevelOutOfWindow3Callback      0x080024e7   Thumb Code     2  stm32g4xx_hal_adc_ex.o(i.HAL_ADCEx_LevelOutOfWindow3Callback)
    HAL_ADCEx_MultiModeConfigChannel         0x080024e9   Thumb Code   326  stm32g4xx_hal_adc_ex.o(i.HAL_ADCEx_MultiModeConfigChannel)
    HAL_ADC_ConfigChannel                    0x08002649   Thumb Code  1066  stm32g4xx_hal_adc.o(i.HAL_ADC_ConfigChannel)
    HAL_ADC_ConvCpltCallback                 0x08002ab5   Thumb Code     2  stm32g4xx_hal_adc.o(i.HAL_ADC_ConvCpltCallback)
    HAL_ADC_ConvHalfCpltCallback             0x08002ab7   Thumb Code     2  stm32g4xx_hal_adc.o(i.HAL_ADC_ConvHalfCpltCallback)
    HAL_ADC_ErrorCallback                    0x08002ab9   Thumb Code     2  stm32g4xx_hal_adc.o(i.HAL_ADC_ErrorCallback)
    HAL_ADC_IRQHandler                       0x08002abd   Thumb Code   674  stm32g4xx_hal_adc.o(i.HAL_ADC_IRQHandler)
    HAL_ADC_Init                             0x08002d75   Thumb Code   510  stm32g4xx_hal_adc.o(i.HAL_ADC_Init)
    HAL_ADC_LevelOutOfWindowCallback         0x08002fa5   Thumb Code     2  stm32g4xx_hal_adc.o(i.HAL_ADC_LevelOutOfWindowCallback)
    HAL_ADC_MspInit                          0x08002fa9   Thumb Code   208  adc.o(i.HAL_ADC_MspInit)
    HAL_ADC_Start_DMA                        0x08003089   Thumb Code   260  stm32g4xx_hal_adc.o(i.HAL_ADC_Start_DMA)
    HAL_DMA_Abort_IT                         0x080031b5   Thumb Code   120  stm32g4xx_hal_dma.o(i.HAL_DMA_Abort_IT)
    HAL_DMA_IRQHandler                       0x0800322d   Thumb Code   186  stm32g4xx_hal_dma.o(i.HAL_DMA_IRQHandler)
    HAL_DMA_Init                             0x080032e9   Thumb Code   178  stm32g4xx_hal_dma.o(i.HAL_DMA_Init)
    HAL_DMA_Start_IT                         0x080033a9   Thumb Code   140  stm32g4xx_hal_dma.o(i.HAL_DMA_Start_IT)
    HAL_Delay                                0x08003435   Thumb Code    32  stm32g4xx_hal.o(i.HAL_Delay)
    HAL_FDCAN_ActivateNotification           0x08003459   Thumb Code   224  stm32g4xx_hal_fdcan.o(i.HAL_FDCAN_ActivateNotification)
    HAL_FDCAN_AddMessageToTxFifoQ            0x08003539   Thumb Code    74  stm32g4xx_hal_fdcan.o(i.HAL_FDCAN_AddMessageToTxFifoQ)
    HAL_FDCAN_ConfigFilter                   0x08003583   Thumb Code    92  stm32g4xx_hal_fdcan.o(i.HAL_FDCAN_ConfigFilter)
    HAL_FDCAN_ConfigGlobalFilter             0x080035df   Thumb Code    54  stm32g4xx_hal_fdcan.o(i.HAL_FDCAN_ConfigGlobalFilter)
    HAL_FDCAN_ErrorCallback                  0x08003615   Thumb Code     2  stm32g4xx_hal_fdcan.o(i.HAL_FDCAN_ErrorCallback)
    HAL_FDCAN_ErrorStatusCallback            0x08003617   Thumb Code     2  stm32g4xx_hal_fdcan.o(i.HAL_FDCAN_ErrorStatusCallback)
    HAL_FDCAN_GetRxMessage                   0x08003619   Thumb Code   270  stm32g4xx_hal_fdcan.o(i.HAL_FDCAN_GetRxMessage)
    HAL_FDCAN_HighPriorityMessageCallback    0x0800372d   Thumb Code     2  stm32g4xx_hal_fdcan.o(i.HAL_FDCAN_HighPriorityMessageCallback)
    HAL_FDCAN_IRQHandler                     0x0800372f   Thumb Code   356  stm32g4xx_hal_fdcan.o(i.HAL_FDCAN_IRQHandler)
    HAL_FDCAN_Init                           0x08003895   Thumb Code   512  stm32g4xx_hal_fdcan.o(i.HAL_FDCAN_Init)
    HAL_FDCAN_MspInit                        0x08003aad   Thumb Code   132  fdcan.o(i.HAL_FDCAN_MspInit)
    HAL_FDCAN_RxFifo0Callback                0x08003b39   Thumb Code    82  foc_comm.o(i.HAL_FDCAN_RxFifo0Callback)
    HAL_FDCAN_RxFifo1Callback                0x08003b95   Thumb Code     2  stm32g4xx_hal_fdcan.o(i.HAL_FDCAN_RxFifo1Callback)
    HAL_FDCAN_Start                          0x08003b97   Thumb Code    44  stm32g4xx_hal_fdcan.o(i.HAL_FDCAN_Start)
    HAL_FDCAN_TimeoutOccurredCallback        0x08003bc3   Thumb Code     2  stm32g4xx_hal_fdcan.o(i.HAL_FDCAN_TimeoutOccurredCallback)
    HAL_FDCAN_TimestampWraparoundCallback    0x08003bc5   Thumb Code     2  stm32g4xx_hal_fdcan.o(i.HAL_FDCAN_TimestampWraparoundCallback)
    HAL_FDCAN_TxBufferAbortCallback          0x08003bc7   Thumb Code     2  stm32g4xx_hal_fdcan.o(i.HAL_FDCAN_TxBufferAbortCallback)
    HAL_FDCAN_TxBufferCompleteCallback       0x08003bc9   Thumb Code     2  stm32g4xx_hal_fdcan.o(i.HAL_FDCAN_TxBufferCompleteCallback)
    HAL_FDCAN_TxEventFifoCallback            0x08003bcb   Thumb Code     2  stm32g4xx_hal_fdcan.o(i.HAL_FDCAN_TxEventFifoCallback)
    HAL_FDCAN_TxFifoEmptyCallback            0x08003bcd   Thumb Code     2  stm32g4xx_hal_fdcan.o(i.HAL_FDCAN_TxFifoEmptyCallback)
    HAL_GPIO_Init                            0x08003bd1   Thumb Code   550  stm32g4xx_hal_gpio.o(i.HAL_GPIO_Init)
    HAL_GPIO_ReadPin                         0x08003e19   Thumb Code    10  stm32g4xx_hal_gpio.o(i.HAL_GPIO_ReadPin)
    HAL_GPIO_TogglePin                       0x08003e23   Thumb Code    16  stm32g4xx_hal_gpio.o(i.HAL_GPIO_TogglePin)
    HAL_GPIO_WritePin                        0x08003e33   Thumb Code    10  stm32g4xx_hal_gpio.o(i.HAL_GPIO_WritePin)
    HAL_GetTick                              0x08003e3d   Thumb Code     6  stm32g4xx_hal.o(i.HAL_GetTick)
    HAL_IncTick                              0x08003e49   Thumb Code    12  stm32g4xx_hal.o(i.HAL_IncTick)
    HAL_Init                                 0x08003e59   Thumb Code    30  stm32g4xx_hal.o(i.HAL_Init)
    HAL_InitTick                             0x08003e79   Thumb Code   118  stm32g4xx_hal_timebase_tim.o(i.HAL_InitTick)
    HAL_MspInit                              0x08003f01   Thumb Code    42  stm32g4xx_hal_msp.o(i.HAL_MspInit)
    HAL_NVIC_EnableIRQ                       0x08003f31   Thumb Code    26  stm32g4xx_hal_cortex.o(i.HAL_NVIC_EnableIRQ)
    HAL_NVIC_SetPriority                     0x08003f4d   Thumb Code    60  stm32g4xx_hal_cortex.o(i.HAL_NVIC_SetPriority)
    HAL_NVIC_SetPriorityGrouping             0x08003f8d   Thumb Code    26  stm32g4xx_hal_cortex.o(i.HAL_NVIC_SetPriorityGrouping)
    HAL_PWREx_ControlVoltageScaling          0x08003fb1   Thumb Code   174  stm32g4xx_hal_pwr_ex.o(i.HAL_PWREx_ControlVoltageScaling)
    HAL_PWREx_DisableUCPDDeadBattery         0x0800406d   Thumb Code    12  stm32g4xx_hal_pwr_ex.o(i.HAL_PWREx_DisableUCPDDeadBattery)
    HAL_RCCEx_PeriphCLKConfig                0x0800407d   Thumb Code   758  stm32g4xx_hal_rcc_ex.o(i.HAL_RCCEx_PeriphCLKConfig)
    HAL_RCC_ClockConfig                      0x0800437d   Thumb Code   444  stm32g4xx_hal_rcc.o(i.HAL_RCC_ClockConfig)
    HAL_RCC_GetClockConfig                   0x08004559   Thumb Code    54  stm32g4xx_hal_rcc.o(i.HAL_RCC_GetClockConfig)
    HAL_RCC_GetPCLK1Freq                     0x08004599   Thumb Code    24  stm32g4xx_hal_rcc.o(i.HAL_RCC_GetPCLK1Freq)
    HAL_RCC_GetSysClockFreq                  0x080045bd   Thumb Code    98  stm32g4xx_hal_rcc.o(i.HAL_RCC_GetSysClockFreq)
    HAL_RCC_OscConfig                        0x08004629   Thumb Code  1028  stm32g4xx_hal_rcc.o(i.HAL_RCC_OscConfig)
    HAL_SPI_ErrorCallback                    0x08004a2d   Thumb Code     2  stm32g4xx_hal_spi.o(i.HAL_SPI_ErrorCallback)
    HAL_SPI_IRQHandler                       0x08004a31   Thumb Code   246  stm32g4xx_hal_spi.o(i.HAL_SPI_IRQHandler)
    HAL_SPI_Init                             0x08004b2d   Thumb Code   234  stm32g4xx_hal_spi.o(i.HAL_SPI_Init)
    HAL_SPI_MspInit                          0x08004c19   Thumb Code   206  spi.o(i.HAL_SPI_MspInit)
    HAL_SPI_TransmitReceive                  0x08004cf9   Thumb Code   626  stm32g4xx_hal_spi.o(i.HAL_SPI_TransmitReceive)
    HAL_TIMEx_Break2Callback                 0x08004f6b   Thumb Code     2  stm32g4xx_hal_tim_ex.o(i.HAL_TIMEx_Break2Callback)
    HAL_TIMEx_BreakCallback                  0x08004f6d   Thumb Code     2  stm32g4xx_hal_tim_ex.o(i.HAL_TIMEx_BreakCallback)
    HAL_TIMEx_CommutCallback                 0x08004f6f   Thumb Code     2  stm32g4xx_hal_tim_ex.o(i.HAL_TIMEx_CommutCallback)
    HAL_TIMEx_ConfigBreakDeadTime            0x08004f71   Thumb Code   154  stm32g4xx_hal_tim_ex.o(i.HAL_TIMEx_ConfigBreakDeadTime)
    HAL_TIMEx_DirectionChangeCallback        0x08005019   Thumb Code     2  stm32g4xx_hal_tim_ex.o(i.HAL_TIMEx_DirectionChangeCallback)
    HAL_TIMEx_EnableDeadTimePreload          0x0800501b   Thumb Code    14  stm32g4xx_hal_tim_ex.o(i.HAL_TIMEx_EnableDeadTimePreload)
    HAL_TIMEx_EncoderIndexCallback           0x08005029   Thumb Code     2  stm32g4xx_hal_tim_ex.o(i.HAL_TIMEx_EncoderIndexCallback)
    HAL_TIMEx_IndexErrorCallback             0x0800502b   Thumb Code     2  stm32g4xx_hal_tim_ex.o(i.HAL_TIMEx_IndexErrorCallback)
    HAL_TIMEx_MasterConfigSynchronization    0x0800502d   Thumb Code   150  stm32g4xx_hal_tim_ex.o(i.HAL_TIMEx_MasterConfigSynchronization)
    HAL_TIMEx_PWMN_Start                     0x080050e5   Thumb Code   170  stm32g4xx_hal_tim_ex.o(i.HAL_TIMEx_PWMN_Start)
    HAL_TIMEx_TransitionErrorCallback        0x080051b1   Thumb Code     2  stm32g4xx_hal_tim_ex.o(i.HAL_TIMEx_TransitionErrorCallback)
    HAL_TIM_Base_Init                        0x080051b3   Thumb Code    98  stm32g4xx_hal_tim.o(i.HAL_TIM_Base_Init)
    HAL_TIM_Base_MspInit                     0x08005215   Thumb Code   102  tim.o(i.HAL_TIM_Base_MspInit)
    HAL_TIM_Base_Start                       0x08005289   Thumb Code    96  stm32g4xx_hal_tim.o(i.HAL_TIM_Base_Start)
    HAL_TIM_Base_Start_IT                    0x08005309   Thumb Code   106  stm32g4xx_hal_tim.o(i.HAL_TIM_Base_Start_IT)
    HAL_TIM_ConfigClockSource                0x08005395   Thumb Code   234  stm32g4xx_hal_tim.o(i.HAL_TIM_ConfigClockSource)
    HAL_TIM_IC_CaptureCallback               0x08005485   Thumb Code     2  stm32g4xx_hal_tim.o(i.HAL_TIM_IC_CaptureCallback)
    HAL_TIM_IRQHandler                       0x08005487   Thumb Code   418  stm32g4xx_hal_tim.o(i.HAL_TIM_IRQHandler)
    HAL_TIM_MspPostInit                      0x08005629   Thumb Code   136  tim.o(i.HAL_TIM_MspPostInit)
    HAL_TIM_OC_DelayElapsedCallback          0x080056bd   Thumb Code     2  stm32g4xx_hal_tim.o(i.HAL_TIM_OC_DelayElapsedCallback)
    HAL_TIM_PWM_ConfigChannel                0x080056bf   Thumb Code   292  stm32g4xx_hal_tim.o(i.HAL_TIM_PWM_ConfigChannel)
    HAL_TIM_PWM_Init                         0x080057e3   Thumb Code    98  stm32g4xx_hal_tim.o(i.HAL_TIM_PWM_Init)
    HAL_TIM_PWM_MspInit                      0x08005845   Thumb Code     2  stm32g4xx_hal_tim.o(i.HAL_TIM_PWM_MspInit)
    HAL_TIM_PWM_PulseFinishedCallback        0x08005847   Thumb Code     2  stm32g4xx_hal_tim.o(i.HAL_TIM_PWM_PulseFinishedCallback)
    HAL_TIM_PWM_Start                        0x08005849   Thumb Code   234  stm32g4xx_hal_tim.o(i.HAL_TIM_PWM_Start)
    HAL_TIM_PWM_Start_IT                     0x0800595d   Thumb Code   278  stm32g4xx_hal_tim.o(i.HAL_TIM_PWM_Start_IT)
    HAL_TIM_PeriodElapsedCallback            0x08005a9d   Thumb Code    82  main.o(i.HAL_TIM_PeriodElapsedCallback)
    HAL_TIM_TriggerCallback                  0x08005b01   Thumb Code     2  stm32g4xx_hal_tim.o(i.HAL_TIM_TriggerCallback)
    HardFault_Handler                        0x08005b03   Thumb Code     2  stm32g4xx_it.o(i.HardFault_Handler)
    Hz2PSC                                   0x08005b05   Thumb Code    30  init_music.o(i.Hz2PSC)
    Inv_Park_transform                       0x08005b2d   Thumb Code    84  foc_control.o(i.Inv_Park_transform)
    MX_ADC1_Init                             0x08005c25   Thumb Code   314  adc.o(i.MX_ADC1_Init)
    MX_DMA_Init                              0x08005d81   Thumb Code   104  dma.o(i.MX_DMA_Init)
    MX_FDCAN1_Init                           0x08005ded   Thumb Code    66  fdcan.o(i.MX_FDCAN1_Init)
    MX_GPIO_Init                             0x08005e39   Thumb Code   174  gpio.o(i.MX_GPIO_Init)
    MX_SPI1_Init                             0x08005ef1   Thumb Code    72  spi.o(i.MX_SPI1_Init)
    MX_TIM1_Init                             0x08005f41   Thumb Code   258  tim.o(i.MX_TIM1_Init)
    MX_TIM3_Init                             0x0800604d   Thumb Code   102  tim.o(i.MX_TIM3_Init)
    Math_Differential                        0x080060bd   Thumb Code    44  lib_math.o(i.Math_Differential)
    MemManage_Handler                        0x080060e9   Thumb Code     2  stm32g4xx_it.o(i.MemManage_Handler)
    Ms_Delay                                 0x080060eb   Thumb Code    12  init_music.o(i.Ms_Delay)
    NMI_Handler                              0x080060f7   Thumb Code     2  stm32g4xx_it.o(i.NMI_Handler)
    PID_Calc                                 0x080060f9   Thumb Code   644  alg_pid.o(i.PID_Calc)
    PID_Clear                                0x0800637d   Thumb Code    58  alg_pid.o(i.PID_Clear)
    PID_GetOutput                            0x080063bd   Thumb Code     6  alg_pid.o(i.PID_GetOutput)
    PID_Init                                 0x080063c3   Thumb Code    66  alg_pid.o(i.PID_Init)
    PID_SetFdb                               0x08006405   Thumb Code     6  alg_pid.o(i.PID_SetFdb)
    PID_SetRef                               0x0800640b   Thumb Code     6  alg_pid.o(i.PID_SetRef)
    Park_transform                           0x08006411   Thumb Code    84  foc_control.o(i.Park_transform)
    PendSV_Handler                           0x08006465   Thumb Code     2  stm32g4xx_it.o(i.PendSV_Handler)
    SPI1_IRQHandler                          0x08006469   Thumb Code     6  stm32g4xx_it.o(i.SPI1_IRQHandler)
    SVC_Handler                              0x08006669   Thumb Code     2  stm32g4xx_it.o(i.SVC_Handler)
    SlidingWindowFilter_Init                 0x0800666d   Thumb Code    58  alg_swf.o(i.SlidingWindowFilter_Init)
    SlidingWindowFilter_Update               0x080066ad   Thumb Code    62  alg_swf.o(i.SlidingWindowFilter_Update)
    SysTick_Handler                          0x080066eb   Thumb Code     2  stm32g4xx_it.o(i.SysTick_Handler)
    SystemClock_Config                       0x080066ed   Thumb Code   104  main.o(i.SystemClock_Config)
    SystemInit                               0x08006755   Thumb Code    12  system_stm32g4xx.o(i.SystemInit)
    TIM1_BRK_TIM15_IRQHandler                0x08006765   Thumb Code     6  stm32g4xx_it.o(i.TIM1_BRK_TIM15_IRQHandler)
    TIM1_UP_TIM16_IRQHandler                 0x08006771   Thumb Code     6  stm32g4xx_it.o(i.TIM1_UP_TIM16_IRQHandler)
    TIM2_IRQHandler                          0x0800677d   Thumb Code     6  stm32g4xx_it.o(i.TIM2_IRQHandler)
    TIM3_IRQHandler                          0x08006789   Thumb Code     6  stm32g4xx_it.o(i.TIM3_IRQHandler)
    TIM_Base_SetConfig                       0x08006795   Thumb Code   190  stm32g4xx_hal_tim.o(i.TIM_Base_SetConfig)
    TIM_CCxChannelCmd                        0x08006879   Thumb Code    26  stm32g4xx_hal_tim.o(i.TIM_CCxChannelCmd)
    TIM_ETR_SetConfig                        0x080068ad   Thumb Code    20  stm32g4xx_hal_tim.o(i.TIM_ETR_SetConfig)
    TIM_OC2_SetConfig                        0x08006981   Thumb Code   132  stm32g4xx_hal_tim.o(i.TIM_OC2_SetConfig)
    UsageFault_Handler                       0x08006c9b   Thumb Code     2  stm32g4xx_it.o(i.UsageFault_Handler)
    __hardfp_sqrtf                           0x08006cbd   Thumb Code    58  sqrtf_full.o(i.__hardfp_sqrtf)
    allOff                                   0x08006cf9   Thumb Code    16  init_music.o(i.allOff)
    comStep                                  0x08006d0d   Thumb Code    68  init_music.o(i.comStep)
    main                                     0x08006d59   Thumb Code    42  main.o(i.main)
    playStartupTune                          0x08006d85   Thumb Code   162  init_music.o(i.playStartupTune)
    setCaptureCompare                        0x08006e35   Thumb Code    18  init_music.o(i.setCaptureCompare)
    setVolume                                0x08006e51   Thumb Code    14  init_music.o(i.setVolume)
    __aeabi_d2f                              0x08006e65   Thumb Code     0  d2f_clz.o(x$fpl$d2f)
    _d2f                                     0x08006e65   Thumb Code   700  d2f_clz.o(x$fpl$d2f)
    __aeabi_dadd                             0x08007129   Thumb Code     0  daddsub_clz.o(x$fpl$dadd)
    _dadd                                    0x08007129   Thumb Code   580  daddsub_clz.o(x$fpl$dadd)
    __aeabi_ddiv                             0x08007375   Thumb Code     0  ddiv_clz.o(x$fpl$ddiv)
    _ddiv                                    0x08007375   Thumb Code   748  ddiv_clz.o(x$fpl$ddiv)
    __dflt_normalise                         0x080076f1   Thumb Code    26  dflt_clz.o(x$fpl$dfltn)
    __aeabi_dmul                             0x0800770d   Thumb Code     0  dmul_clz.o(x$fpl$dmul)
    _dmul                                    0x0800770d   Thumb Code   440  dmul_clz.o(x$fpl$dmul)
    __fpl_dnaninf                            0x080078cd   Thumb Code   258  dnaninf.o(x$fpl$dnaninf)
    __fpl_drenorm2                           0x080079cf   Thumb Code   106  drenorm_clz.o(x$fpl$drenorm)
    __fpl_drenorm1                           0x08007a39   Thumb Code     6  drenorm_clz.o(x$fpl$drenorm)
    __fpl_dretinf                            0x08007a3f   Thumb Code    12  dretinf.o(x$fpl$dretinf)
    __aeabi_dsub                             0x08007a4d   Thumb Code     0  daddsub_clz.o(x$fpl$dsub)
    _dsub                                    0x08007a4d   Thumb Code   664  daddsub_clz.o(x$fpl$dsub)
    __dunder                                 0x08007ce9   Thumb Code   314  dunder_clz.o(x$fpl$dunder)
    __dunder_d                               0x08007e23   Thumb Code    64  dunder_clz.o(x$fpl$dunder)
    __fpl_exception                          0x08007e65   Thumb Code   454  except.o(x$fpl$exception)
    __aeabi_f2d                              0x08008051   Thumb Code     0  f2d.o(x$fpl$f2d)
    _f2d                                     0x08008051   Thumb Code   122  f2d.o(x$fpl$f2d)
    __aeabi_ul2f                             0x080080cb   Thumb Code     0  ffltll_clz.o(x$fpl$ffltll)
    _ll_uto_f                                0x080080cb   Thumb Code     6  ffltll_clz.o(x$fpl$ffltll)
    __aeabi_l2f                              0x080080d1   Thumb Code     0  ffltll_clz.o(x$fpl$ffltll)
    _ll_sto_f                                0x080080d1   Thumb Code   152  ffltll_clz.o(x$fpl$ffltll)
    __fpl_fnaninf                            0x08008169   Thumb Code   242  fnaninf.o(x$fpl$fnaninf)
    _fp_init                                 0x0800825b   Thumb Code    10  fpinit.o(x$fpl$fpinit)
    __fplib_config_fpu_vfp                   0x08008263   Thumb Code     0  fpinit.o(x$fpl$fpinit)
    __fplib_config_pureend_doubles           0x08008263   Thumb Code     0  fpinit.o(x$fpl$fpinit)
    __fpl_fretinf                            0x08008265   Thumb Code    10  fretinf.o(x$fpl$fretinf)
    __funder                                 0x0800826f   Thumb Code   254  funder_clz.o(x$fpl$funder)
    __funder_d                               0x0800836d   Thumb Code    62  funder_clz.o(x$fpl$funder)
    __fpl_return_NaN                         0x080083ab   Thumb Code   178  retnan.o(x$fpl$retnan)
    _fp_trapveneer                           0x0800845d   Thumb Code    36  trapv.o(x$fpl$trapveneer)
    __fpl_cmpreturn                          0x08008481   Thumb Code    90  trapv.o(x$fpl$trapveneer)
    __I$use$fp                               0x080084da   Number         0  usenofp.o(x$fpl$usenofp)
    AHBPrescTable                            0x080084ea   Data          16  system_stm32g4xx.o(.constdata)
    APBPrescTable                            0x080084fa   Data           8  system_stm32g4xx.o(.constdata)
    sinTable_f32                             0x08008520   Data        2052  arm_common_tables.o(.constdata)
    Region$$Table$$Base                      0x08008d24   Number         0  anon$$obj.o(Region$$Table)
    Region$$Table$$Limit                     0x08008d44   Number         0  anon$$obj.o(Region$$Table)
    uwTickPrio                               0x20000004   Data           4  stm32g4xx_hal.o(.data)
    uwTickFreq                               0x20000008   Data           4  stm32g4xx_hal.o(.data)
    uwTick                                   0x2000000c   Data           4  stm32g4xx_hal.o(.data)
    SystemCoreClock                          0x20000010   Data           4  system_stm32g4xx.o(.data)
    Motor_Error                              0x20000024   Data          15  foc_error.o(.data)
    beep_volume                              0x20000034   Data           1  init_music.o(.data)
    time_p                                   0x20000038   Data           4  init_music.o(.data)
    noteIndex                                0x2000003c   Data           4  init_music.o(.data)
    score                                    0x20000040   Data         108  init_music.o(.data)
    melody                                   0x200000ac   Data          12  init_music.o(.data)
    duration                                 0x200000b8   Data          12  init_music.o(.data)
    ADC_INJECTED_RANK                        0x200000c8   Data          16  util_adc.o(.data)
    task_freq                                0x200000dc   Data           4  sys_dwt.o(.data)
    big_num                                  0x200000e0   Data           4  sys_dwt.o(.data)
    small_num                                0x200000e4   Data           4  sys_dwt.o(.data)
    tick_last                                0x200000e8   Data           8  sys_dwt.o(.data)
    MT6825_angle_buffer                      0x200000f8   Data           4  mt6825_spi.o(.data)
    hadc1                                    0x200000fc   Data         108  adc.o(.bss)
    hdma_adc1                                0x20000168   Data          96  adc.o(.bss)
    hfdcan1                                  0x200001c8   Data         100  fdcan.o(.bss)
    hspi1                                    0x2000022c   Data         100  spi.o(.bss)
    hdma_spi1_rx                             0x20000290   Data          96  spi.o(.bss)
    hdma_spi1_tx                             0x200002f0   Data          96  spi.o(.bss)
    htim1                                    0x20000350   Data          76  tim.o(.bss)
    htim3                                    0x2000039c   Data          76  tim.o(.bss)
    htim2                                    0x200003e8   Data          76  stm32g4xx_hal_timebase_tim.o(.bss)
    RxData                                   0x20000434   Data          64  foc_comm.o(.bss)
    RxHeader                                 0x20000474   Data          40  foc_comm.o(.bss)
    Motor_Run                                0x2000049c   Data          20  foc_control.o(.bss)
    Motor_FOC                                0x200004b0   Data         108  foc_control.o(.bss)
    Current_Id_PID                           0x2000051c   Data         156  foc_control.o(.bss)
    Current_Iq_PID                           0x200005b8   Data         156  foc_control.o(.bss)
    Speed_PID                                0x20000654   Data         156  foc_control.o(.bss)
    Position_PID                             0x200006f0   Data         156  foc_control.o(.bss)
    Open_Loop_Speed_PID                      0x2000078c   Data         156  foc_control.o(.bss)
    Adc_Val                                  0x20000828   Data          12  util_adc.o(.bss)
    Adc_Sum_Val                              0x20000834   Data          24  util_adc.o(.bss)
    ADC_SWF                                  0x2000084c   Data          96  util_adc.o(.bss)
    Adc_Sum_Temp                             0x200008ac   Data         192  util_adc.o(.bss)
    Motor_ADC                                0x2000096c   Data          32  util_adc.o(.bss)
    ptxhead                                  0x2000098c   Data          36  util_fdcan.o(.bss)
    txhead                                   0x200009b0   Data          36  util_fdcan.o(.bss)
    DWTData                                  0x200009d8   Data          48  sys_dwt.o(.bss)
    MT6825_spi                               0x20000a08   Data          76  mt6825_spi.o(.bss)
    MT6825_diff_Filter                       0x20000a54   Data          16  mt6825_spi.o(.bss)
    MT6825_angle_Filter                      0x20000a64   Data          16  mt6825_spi.o(.bss)
    MT6825_diff_buffer                       0x20000a74   Data         256  mt6825_spi.o(.bss)
    __libspace_start                         0x20000b74   Data          96  libspace.o(.bss)
    __temporary_stack_top$libspace           0x20000bd4   Data           0  libspace.o(.bss)



==============================================================================

Memory Map of the image

  Image Entry point : 0x080001d9

  Load Region LR_IROM1 (Base: 0x08000000, Size: 0x00008e40, Max: 0x00080000, ABSOLUTE)

    Execution Region ER_IROM1 (Base: 0x08000000, Size: 0x00008d44, Max: 0x00080000, ABSOLUTE)

    Base Addr    Size         Type   Attr      Idx    E Section Name        Object

    0x08000000   0x000001d8   Data   RO            3    RESET               startup_stm32g474xx.o
    0x080001d8   0x00000008   Code   RO         6325  * !!!main             c_w.l(__main.o)
    0x080001e0   0x00000034   Code   RO         6676    !!!scatter          c_w.l(__scatter.o)
    0x08000214   0x0000001a   Code   RO         6678    !!handler_copy      c_w.l(__scatter_copy.o)
    0x0800022e   0x00000002   PAD
    0x08000230   0x0000001c   Code   RO         6680    !!handler_zi        c_w.l(__scatter_zi.o)
    0x0800024c   0x00000002   Code   RO         6615    .ARM.Collect$$libinit$$00000000  c_w.l(libinit.o)
    0x0800024e   0x00000004   Code   RO         6449    .ARM.Collect$$libinit$$00000001  c_w.l(libinit2.o)
    0x08000252   0x00000000   Code   RO         6452    .ARM.Collect$$libinit$$00000004  c_w.l(libinit2.o)
    0x08000252   0x00000000   Code   RO         6455    .ARM.Collect$$libinit$$0000000A  c_w.l(libinit2.o)
    0x08000252   0x00000000   Code   RO         6457    .ARM.Collect$$libinit$$0000000C  c_w.l(libinit2.o)
    0x08000252   0x00000000   Code   RO         6459    .ARM.Collect$$libinit$$0000000E  c_w.l(libinit2.o)
    0x08000252   0x00000000   Code   RO         6462    .ARM.Collect$$libinit$$00000011  c_w.l(libinit2.o)
    0x08000252   0x00000000   Code   RO         6464    .ARM.Collect$$libinit$$00000013  c_w.l(libinit2.o)
    0x08000252   0x00000000   Code   RO         6466    .ARM.Collect$$libinit$$00000015  c_w.l(libinit2.o)
    0x08000252   0x00000000   Code   RO         6468    .ARM.Collect$$libinit$$00000017  c_w.l(libinit2.o)
    0x08000252   0x00000000   Code   RO         6470    .ARM.Collect$$libinit$$00000019  c_w.l(libinit2.o)
    0x08000252   0x00000000   Code   RO         6472    .ARM.Collect$$libinit$$0000001B  c_w.l(libinit2.o)
    0x08000252   0x00000000   Code   RO         6474    .ARM.Collect$$libinit$$0000001D  c_w.l(libinit2.o)
    0x08000252   0x00000000   Code   RO         6476    .ARM.Collect$$libinit$$0000001F  c_w.l(libinit2.o)
    0x08000252   0x00000000   Code   RO         6478    .ARM.Collect$$libinit$$00000021  c_w.l(libinit2.o)
    0x08000252   0x00000000   Code   RO         6480    .ARM.Collect$$libinit$$00000023  c_w.l(libinit2.o)
    0x08000252   0x00000000   Code   RO         6482    .ARM.Collect$$libinit$$00000025  c_w.l(libinit2.o)
    0x08000252   0x00000000   Code   RO         6486    .ARM.Collect$$libinit$$0000002C  c_w.l(libinit2.o)
    0x08000252   0x00000000   Code   RO         6488    .ARM.Collect$$libinit$$0000002E  c_w.l(libinit2.o)
    0x08000252   0x00000000   Code   RO         6490    .ARM.Collect$$libinit$$00000030  c_w.l(libinit2.o)
    0x08000252   0x00000000   Code   RO         6492    .ARM.Collect$$libinit$$00000032  c_w.l(libinit2.o)
    0x08000252   0x00000002   Code   RO         6493    .ARM.Collect$$libinit$$00000033  c_w.l(libinit2.o)
    0x08000254   0x00000002   Code   RO         6673    .ARM.Collect$$libshutdown$$00000000  c_w.l(libshutdown.o)
    0x08000256   0x00000000   Code   RO         6631    .ARM.Collect$$libshutdown$$00000002  c_w.l(libshutdown2.o)
    0x08000256   0x00000000   Code   RO         6633    .ARM.Collect$$libshutdown$$00000004  c_w.l(libshutdown2.o)
    0x08000256   0x00000000   Code   RO         6636    .ARM.Collect$$libshutdown$$00000007  c_w.l(libshutdown2.o)
    0x08000256   0x00000000   Code   RO         6639    .ARM.Collect$$libshutdown$$0000000A  c_w.l(libshutdown2.o)
    0x08000256   0x00000000   Code   RO         6641    .ARM.Collect$$libshutdown$$0000000C  c_w.l(libshutdown2.o)
    0x08000256   0x00000000   Code   RO         6644    .ARM.Collect$$libshutdown$$0000000F  c_w.l(libshutdown2.o)
    0x08000256   0x00000002   Code   RO         6645    .ARM.Collect$$libshutdown$$00000010  c_w.l(libshutdown2.o)
    0x08000258   0x00000000   Code   RO         6409    .ARM.Collect$$rtentry$$00000000  c_w.l(__rtentry.o)
    0x08000258   0x00000000   Code   RO         6543    .ARM.Collect$$rtentry$$00000002  c_w.l(__rtentry2.o)
    0x08000258   0x00000006   Code   RO         6555    .ARM.Collect$$rtentry$$00000004  c_w.l(__rtentry4.o)
    0x0800025e   0x00000000   Code   RO         6545    .ARM.Collect$$rtentry$$00000009  c_w.l(__rtentry2.o)
    0x0800025e   0x00000004   Code   RO         6546    .ARM.Collect$$rtentry$$0000000A  c_w.l(__rtentry2.o)
    0x08000262   0x00000000   Code   RO         6548    .ARM.Collect$$rtentry$$0000000C  c_w.l(__rtentry2.o)
    0x08000262   0x00000008   Code   RO         6549    .ARM.Collect$$rtentry$$0000000D  c_w.l(__rtentry2.o)
    0x0800026a   0x00000002   Code   RO         6618    .ARM.Collect$$rtexit$$00000000  c_w.l(rtexit.o)
    0x0800026c   0x00000000   Code   RO         6649    .ARM.Collect$$rtexit$$00000002  c_w.l(rtexit2.o)
    0x0800026c   0x00000004   Code   RO         6650    .ARM.Collect$$rtexit$$00000003  c_w.l(rtexit2.o)
    0x08000270   0x00000006   Code   RO         6651    .ARM.Collect$$rtexit$$00000004  c_w.l(rtexit2.o)
    0x08000276   0x00000002   PAD
    0x08000278   0x00000040   Code   RO            4    .text               startup_stm32g474xx.o
    0x080002b8   0x00000078   Code   RO         5962    .text               arm_cortexM4lf_math.lib(arm_cos_f32.o)
    0x08000330   0x00000094   Code   RO         6012    .text               arm_cortexM4lf_math.lib(arm_sin_f32.o)
    0x080003c4   0x000000ee   Code   RO         6317    .text               c_w.l(lludivv7m.o)
    0x080004b2   0x00000064   Code   RO         6319    .text               c_w.l(rt_memcpy_w.o)
    0x08000516   0x0000004e   Code   RO         6321    .text               c_w.l(rt_memclr_w.o)
    0x08000564   0x00000006   Code   RO         6323    .text               c_w.l(heapauxi.o)
    0x0800056a   0x00000016   Code   RO         6445    .text               c_w.l(_rserrno.o)
    0x08000580   0x00000008   Code   RO         6539    .text               c_w.l(libspace.o)
    0x08000588   0x00000008   Code   RO         6562    .text               c_w.l(rt_errno_addr_intlibspace.o)
    0x08000590   0x00000030   Code   RO         6572    .text               c_w.l(_fptrap.o)
    0x080005c0   0x00000002   Code   RO         6587    .text               c_w.l(use_no_semi.o)
    0x080005c2   0x00000000   Code   RO         6589    .text               c_w.l(indicate_semi.o)
    0x080005c2   0x0000004a   Code   RO         6590    .text               c_w.l(sys_stackheap_outer.o)
    0x0800060c   0x00000012   Code   RO         6596    .text               c_w.l(exit.o)
    0x0800061e   0x0000000a   Code   RO         6598    .text               c_w.l(defsig_exit.o)
    0x08000628   0x0000000e   Code   RO         6600    .text               c_w.l(defsig_fpe_outer.o)
    0x08000636   0x00000002   PAD
    0x08000638   0x0000000c   Code   RO         6616    .text               c_w.l(sys_exit.o)
    0x08000644   0x00000032   Code   RO         6626    .text               c_w.l(defsig_general.o)
    0x08000676   0x00000002   PAD
    0x08000678   0x000000ac   Code   RO         6628    .text               c_w.l(defsig_fpe_inner.o)
    0x08000724   0x0000000e   Code   RO         6646    .text               c_w.l(sys_wrch.o)
    0x08000732   0x00000002   PAD
    0x08000734   0x0000000c   Code   RO          493    i.ADC1_2_IRQHandler  stm32g4xx_it.o
    0x08000740   0x00000068   Code   RO         1838    i.ADC_DMAConvCplt   stm32g4xx_hal_adc.o
    0x080007a8   0x0000001a   Code   RO         1839    i.ADC_DMAError      stm32g4xx_hal_adc.o
    0x080007c2   0x0000000a   Code   RO         1840    i.ADC_DMAHalfConvCplt  stm32g4xx_hal_adc.o
    0x080007cc   0x00000070   Code   RO         1841    i.ADC_Disable       stm32g4xx_hal_adc.o
    0x0800083c   0x000000c4   Code   RO         1842    i.ADC_Enable        stm32g4xx_hal_adc.o
    0x08000900   0x0000002c   Code   RO         4891    i.ADC_Struct_Init   util_adc.o
    0x0800092c   0x00000070   Code   RO         4893    i.Adc_Init          util_adc.o
    0x0800099c   0x00000070   Code   RO         4894    i.Adc_Injected_Val_Decode  util_adc.o
    0x08000a0c   0x0000008c   Code   RO         4895    i.Adc_Val_Decode    util_adc.o
    0x08000a98   0x00000002   Code   RO          494    i.BusFault_Handler  stm32g4xx_it.o
    0x08000a9a   0x00000002   PAD
    0x08000a9c   0x000001dc   Code   RO         4665    i.CALC_SVPWM        foc_control.o
    0x08000c78   0x00000038   Code   RO         4666    i.CALC_SVPWM_Init   foc_control.o
    0x08000cb0   0x00000028   Code   RO         5313    i.CAL_Pin_Align     drv8323_util.o
    0x08000cd8   0x0000001c   Code   RO         4667    i.Clarke_transform  foc_control.o
    0x08000cf4   0x0000000c   Code   RO          495    i.DMA1_Channel1_IRQHandler  stm32g4xx_it.o
    0x08000d00   0x0000000c   Code   RO          496    i.DMA2_Channel1_IRQHandler  stm32g4xx_it.o
    0x08000d0c   0x0000000c   Code   RO          497    i.DMA2_Channel2_IRQHandler  stm32g4xx_it.o
    0x08000d18   0x00000040   Code   RO         3151    i.DMA_CalcDMAMUXChannelBaseAndMask  stm32g4xx_hal_dma.o
    0x08000d58   0x00000024   Code   RO         3152    i.DMA_CalcDMAMUXRequestGenBaseAndMask  stm32g4xx_hal_dma.o
    0x08000d7c   0x0000003e   Code   RO         3153    i.DMA_SetConfig     stm32g4xx_hal_dma.o
    0x08000dba   0x00000002   PAD
    0x08000dbc   0x0000001c   Code   RO         5315    i.DRV8323_Enable    drv8323_util.o
    0x08000dd8   0x0000000e   Code   RO         5316    i.DRV8323_Init      drv8323_util.o
    0x08000de6   0x00000002   PAD
    0x08000de8   0x0000003c   Code   RO         5212    i.DWT_CNT_Update    sys_dwt.o
    0x08000e24   0x00000034   Code   RO         5214    i.DWT_Delayms       sys_dwt.o
    0x08000e58   0x0000002c   Code   RO         5221    i.DWT_GetTimeline_us  sys_dwt.o
    0x08000e84   0x0000004c   Code   RO         5222    i.DWT_Init          sys_dwt.o
    0x08000ed0   0x00000094   Code   RO         5223    i.DWT_SysTimeUpdate  sys_dwt.o
    0x08000f64   0x00000002   Code   RO          498    i.DebugMon_Handler  stm32g4xx_it.o
    0x08000f66   0x00000002   PAD
    0x08000f68   0x00000048   Code   RO         5357    i.Encoder_Read_Reg  mt6825_spi.o
    0x08000fb0   0x0000013c   Code   RO         5358    i.Encoder_SPI_Data_Process  mt6825_spi.o
    0x080010ec   0x00000020   Code   RO         5359    i.Encoder_SPI_Get_Angle  mt6825_spi.o
    0x0800110c   0x00000006   Code   RO         5360    i.Encoder_SPI_Get_Angular_Speed  mt6825_spi.o
    0x08001112   0x00000002   PAD
    0x08001114   0x00000074   Code   RO         5361    i.Encoder_SPI_Init  mt6825_spi.o
    0x08001188   0x00000004   Code   RO           13    i.Error_Handler     main.o
    0x0800118c   0x000000f0   Code   RO         4762    i.Error_Main_Loop   foc_error.o
    0x0800127c   0x00000012   Code   RO         4763    i.Error_Struct_Init  foc_error.o
    0x0800128e   0x00000002   PAD
    0x08001290   0x0000000c   Code   RO          499    i.FDCAN1_IT0_IRQHandler  stm32g4xx_it.o
    0x0800129c   0x00000064   Code   RO         3805    i.FDCAN_CopyMessageToRAM  stm32g4xx_hal_fdcan.o
    0x08001300   0x00000002   Code   RO         4982    i.FDCAN_ErrorHandler  util_fdcan.o
    0x08001302   0x00000028   Code   RO         4983    i.FDCAN_InitTxHander  util_fdcan.o
    0x0800132a   0x00000002   PAD
    0x0800132c   0x00000078   Code   RO         4579    i.FDCAN_IntFilterAndStart  foc_comm.o
    0x080013a4   0x00000038   Code   RO         4984    i.FDCAN_SendMessageWithBaudSwitch  util_fdcan.o
    0x080013dc   0x0000007c   Code   RO         4580    i.FOC_Comm_Handler  foc_comm.o
    0x08001458   0x0000006c   Code   RO         4581    i.FOC_Comm_TxData_Encoder  foc_comm.o
    0x080014c4   0x0000004c   Code   RO         4668    i.FOC_ElecTheta_Calc  foc_control.o
    0x08001510   0x000000dc   Code   RO         4669    i.FOC_Main_Init     foc_control.o
    0x080015ec   0x00000260   Code   RO         4670    i.FOC_Main_Loop_H_Freq  foc_control.o
    0x0800184c   0x000001dc   Code   RO         4671    i.FOC_Main_Loop_L_Freq  foc_control.o
    0x08001a28   0x0000015c   Code   RO         4672    i.FOC_PID_Init      foc_control.o
    0x08001b84   0x00000080   Code   RO         4673    i.FOC_Struct_Init   foc_control.o
    0x08001c04   0x0000003c   Code   RO         4674    i.FOC_Theta_Calc    foc_control.o
    0x08001c40   0x000000c0   Code   RO         5827    i.Filter_Lowpass    lib_filter.o
    0x08001d00   0x00000014   Code   RO         5828    i.Filter_Lowpass_Init  lib_filter.o
    0x08001d14   0x00000014   Code   RO         4896    i.Get_ADC_Value     util_adc.o
    0x08001d28   0x00000094   Code   RO         2075    i.HAL_ADCEx_Calibration_Start  stm32g4xx_hal_adc_ex.o
    0x08001dbc   0x00000002   Code   RO         2079    i.HAL_ADCEx_EndOfSamplingCallback  stm32g4xx_hal_adc_ex.o
    0x08001dbe   0x00000002   PAD
    0x08001dc0   0x00000560   Code   RO         2081    i.HAL_ADCEx_InjectedConfigChannel  stm32g4xx_hal_adc_ex.o
    0x08002320   0x0000003c   Code   RO         4897    i.HAL_ADCEx_InjectedConvCpltCallback  util_adc.o
    0x0800235c   0x0000002e   Code   RO         2083    i.HAL_ADCEx_InjectedGetValue  stm32g4xx_hal_adc_ex.o
    0x0800238a   0x00000002   Code   RO         2085    i.HAL_ADCEx_InjectedQueueOverflowCallback  stm32g4xx_hal_adc_ex.o
    0x0800238c   0x00000158   Code   RO         2087    i.HAL_ADCEx_InjectedStart_IT  stm32g4xx_hal_adc_ex.o
    0x080024e4   0x00000002   Code   RO         2090    i.HAL_ADCEx_LevelOutOfWindow2Callback  stm32g4xx_hal_adc_ex.o
    0x080024e6   0x00000002   Code   RO         2091    i.HAL_ADCEx_LevelOutOfWindow3Callback  stm32g4xx_hal_adc_ex.o
    0x080024e8   0x00000160   Code   RO         2092    i.HAL_ADCEx_MultiModeConfigChannel  stm32g4xx_hal_adc_ex.o
    0x08002648   0x0000046c   Code   RO         1844    i.HAL_ADC_ConfigChannel  stm32g4xx_hal_adc.o
    0x08002ab4   0x00000002   Code   RO         1845    i.HAL_ADC_ConvCpltCallback  stm32g4xx_hal_adc.o
    0x08002ab6   0x00000002   Code   RO         1846    i.HAL_ADC_ConvHalfCpltCallback  stm32g4xx_hal_adc.o
    0x08002ab8   0x00000002   Code   RO         1848    i.HAL_ADC_ErrorCallback  stm32g4xx_hal_adc.o
    0x08002aba   0x00000002   PAD
    0x08002abc   0x000002b8   Code   RO         1852    i.HAL_ADC_IRQHandler  stm32g4xx_hal_adc.o
    0x08002d74   0x00000230   Code   RO         1853    i.HAL_ADC_Init      stm32g4xx_hal_adc.o
    0x08002fa4   0x00000002   Code   RO         1854    i.HAL_ADC_LevelOutOfWindowCallback  stm32g4xx_hal_adc.o
    0x08002fa6   0x00000002   PAD
    0x08002fa8   0x000000e0   Code   RO          290    i.HAL_ADC_MspInit   adc.o
    0x08003088   0x0000012c   Code   RO         1861    i.HAL_ADC_Start_DMA  stm32g4xx_hal_adc.o
    0x080031b4   0x00000078   Code   RO         3155    i.HAL_DMA_Abort_IT  stm32g4xx_hal_dma.o
    0x0800322c   0x000000ba   Code   RO         3159    i.HAL_DMA_IRQHandler  stm32g4xx_hal_dma.o
    0x080032e6   0x00000002   PAD
    0x080032e8   0x000000c0   Code   RO         3160    i.HAL_DMA_Init      stm32g4xx_hal_dma.o
    0x080033a8   0x0000008c   Code   RO         3164    i.HAL_DMA_Start_IT  stm32g4xx_hal_dma.o
    0x08003434   0x00000024   Code   RO         2291    i.HAL_Delay         stm32g4xx_hal.o
    0x08003458   0x000000e0   Code   RO         3807    i.HAL_FDCAN_ActivateNotification  stm32g4xx_hal_fdcan.o
    0x08003538   0x0000004a   Code   RO         3808    i.HAL_FDCAN_AddMessageToTxFifoQ  stm32g4xx_hal_fdcan.o
    0x08003582   0x0000005c   Code   RO         3810    i.HAL_FDCAN_ConfigFilter  stm32g4xx_hal_fdcan.o
    0x080035de   0x00000036   Code   RO         3811    i.HAL_FDCAN_ConfigGlobalFilter  stm32g4xx_hal_fdcan.o
    0x08003614   0x00000002   Code   RO         3831    i.HAL_FDCAN_ErrorCallback  stm32g4xx_hal_fdcan.o
    0x08003616   0x00000002   Code   RO         3832    i.HAL_FDCAN_ErrorStatusCallback  stm32g4xx_hal_fdcan.o
    0x08003618   0x00000114   Code   RO         3841    i.HAL_FDCAN_GetRxMessage  stm32g4xx_hal_fdcan.o
    0x0800372c   0x00000002   Code   RO         3847    i.HAL_FDCAN_HighPriorityMessageCallback  stm32g4xx_hal_fdcan.o
    0x0800372e   0x00000164   Code   RO         3848    i.HAL_FDCAN_IRQHandler  stm32g4xx_hal_fdcan.o
    0x08003892   0x00000002   PAD
    0x08003894   0x00000218   Code   RO         3849    i.HAL_FDCAN_Init    stm32g4xx_hal_fdcan.o
    0x08003aac   0x0000008c   Code   RO          356    i.HAL_FDCAN_MspInit  fdcan.o
    0x08003b38   0x0000005c   Code   RO         4582    i.HAL_FDCAN_RxFifo0Callback  foc_comm.o
    0x08003b94   0x00000002   Code   RO         3857    i.HAL_FDCAN_RxFifo1Callback  stm32g4xx_hal_fdcan.o
    0x08003b96   0x0000002c   Code   RO         3858    i.HAL_FDCAN_Start   stm32g4xx_hal_fdcan.o
    0x08003bc2   0x00000002   Code   RO         3860    i.HAL_FDCAN_TimeoutOccurredCallback  stm32g4xx_hal_fdcan.o
    0x08003bc4   0x00000002   Code   RO         3861    i.HAL_FDCAN_TimestampWraparoundCallback  stm32g4xx_hal_fdcan.o
    0x08003bc6   0x00000002   Code   RO         3862    i.HAL_FDCAN_TxBufferAbortCallback  stm32g4xx_hal_fdcan.o
    0x08003bc8   0x00000002   Code   RO         3863    i.HAL_FDCAN_TxBufferCompleteCallback  stm32g4xx_hal_fdcan.o
    0x08003bca   0x00000002   Code   RO         3864    i.HAL_FDCAN_TxEventFifoCallback  stm32g4xx_hal_fdcan.o
    0x08003bcc   0x00000002   Code   RO         3865    i.HAL_FDCAN_TxFifoEmptyCallback  stm32g4xx_hal_fdcan.o
    0x08003bce   0x00000002   PAD
    0x08003bd0   0x00000248   Code   RO         3016    i.HAL_GPIO_Init     stm32g4xx_hal_gpio.o
    0x08003e18   0x0000000a   Code   RO         3018    i.HAL_GPIO_ReadPin  stm32g4xx_hal_gpio.o
    0x08003e22   0x00000010   Code   RO         3019    i.HAL_GPIO_TogglePin  stm32g4xx_hal_gpio.o
    0x08003e32   0x0000000a   Code   RO         3020    i.HAL_GPIO_WritePin  stm32g4xx_hal_gpio.o
    0x08003e3c   0x0000000c   Code   RO         2295    i.HAL_GetTick       stm32g4xx_hal.o
    0x08003e48   0x00000010   Code   RO         2301    i.HAL_IncTick       stm32g4xx_hal.o
    0x08003e58   0x0000001e   Code   RO         2302    i.HAL_Init          stm32g4xx_hal.o
    0x08003e76   0x00000002   PAD
    0x08003e78   0x00000088   Code   RO          653    i.HAL_InitTick      stm32g4xx_hal_timebase_tim.o
    0x08003f00   0x00000030   Code   RO          629    i.HAL_MspInit       stm32g4xx_hal_msp.o
    0x08003f30   0x0000001a   Code   RO         3665    i.HAL_NVIC_EnableIRQ  stm32g4xx_hal_cortex.o
    0x08003f4a   0x00000002   PAD
    0x08003f4c   0x00000040   Code   RO         3671    i.HAL_NVIC_SetPriority  stm32g4xx_hal_cortex.o
    0x08003f8c   0x00000024   Code   RO         3672    i.HAL_NVIC_SetPriorityGrouping  stm32g4xx_hal_cortex.o
    0x08003fb0   0x000000bc   Code   RO         3419    i.HAL_PWREx_ControlVoltageScaling  stm32g4xx_hal_pwr_ex.o
    0x0800406c   0x00000010   Code   RO         3431    i.HAL_PWREx_DisableUCPDDeadBattery  stm32g4xx_hal_pwr_ex.o
    0x0800407c   0x00000300   Code   RO         2662    i.HAL_RCCEx_PeriphCLKConfig  stm32g4xx_hal_rcc_ex.o
    0x0800437c   0x000001dc   Code   RO         2537    i.HAL_RCC_ClockConfig  stm32g4xx_hal_rcc.o
    0x08004558   0x00000040   Code   RO         2542    i.HAL_RCC_GetClockConfig  stm32g4xx_hal_rcc.o
    0x08004598   0x00000024   Code   RO         2545    i.HAL_RCC_GetPCLK1Freq  stm32g4xx_hal_rcc.o
    0x080045bc   0x0000006c   Code   RO         2547    i.HAL_RCC_GetSysClockFreq  stm32g4xx_hal_rcc.o
    0x08004628   0x00000404   Code   RO         2550    i.HAL_RCC_OscConfig  stm32g4xx_hal_rcc.o
    0x08004a2c   0x00000002   Code   RO         4197    i.HAL_SPI_ErrorCallback  stm32g4xx_hal_spi.o
    0x08004a2e   0x00000002   PAD
    0x08004a30   0x000000fc   Code   RO         4200    i.HAL_SPI_IRQHandler  stm32g4xx_hal_spi.o
    0x08004b2c   0x000000ea   Code   RO         4201    i.HAL_SPI_Init      stm32g4xx_hal_spi.o
    0x08004c16   0x00000002   PAD
    0x08004c18   0x000000e0   Code   RO          398    i.HAL_SPI_MspInit   spi.o
    0x08004cf8   0x00000272   Code   RO         4210    i.HAL_SPI_TransmitReceive  stm32g4xx_hal_spi.o
    0x08004f6a   0x00000002   Code   RO         1408    i.HAL_TIMEx_Break2Callback  stm32g4xx_hal_tim_ex.o
    0x08004f6c   0x00000002   Code   RO         1409    i.HAL_TIMEx_BreakCallback  stm32g4xx_hal_tim_ex.o
    0x08004f6e   0x00000002   Code   RO         1410    i.HAL_TIMEx_CommutCallback  stm32g4xx_hal_tim_ex.o
    0x08004f70   0x000000a8   Code   RO         1413    i.HAL_TIMEx_ConfigBreakDeadTime  stm32g4xx_hal_tim_ex.o
    0x08005018   0x00000002   Code   RO         1421    i.HAL_TIMEx_DirectionChangeCallback  stm32g4xx_hal_tim_ex.o
    0x0800501a   0x0000000e   Code   RO         1431    i.HAL_TIMEx_EnableDeadTimePreload  stm32g4xx_hal_tim_ex.o
    0x08005028   0x00000002   Code   RO         1435    i.HAL_TIMEx_EncoderIndexCallback  stm32g4xx_hal_tim_ex.o
    0x0800502a   0x00000002   Code   RO         1449    i.HAL_TIMEx_IndexErrorCallback  stm32g4xx_hal_tim_ex.o
    0x0800502c   0x000000b8   Code   RO         1450    i.HAL_TIMEx_MasterConfigSynchronization  stm32g4xx_hal_tim_ex.o
    0x080050e4   0x000000cc   Code   RO         1462    i.HAL_TIMEx_PWMN_Start  stm32g4xx_hal_tim_ex.o
    0x080051b0   0x00000002   Code   RO         1471    i.HAL_TIMEx_TransitionErrorCallback  stm32g4xx_hal_tim_ex.o
    0x080051b2   0x00000062   Code   RO          694    i.HAL_TIM_Base_Init  stm32g4xx_hal_tim.o
    0x08005214   0x00000074   Code   RO          440    i.HAL_TIM_Base_MspInit  tim.o
    0x08005288   0x00000080   Code   RO          697    i.HAL_TIM_Base_Start  stm32g4xx_hal_tim.o
    0x08005308   0x0000008c   Code   RO          699    i.HAL_TIM_Base_Start_IT  stm32g4xx_hal_tim.o
    0x08005394   0x000000f0   Code   RO          703    i.HAL_TIM_ConfigClockSource  stm32g4xx_hal_tim.o
    0x08005484   0x00000002   Code   RO          728    i.HAL_TIM_IC_CaptureCallback  stm32g4xx_hal_tim.o
    0x08005486   0x000001a2   Code   RO          742    i.HAL_TIM_IRQHandler  stm32g4xx_hal_tim.o
    0x08005628   0x00000094   Code   RO          441    i.HAL_TIM_MspPostInit  tim.o
    0x080056bc   0x00000002   Code   RO          745    i.HAL_TIM_OC_DelayElapsedCallback  stm32g4xx_hal_tim.o
    0x080056be   0x00000124   Code   RO          766    i.HAL_TIM_PWM_ConfigChannel  stm32g4xx_hal_tim.o
    0x080057e2   0x00000062   Code   RO          769    i.HAL_TIM_PWM_Init  stm32g4xx_hal_tim.o
    0x08005844   0x00000002   Code   RO          771    i.HAL_TIM_PWM_MspInit  stm32g4xx_hal_tim.o
    0x08005846   0x00000002   Code   RO          772    i.HAL_TIM_PWM_PulseFinishedCallback  stm32g4xx_hal_tim.o
    0x08005848   0x00000114   Code   RO          774    i.HAL_TIM_PWM_Start  stm32g4xx_hal_tim.o
    0x0800595c   0x00000140   Code   RO          776    i.HAL_TIM_PWM_Start_IT  stm32g4xx_hal_tim.o
    0x08005a9c   0x00000064   Code   RO           14    i.HAL_TIM_PeriodElapsedCallback  main.o
    0x08005b00   0x00000002   Code   RO          785    i.HAL_TIM_TriggerCallback  stm32g4xx_hal_tim.o
    0x08005b02   0x00000002   Code   RO          500    i.HardFault_Handler  stm32g4xx_it.o
    0x08005b04   0x00000028   Code   RO         4825    i.Hz2PSC            init_music.o
    0x08005b2c   0x00000054   Code   RO         4675    i.Inv_Park_transform  foc_control.o
    0x08005b80   0x0000000c   Code   RO         1867    i.LL_ADC_GetOffsetChannel  stm32g4xx_hal_adc.o
    0x08005b8c   0x0000000c   Code   RO         2100    i.LL_ADC_GetOffsetChannel  stm32g4xx_hal_adc_ex.o
    0x08005b98   0x00000008   Code   RO         1868    i.LL_ADC_INJ_IsConversionOngoing  stm32g4xx_hal_adc.o
    0x08005ba0   0x00000008   Code   RO         2101    i.LL_ADC_INJ_IsConversionOngoing  stm32g4xx_hal_adc_ex.o
    0x08005ba8   0x00000008   Code   RO         1869    i.LL_ADC_REG_IsConversionOngoing  stm32g4xx_hal_adc.o
    0x08005bb0   0x00000008   Code   RO         2102    i.LL_ADC_REG_IsConversionOngoing  stm32g4xx_hal_adc_ex.o
    0x08005bb8   0x00000010   Code   RO         1870    i.LL_ADC_REG_IsTriggerSourceSWStart  stm32g4xx_hal_adc.o
    0x08005bc8   0x0000001e   Code   RO         1872    i.LL_ADC_SetChannelSamplingTime  stm32g4xx_hal_adc.o
    0x08005be6   0x0000001e   Code   RO         2103    i.LL_ADC_SetChannelSamplingTime  stm32g4xx_hal_adc_ex.o
    0x08005c04   0x00000010   Code   RO         1873    i.LL_ADC_SetOffsetState  stm32g4xx_hal_adc.o
    0x08005c14   0x00000010   Code   RO         2104    i.LL_ADC_SetOffsetState  stm32g4xx_hal_adc_ex.o
    0x08005c24   0x0000015c   Code   RO          291    i.MX_ADC1_Init      adc.o
    0x08005d80   0x0000006c   Code   RO          331    i.MX_DMA_Init       dma.o
    0x08005dec   0x0000004c   Code   RO          357    i.MX_FDCAN1_Init    fdcan.o
    0x08005e38   0x000000b8   Code   RO          265    i.MX_GPIO_Init      gpio.o
    0x08005ef0   0x00000050   Code   RO          399    i.MX_SPI1_Init      spi.o
    0x08005f40   0x0000010c   Code   RO          442    i.MX_TIM1_Init      tim.o
    0x0800604c   0x00000070   Code   RO          443    i.MX_TIM3_Init      tim.o
    0x080060bc   0x0000002c   Code   RO         5881    i.Math_Differential  lib_math.o
    0x080060e8   0x00000002   Code   RO          501    i.MemManage_Handler  stm32g4xx_it.o
    0x080060ea   0x0000000c   Code   RO         4826    i.Ms_Delay          init_music.o
    0x080060f6   0x00000002   Code   RO          502    i.NMI_Handler       stm32g4xx_it.o
    0x080060f8   0x00000284   Code   RO         5505    i.PID_Calc          alg_pid.o
    0x0800637c   0x00000040   Code   RO         5506    i.PID_Clear         alg_pid.o
    0x080063bc   0x00000006   Code   RO         5508    i.PID_GetOutput     alg_pid.o
    0x080063c2   0x00000042   Code   RO         5510    i.PID_Init          alg_pid.o
    0x08006404   0x00000006   Code   RO         5511    i.PID_SetFdb        alg_pid.o
    0x0800640a   0x00000006   Code   RO         5512    i.PID_SetRef        alg_pid.o
    0x08006410   0x00000054   Code   RO         4676    i.Park_transform    foc_control.o
    0x08006464   0x00000002   Code   RO          503    i.PendSV_Handler    stm32g4xx_it.o
    0x08006466   0x00000002   PAD
    0x08006468   0x0000000c   Code   RO          504    i.SPI1_IRQHandler   stm32g4xx_it.o
    0x08006474   0x00000012   Code   RO         4228    i.SPI_DMAAbortOnError  stm32g4xx_hal_spi.o
    0x08006486   0x00000048   Code   RO         4239    i.SPI_EndRxTxTransaction  stm32g4xx_hal_spi.o
    0x080064ce   0x00000002   PAD
    0x080064d0   0x000000e0   Code   RO         4244    i.SPI_WaitFifoStateUntilTimeout  stm32g4xx_hal_spi.o
    0x080065b0   0x000000b8   Code   RO         4245    i.SPI_WaitFlagStateUntilTimeout  stm32g4xx_hal_spi.o
    0x08006668   0x00000002   Code   RO          505    i.SVC_Handler       stm32g4xx_it.o
    0x0800666a   0x00000002   PAD
    0x0800666c   0x00000040   Code   RO         5669    i.SlidingWindowFilter_Init  alg_swf.o
    0x080066ac   0x0000003e   Code   RO         5670    i.SlidingWindowFilter_Update  alg_swf.o
    0x080066ea   0x00000002   Code   RO          506    i.SysTick_Handler   stm32g4xx_it.o
    0x080066ec   0x00000068   Code   RO           15    i.SystemClock_Config  main.o
    0x08006754   0x00000010   Code   RO         4542    i.SystemInit        system_stm32g4xx.o
    0x08006764   0x0000000c   Code   RO          507    i.TIM1_BRK_TIM15_IRQHandler  stm32g4xx_it.o
    0x08006770   0x0000000c   Code   RO          508    i.TIM1_UP_TIM16_IRQHandler  stm32g4xx_it.o
    0x0800677c   0x0000000c   Code   RO          509    i.TIM2_IRQHandler   stm32g4xx_it.o
    0x08006788   0x0000000c   Code   RO          510    i.TIM3_IRQHandler   stm32g4xx_it.o
    0x08006794   0x000000e4   Code   RO          787    i.TIM_Base_SetConfig  stm32g4xx_hal_tim.o
    0x08006878   0x0000001a   Code   RO          788    i.TIM_CCxChannelCmd  stm32g4xx_hal_tim.o
    0x08006892   0x0000001a   Code   RO         1474    i.TIM_CCxNChannelCmd  stm32g4xx_hal_tim_ex.o
    0x080068ac   0x00000014   Code   RO          798    i.TIM_ETR_SetConfig  stm32g4xx_hal_tim.o
    0x080068c0   0x00000014   Code   RO          799    i.TIM_ITRx_SetConfig  stm32g4xx_hal_tim.o
    0x080068d4   0x000000ac   Code   RO          800    i.TIM_OC1_SetConfig  stm32g4xx_hal_tim.o
    0x08006980   0x000000a0   Code   RO          801    i.TIM_OC2_SetConfig  stm32g4xx_hal_tim.o
    0x08006a20   0x000000a0   Code   RO          802    i.TIM_OC3_SetConfig  stm32g4xx_hal_tim.o
    0x08006ac0   0x000000a0   Code   RO          803    i.TIM_OC4_SetConfig  stm32g4xx_hal_tim.o
    0x08006b60   0x00000078   Code   RO          804    i.TIM_OC5_SetConfig  stm32g4xx_hal_tim.o
    0x08006bd8   0x0000007c   Code   RO          805    i.TIM_OC6_SetConfig  stm32g4xx_hal_tim.o
    0x08006c54   0x00000022   Code   RO          807    i.TIM_TI1_ConfigInputStage  stm32g4xx_hal_tim.o
    0x08006c76   0x00000024   Code   RO          809    i.TIM_TI2_ConfigInputStage  stm32g4xx_hal_tim.o
    0x08006c9a   0x00000002   Code   RO          511    i.UsageFault_Handler  stm32g4xx_it.o
    0x08006c9c   0x00000020   Code   RO         3678    i.__NVIC_SetPriority  stm32g4xx_hal_cortex.o
    0x08006cbc   0x0000003a   Code   RO         6395    i.__hardfp_sqrtf    m_wm.l(sqrtf_full.o)
    0x08006cf6   0x00000002   PAD
    0x08006cf8   0x00000014   Code   RO         4827    i.allOff            init_music.o
    0x08006d0c   0x0000004c   Code   RO         4828    i.comStep           init_music.o
    0x08006d58   0x0000002a   Code   RO           16    i.main              main.o
    0x08006d82   0x00000002   PAD
    0x08006d84   0x000000b0   Code   RO         4830    i.playStartupTune   init_music.o
    0x08006e34   0x0000001c   Code   RO         4831    i.setCaptureCompare  init_music.o
    0x08006e50   0x00000014   Code   RO         4832    i.setVolume         init_music.o
    0x08006e64   0x000002c4   Code   RO         6327    x$fpl$d2f           g_wm.l(d2f_clz.o)
    0x08007128   0x0000024c   Code   RO         6329    x$fpl$dadd          g_wm.l(daddsub_clz.o)
    0x08007374   0x0000037c   Code   RO         6336    x$fpl$ddiv          g_wm.l(ddiv_clz.o)
    0x080076f0   0x0000001a   Code   RO         6496    x$fpl$dfltn         g_wm.l(dflt_clz.o)
    0x0800770a   0x00000002   PAD
    0x0800770c   0x000001c0   Code   RO         6339    x$fpl$dmul          g_wm.l(dmul_clz.o)
    0x080078cc   0x00000102   Code   RO         6500    x$fpl$dnaninf       g_wm.l(dnaninf.o)
    0x080079ce   0x00000070   Code   RO         6502    x$fpl$drenorm       g_wm.l(drenorm_clz.o)
    0x08007a3e   0x0000000c   Code   RO         6504    x$fpl$dretinf       g_wm.l(dretinf.o)
    0x08007a4a   0x00000002   PAD
    0x08007a4c   0x0000029c   Code   RO         6331    x$fpl$dsub          g_wm.l(daddsub_clz.o)
    0x08007ce8   0x0000017a   Code   RO         6506    x$fpl$dunder        g_wm.l(dunder_clz.o)
    0x08007e62   0x00000002   PAD
    0x08007e64   0x000001ec   Code   RO         6508    x$fpl$exception     g_wm.l(except.o)
    0x08008050   0x0000007a   Code   RO         6341    x$fpl$f2d           g_wm.l(f2d.o)
    0x080080ca   0x0000009e   Code   RO         6343    x$fpl$ffltll        g_wm.l(ffltll_clz.o)
    0x08008168   0x000000f2   Code   RO         6510    x$fpl$fnaninf       g_wm.l(fnaninf.o)
    0x0800825a   0x0000000a   Code   RO         6583    x$fpl$fpinit        g_wm.l(fpinit.o)
    0x08008264   0x0000000a   Code   RO         6512    x$fpl$fretinf       g_wm.l(fretinf.o)
    0x0800826e   0x0000013c   Code   RO         6514    x$fpl$funder        g_wm.l(funder_clz.o)
    0x080083aa   0x000000b2   Code   RO         6585    x$fpl$retnan        g_wm.l(retnan.o)
    0x0800845c   0x0000007e   Code   RO         6518    x$fpl$trapveneer    g_wm.l(trapv.o)
    0x080084da   0x00000000   Code   RO         6520    x$fpl$usenofp       g_wm.l(usenofp.o)
    0x080084da   0x00000010   Data   RO         3866    .constdata          stm32g4xx_hal_fdcan.o
    0x080084ea   0x00000010   Data   RO         4543    .constdata          system_stm32g4xx.o
    0x080084fa   0x00000008   Data   RO         4544    .constdata          system_stm32g4xx.o
    0x08008502   0x0000001d   Data   RO         4678    .constdata          foc_control.o
    0x0800851f   0x00000001   PAD
    0x08008520   0x00000804   Data   RO         6236    .constdata          arm_cortexM4lf_math.lib(arm_common_tables.o)
    0x08008d24   0x00000020   Data   RO         6674    Region$$Table       anon$$obj.o


    Execution Region RW_IRAM1 (Base: 0x20000000, Size: 0x000011d8, Max: 0x00020000, ABSOLUTE)

    Base Addr    Size         Type   Attr      Idx    E Section Name        Object

    0x20000000   0x00000002   Data   RW           17    .data               main.o
    0x20000002   0x00000002   PAD
    0x20000004   0x0000000c   Data   RW         2322    .data               stm32g4xx_hal.o
    0x20000010   0x00000004   Data   RW         4545    .data               system_stm32g4xx.o
    0x20000014   0x00000010   Data   RW         4679    .data               foc_control.o
    0x20000024   0x0000000f   Data   RW         4766    .data               foc_error.o
    0x20000033   0x00000001   PAD
    0x20000034   0x00000090   Data   RW         4833    .data               init_music.o
    0x200000c4   0x00000014   Data   RW         4899    .data               util_adc.o
    0x200000d8   0x00000018   Data   RW         5225    .data               sys_dwt.o
    0x200000f0   0x00000006   Data   RW         5367    .data               mt6825_spi.o
    0x200000f6   0x00000002   PAD
    0x200000f8   0x00000004   Data   RW         5368    .data               mt6825_spi.o
    0x200000fc   0x000000cc   Zero   RW          292    .bss                adc.o
    0x200001c8   0x00000064   Zero   RW          358    .bss                fdcan.o
    0x2000022c   0x00000124   Zero   RW          400    .bss                spi.o
    0x20000350   0x00000098   Zero   RW          444    .bss                tim.o
    0x200003e8   0x0000004c   Zero   RW          656    .bss                stm32g4xx_hal_timebase_tim.o
    0x20000434   0x00000068   Zero   RW         4583    .bss                foc_comm.o
    0x2000049c   0x0000038c   Zero   RW         4677    .bss                foc_control.o
    0x20000828   0x00000164   Zero   RW         4898    .bss                util_adc.o
    0x2000098c   0x00000048   Zero   RW         4986    .bss                util_fdcan.o
    0x200009d4   0x00000004   PAD
    0x200009d8   0x00000030   Zero   RW         5224    .bss                sys_dwt.o
    0x20000a08   0x0000004c   Zero   RW         5363    .bss                mt6825_spi.o
    0x20000a54   0x00000010   Zero   RW         5364    .bss                mt6825_spi.o
    0x20000a64   0x00000010   Zero   RW         5365    .bss                mt6825_spi.o
    0x20000a74   0x00000100   Zero   RW         5366    .bss                mt6825_spi.o
    0x20000b74   0x00000060   Zero   RW         6540    .bss                c_w.l(libspace.o)
    0x20000bd4   0x00000004   PAD
    0x20000bd8   0x00000200   Zero   RW            2    HEAP                startup_stm32g474xx.o
    0x20000dd8   0x00000400   Zero   RW            1    STACK               startup_stm32g474xx.o


==============================================================================

Image component sizes


      Code (inc. data)   RO Data    RW Data    ZI Data      Debug   Object Name

       572         50          0          0        204       2195   adc.o
       792          6          0          0          0       6272   alg_pid.o
       126          6          0          0          0       2116   alg_swf.o
       108          4          0          0          0        890   dma.o
        82         12          0          0          0       1894   drv8323_util.o
       216         18          0          0        100       1831   fdcan.o
       444         34          0          0        104       4109   foc_comm.o
      2644        308         29         16        908      11914   foc_control.o
       258         36          0         15          0      16220   foc_error.o
       184         10          0          0          0        983   gpio.o
       372         60          0        144          0       4572   init_music.o
       212         20          0          0          0       2431   lib_filter.o
        44          0          0          0          0        668   lib_math.o
       250         18          0          2          0     925442   main.o
       542         60          0         10        364       5232   mt6825_spi.o
       304         26          0          0        292       1923   spi.o
        64         26        472          0       1536        856   startup_stm32g474xx.o
        94         14          0         12          0       3718   stm32g4xx_hal.o
      3234        208          0          0          0      84891   stm32g4xx_hal_adc.o
      2348        128          0          0          0      80377   stm32g4xx_hal_adc_ex.o
       158         14          0          0          0      33110   stm32g4xx_hal_cortex.o
       800         30          0          0          0       5938   stm32g4xx_hal_dma.o
      1776         34         16          0          0      17713   stm32g4xx_hal_fdcan.o
       620         34          0          0          0       3708   stm32g4xx_hal_gpio.o
        48          6          0          0          0        894   stm32g4xx_hal_msp.o
       204         18          0          0          0       1433   stm32g4xx_hal_pwr_ex.o
      1712         86          0          0          0       6406   stm32g4xx_hal_rcc.o
       768         10          0          0          0       1992   stm32g4xx_hal_rcc_ex.o
      1612         16          0          0          0       8650   stm32g4xx_hal_spi.o
      3280        370          0          0          0      21110   stm32g4xx_hal_tim.o
       610         82          0          0          0       8601   stm32g4xx_hal_tim_ex.o
       136         18          0          0         76       1463   stm32g4xx_hal_timebase_tim.o
       138         60          0          0          0       9164   stm32g4xx_it.o
       380         56          0         24         48       4446   sys_dwt.o
        16          4         24          4          0       1163   system_stm32g4xx.o
       644         46          0          0        152       3413   tim.o
       488         76          0         20        356       5857   util_adc.o
        98          6          0          0         72       2561   util_fdcan.o

    ----------------------------------------------------------------------
     26420       2010        574        252       4216    1296156   Object Totals
         0          0         32          0          0          0   (incl. Generated)
        42          0          1          5          4          0   (incl. Padding)

    ----------------------------------------------------------------------

      Code (inc. data)   RO Data    RW Data    ZI Data      Debug   Library Member Name

         0          0       2052          0          0       4704   arm_common_tables.o
       120         12          0          0          0      17170   arm_cos_f32.o
       148         18          0          0          0        814   arm_sin_f32.o
         8          0          0          0          0         68   __main.o
         0          0          0          0          0          0   __rtentry.o
        12          0          0          0          0          0   __rtentry2.o
         6          0          0          0          0          0   __rtentry4.o
        52          8          0          0          0          0   __scatter.o
        26          0          0          0          0          0   __scatter_copy.o
        28          0          0          0          0          0   __scatter_zi.o
        48          4          0          0          0         84   _fptrap.o
        22          0          0          0          0        100   _rserrno.o
        10          0          0          0          0         68   defsig_exit.o
       172        110          0          0          0         76   defsig_fpe_inner.o
        14          0          0          0          0         80   defsig_fpe_outer.o
        50          0          0          0          0         88   defsig_general.o
        18          0          0          0          0         80   exit.o
         6          0          0          0          0        152   heapauxi.o
         0          0          0          0          0          0   indicate_semi.o
         2          0          0          0          0          0   libinit.o
         6          0          0          0          0          0   libinit2.o
         2          0          0          0          0          0   libshutdown.o
         2          0          0          0          0          0   libshutdown2.o
         8          4          0          0         96         68   libspace.o
       238          0          0          0          0        100   lludivv7m.o
         8          4          0          0          0         68   rt_errno_addr_intlibspace.o
        78          0          0          0          0         80   rt_memclr_w.o
       100          0          0          0          0         80   rt_memcpy_w.o
         2          0          0          0          0          0   rtexit.o
        10          0          0          0          0          0   rtexit2.o
        12          4          0          0          0         68   sys_exit.o
        74          0          0          0          0         80   sys_stackheap_outer.o
        14          0          0          0          0         76   sys_wrch.o
         2          0          0          0          0         68   use_no_semi.o
       708         16          0          0          0        140   d2f_clz.o
      1256         28          0          0          0        408   daddsub_clz.o
       892        152          0          0          0        292   ddiv_clz.o
        26          0          0          0          0        116   dflt_clz.o
       448         16          0          0          0        164   dmul_clz.o
       258          4          0          0          0        156   dnaninf.o
       112          0          0          0          0        160   drenorm_clz.o
        12          0          0          0          0        116   dretinf.o
       378          0          0          0          0        168   dunder_clz.o
       492         36          0          0          0        148   except.o
       122          8          0          0          0        132   f2d.o
       158          0          0          0          0        132   ffltll_clz.o
       242          4          0          0          0        144   fnaninf.o
        10          0          0          0          0        116   fpinit.o
        10          0          0          0          0        116   fretinf.o
       316          0          0          0          0        132   funder_clz.o
       178          0          0          0          0        116   retnan.o
       126          0          0          0          0        148   trapv.o
         0          0          0          0          0          0   usenofp.o
        58          0          0          0          0        136   sqrtf_full.o

    ----------------------------------------------------------------------
      7118        428       2052          0        100      27212   Library Totals
        18          0          0          0          4          0   (incl. Padding)

    ----------------------------------------------------------------------

      Code (inc. data)   RO Data    RW Data    ZI Data      Debug   Library Name

       268         30       2052          0          0      22688   arm_cortexM4lf_math.lib
      1030        134          0          0         96       1484   c_w.l
      5744        264          0          0          0       2904   g_wm.l
        58          0          0          0          0        136   m_wm.l

    ----------------------------------------------------------------------
      7118        428       2052          0        100      27212   Library Totals

    ----------------------------------------------------------------------

==============================================================================


      Code (inc. data)   RO Data    RW Data    ZI Data      Debug   

     33538       2438       2626        252       4316    1299740   Grand Totals
     33538       2438       2626        252       4316    1299740   ELF Image Totals
     33538       2438       2626        252          0          0   ROM Totals

==============================================================================

    Total RO  Size (Code + RO Data)                36164 (  35.32kB)
    Total RW  Size (RW Data + ZI Data)              4568 (   4.46kB)
    Total ROM Size (Code + RO Data + RW Data)      36416 (  35.56kB)

==============================================================================

