Component: ARM Compiler 5.06 update 4 (build 422) Tool: armlink [4d35d2]

==============================================================================

Section Cross References

    startup_stm32g474xx.o(STACK) refers (Special) to heapauxi.o(.text) for __use_two_region_memory
    startup_stm32g474xx.o(HEAP) refers (Special) to heapauxi.o(.text) for __use_two_region_memory
    startup_stm32g474xx.o(RESET) refers (Special) to heapauxi.o(.text) for __use_two_region_memory
    startup_stm32g474xx.o(RESET) refers to startup_stm32g474xx.o(STACK) for __initial_sp
    startup_stm32g474xx.o(RESET) refers to startup_stm32g474xx.o(.text) for Reset_Handler
    startup_stm32g474xx.o(RESET) refers to stm32g4xx_it.o(i.NMI_Handler) for NMI_Handler
    startup_stm32g474xx.o(RESET) refers to stm32g4xx_it.o(i.HardFault_Handler) for HardFault_Handler
    startup_stm32g474xx.o(RESET) refers to stm32g4xx_it.o(i.MemManage_Handler) for MemManage_Handler
    startup_stm32g474xx.o(RESET) refers to stm32g4xx_it.o(i.BusFault_Handler) for BusFault_Handler
    startup_stm32g474xx.o(RESET) refers to stm32g4xx_it.o(i.UsageFault_Handler) for UsageFault_Handler
    startup_stm32g474xx.o(RESET) refers to stm32g4xx_it.o(i.SVC_Handler) for SVC_Handler
    startup_stm32g474xx.o(RESET) refers to stm32g4xx_it.o(i.DebugMon_Handler) for DebugMon_Handler
    startup_stm32g474xx.o(RESET) refers to stm32g4xx_it.o(i.PendSV_Handler) for PendSV_Handler
    startup_stm32g474xx.o(RESET) refers to stm32g4xx_it.o(i.SysTick_Handler) for SysTick_Handler
    startup_stm32g474xx.o(RESET) refers to stm32g4xx_it.o(i.DMA1_Channel1_IRQHandler) for DMA1_Channel1_IRQHandler
    startup_stm32g474xx.o(RESET) refers to stm32g4xx_it.o(i.ADC1_2_IRQHandler) for ADC1_2_IRQHandler
    startup_stm32g474xx.o(RESET) refers to stm32g4xx_it.o(i.FDCAN1_IT0_IRQHandler) for FDCAN1_IT0_IRQHandler
    startup_stm32g474xx.o(RESET) refers to stm32g4xx_it.o(i.TIM1_BRK_TIM15_IRQHandler) for TIM1_BRK_TIM15_IRQHandler
    startup_stm32g474xx.o(RESET) refers to stm32g4xx_it.o(i.TIM1_UP_TIM16_IRQHandler) for TIM1_UP_TIM16_IRQHandler
    startup_stm32g474xx.o(RESET) refers to stm32g4xx_it.o(i.TIM2_IRQHandler) for TIM2_IRQHandler
    startup_stm32g474xx.o(RESET) refers to stm32g4xx_it.o(i.TIM3_IRQHandler) for TIM3_IRQHandler
    startup_stm32g474xx.o(RESET) refers to stm32g4xx_it.o(i.SPI1_IRQHandler) for SPI1_IRQHandler
    startup_stm32g474xx.o(RESET) refers to stm32g4xx_it.o(i.DMA2_Channel1_IRQHandler) for DMA2_Channel1_IRQHandler
    startup_stm32g474xx.o(RESET) refers to stm32g4xx_it.o(i.DMA2_Channel2_IRQHandler) for DMA2_Channel2_IRQHandler
    startup_stm32g474xx.o(.text) refers (Special) to heapauxi.o(.text) for __use_two_region_memory
    startup_stm32g474xx.o(.text) refers to system_stm32g4xx.o(i.SystemInit) for SystemInit
    startup_stm32g474xx.o(.text) refers to __main.o(!!!main) for __main
    startup_stm32g474xx.o(.text) refers to startup_stm32g474xx.o(HEAP) for Heap_Mem
    startup_stm32g474xx.o(.text) refers to startup_stm32g474xx.o(STACK) for Stack_Mem
    main.o(i.HAL_TIM_PeriodElapsedCallback) refers to foc_control.o(i.FOC_Main_Loop_L_Freq) for FOC_Main_Loop_L_Freq
    main.o(i.HAL_TIM_PeriodElapsedCallback) refers to foc_comm.o(i.FOC_Comm_State_Updata) for FOC_Comm_State_Updata
    main.o(i.HAL_TIM_PeriodElapsedCallback) refers to util_adc.o(i.Get_ADC_Value) for Get_ADC_Value
    main.o(i.HAL_TIM_PeriodElapsedCallback) refers to util_adc.o(i.Adc_Val_Decode) for Adc_Val_Decode
    main.o(i.HAL_TIM_PeriodElapsedCallback) refers to foc_error.o(i.Error_Main_Loop) for Error_Main_Loop
    main.o(i.HAL_TIM_PeriodElapsedCallback) refers to stm32g4xx_hal.o(i.HAL_IncTick) for HAL_IncTick
    main.o(i.HAL_TIM_PeriodElapsedCallback) refers to main.o(.data) for .data
    main.o(i.HAL_TIM_PeriodElapsedCallback) refers to foc_control.o(.bss) for Motor_Run
    main.o(i.SystemClock_Config) refers to rt_memclr_w.o(.text) for __aeabi_memclr4
    main.o(i.SystemClock_Config) refers to stm32g4xx_hal_pwr_ex.o(i.HAL_PWREx_ControlVoltageScaling) for HAL_PWREx_ControlVoltageScaling
    main.o(i.SystemClock_Config) refers to stm32g4xx_hal_rcc.o(i.HAL_RCC_OscConfig) for HAL_RCC_OscConfig
    main.o(i.SystemClock_Config) refers to stm32g4xx_hal_rcc.o(i.HAL_RCC_ClockConfig) for HAL_RCC_ClockConfig
    main.o(i.main) refers to stm32g4xx_hal.o(i.HAL_Init) for HAL_Init
    main.o(i.main) refers to main.o(i.SystemClock_Config) for SystemClock_Config
    main.o(i.main) refers to gpio.o(i.MX_GPIO_Init) for MX_GPIO_Init
    main.o(i.main) refers to dma.o(i.MX_DMA_Init) for MX_DMA_Init
    main.o(i.main) refers to tim.o(i.MX_TIM3_Init) for MX_TIM3_Init
    main.o(i.main) refers to adc.o(i.MX_ADC1_Init) for MX_ADC1_Init
    main.o(i.main) refers to spi.o(i.MX_SPI1_Init) for MX_SPI1_Init
    main.o(i.main) refers to fdcan.o(i.MX_FDCAN1_Init) for MX_FDCAN1_Init
    main.o(i.main) refers to tim.o(i.MX_TIM1_Init) for MX_TIM1_Init
    main.o(i.main) refers to foc_control.o(i.FOC_Main_Init) for FOC_Main_Init
[...]
    .bss                                     0x2000023c   Section      100  fdcan.o(.bss)
    .bss                                     0x200002a0   Section      292  spi.o(.bss)
    .bss                                     0x200003c4   Section      152  tim.o(.bss)
    .bss                                     0x2000045c   Section       76  stm32g4xx_hal_timebase_tim.o(.bss)
    .bss                                     0x200004a8   Section      676  foc_control.o(.bss)
    .bss                                     0x2000074c   Section      412  util_adc.o(.bss)
    .bss                                     0x200008e8   Section       72  util_fdcan.o(.bss)
    .bss                                     0x20000930   Section       48  sys_dwt.o(.bss)
    .bss                                     0x20000960   Section       92  mt6825_spi.o(.bss)
    .bss                                     0x200009bc   Section       16  mt6825_spi.o(.bss)
    .bss                                     0x200009cc   Section       16  mt6825_spi.o(.bss)
    .bss                                     0x200009dc   Section       16  mt6825_spi.o(.bss)
    .bss                                     0x200009ec   Section      512  mt6825_spi.o(.bss)
    .bss                                     0x20000bec   Section      128  mt6825_spi.o(.bss)
    .bss                                     0x20000c6c   Section       96  libspace.o(.bss)
    HEAP                                     0x20000cd0   Section      512  startup_stm32g474xx.o(HEAP)
    Heap_Mem                                 0x20000cd0   Data         512  startup_stm32g474xx.o(HEAP)
    STACK                                    0x20000ed0   Section     1024  startup_stm32g474xx.o(STACK)
    Stack_Mem                                0x20000ed0   Data        1024  startup_stm32g474xx.o(STACK)
    __initial_sp                             0x200012d0   Data           0  startup_stm32g474xx.o(STACK)

    Global Symbols

    Symbol Name                              Value     Ov Type        Size  Object(Section)

    BuildAttributes$$THM_ISAv4$E$P$D$K$B$S$7EM$VFPi3$EXTD16$VFPS$VFMA$PE$A:L22UL41UL21$X:L11$S22US41US21$IEEE1$IW$USESV6$~STKCKD$USESV7$~SHL$OTIME$ROPI$IEEEX$EBA8$UX$STANDARDLIB$REQ8$PRES8$EABIv2 0x00000000   Number         0  anon$$obj.o ABSOLUTE
    __ARM_use_no_argv                        0x00000000   Number         0  main.o ABSOLUTE
    __ARM_exceptions_init                     - Undefined Weak Reference
    __alloca_initialize                       - Undefined Weak Reference
    __arm_preinit_                            - Undefined Weak Reference
    __cpp_initialize__aeabi_                  - Undefined Weak Reference
    __cxa_finalize                            - Undefined Weak Reference
    __rt_locale                               - Undefined Weak Reference
    __sigvec_lookup                           - Undefined Weak Reference
    __user_heap_extent                        - Undefined Weak Reference
    _atexit_init                              - Undefined Weak Reference
    _call_atexit_fns                          - Undefined Weak Reference
    _clock_init                               - Undefined Weak Reference
    _fp_trap_big                              - Undefined Weak Reference
    _fp_trap_init                             - Undefined Weak Reference
    _fp_trap_shutdown                         - Undefined Weak Reference
    _get_lc_collate                           - Undefined Weak Reference
    _get_lc_ctype                             - Undefined Weak Reference
    _get_lc_monetary                          - Undefined Weak Reference
    _get_lc_numeric                           - Undefined Weak Reference
    _get_lc_time                              - Undefined Weak Reference
    _getenv_init                              - Undefined Weak Reference
    _handle_redirection                       - Undefined Weak Reference
    _initio                                   - Undefined Weak Reference
    _mutex_acquire                            - Undefined Weak Reference
    _mutex_free                               - Undefined Weak Reference
    _mutex_release                            - Undefined Weak Reference
    _rand_init                                - Undefined Weak Reference
    _signal_finish                            - Undefined Weak Reference
    _signal_init                              - Undefined Weak Reference
    _terminateio                              - Undefined Weak Reference
    __Vectors_Size                           0x000001d8   Number         0  startup_stm32g474xx.o ABSOLUTE
    __Vectors                                0x08000000   Data           4  startup_stm32g474xx.o(RESET)
    __Vectors_End                            0x080001d8   Data           0  startup_stm32g474xx.o(RESET)
    __main                                   0x080001d9   Thumb Code     8  __main.o(!!!main)
    __scatterload                            0x080001e1   Thumb Code     0  __scatter.o(!!!scatter)
    __scatterload_rt2                        0x080001e1   Thumb Code    44  __scatter.o(!!!scatter)
    __scatterload_rt2_thumb_only             0x080001e1   Thumb Code     0  __scatter.o(!!!scatter)
    __scatterload_null                       0x080001ef   Thumb Code     0  __scatter.o(!!!scatter)
    __decompress                             0x08000215   Thumb Code    90  __dczerorl2.o(!!dczerorl2)
    __decompress1                            0x08000215   Thumb Code     0  __dczerorl2.o(!!dczerorl2)
    __scatterload_zeroinit                   0x08000271   Thumb Code    28  __scatter_zi.o(!!handler_zi)
    __rt_lib_init                            0x0800028d   Thumb Code     0  libinit.o(.ARM.Collect$$libinit$$00000000)
    __rt_lib_init_fp_1                       0x0800028f   Thumb Code     0  libinit2.o(.ARM.Collect$$libinit$$00000001)
    __rt_lib_init_alloca_1                   0x08000293   Thumb Code     0  libinit2.o(.ARM.Collect$$libinit$$0000002E)
    __rt_lib_init_argv_1                     0x08000293   Thumb Code     0  libinit2.o(.ARM.Collect$$libinit$$0000002C)
    __rt_lib_init_atexit_1                   0x08000293   Thumb Code     0  libinit2.o(.ARM.Collect$$libinit$$0000001B)
    __rt_lib_init_clock_1                    0x08000293   Thumb Code     0  libinit2.o(.ARM.Collect$$libinit$$00000021)
    __rt_lib_init_cpp_1                      0x08000293   Thumb Code     0  libinit2.o(.ARM.Collect$$libinit$$00000032)
    __rt_lib_init_exceptions_1               0x08000293   Thumb Code     0  libinit2.o(.ARM.Collect$$libinit$$00000030)
    __rt_lib_init_fp_trap_1                  0x08000293   Thumb Code     0  libinit2.o(.ARM.Collect$$libinit$$0000001F)
    __rt_lib_init_getenv_1                   0x08000293   Thumb Code     0  libinit2.o(.ARM.Collect$$libinit$$00000023)
    __rt_lib_init_heap_1                     0x08000293   Thumb Code     0  libinit2.o(.ARM.Collect$$libinit$$0000000A)
    __rt_lib_init_lc_collate_1               0x08000293   Thumb Code     0  libinit2.o(.ARM.Collect$$libinit$$00000011)
    __rt_lib_init_lc_ctype_1                 0x08000293   Thumb Code     0  libinit2.o(.ARM.Collect$$libinit$$00000013)
    __rt_lib_init_lc_monetary_1              0x08000293   Thumb Code     0  libinit2.o(.ARM.Collect$$libinit$$00000015)
    __rt_lib_init_lc_numeric_1               0x08000293   Thumb Code     0  libinit2.o(.ARM.Collect$$libinit$$00000017)
    __rt_lib_init_lc_time_1                  0x08000293   Thumb Code     0  libinit2.o(.ARM.Collect$$libinit$$00000019)
    __rt_lib_init_preinit_1                  0x08000293   Thumb Code     0  libinit2.o(.ARM.Collect$$libinit$$00000004)
    __rt_lib_init_rand_1                     0x08000293   Thumb Code     0  libinit2.o(.ARM.Collect$$libinit$$0000000E)
    __rt_lib_init_return                     0x08000293   Thumb Code     0  libinit2.o(.ARM.Collect$$libinit$$00000033)
    __rt_lib_init_signal_1                   0x08000293   Thumb Code     0  libinit2.o(.ARM.Collect$$libinit$$0000001D)
    __rt_lib_init_stdio_1                    0x08000293   Thumb Code     0  libinit2.o(.ARM.Collect$$libinit$$00000025)
    __rt_lib_init_user_alloc_1               0x08000293   Thumb Code     0  libinit2.o(.ARM.Collect$$libinit$$0000000C)
    __rt_lib_shutdown                        0x08000295   Thumb Code     0  libshutdown.o(.ARM.Collect$$libshutdown$$00000000)
    __rt_lib_shutdown_cpp_1                  0x08000297   Thumb Code     0  libshutdown2.o(.ARM.Collect$$libshutdown$$00000002)
    __rt_lib_shutdown_fp_trap_1              0x08000297   Thumb Code     0  libshutdown2.o(.ARM.Collect$$libshutdown$$00000007)
    __rt_lib_shutdown_heap_1                 0x08000297   Thumb Code     0  libshutdown2.o(.ARM.Collect$$libshutdown$$0000000F)
    __rt_lib_shutdown_return                 0x08000297   Thumb Code     0  libshutdown2.o(.ARM.Collect$$libshutdown$$00000010)
    __rt_lib_shutdown_signal_1               0x08000297   Thumb Code     0  libshutdown2.o(.ARM.Collect$$libshutdown$$0000000A)
    __rt_lib_shutdown_stdio_1                0x08000297   Thumb Code     0  libshutdown2.o(.ARM.Collect$$libshutdown$$00000004)
    __rt_lib_shutdown_user_alloc_1           0x08000297   Thumb Code     0  libshutdown2.o(.ARM.Collect$$libshutdown$$0000000C)
    __rt_entry                               0x08000299   Thumb Code     0  __rtentry.o(.ARM.Collect$$rtentry$$00000000)
    __rt_entry_presh_1                       0x08000299   Thumb Code     0  __rtentry2.o(.ARM.Collect$$rtentry$$00000002)
    __rt_entry_sh                            0x08000299   Thumb Code     0  __rtentry4.o(.ARM.Collect$$rtentry$$00000004)
    __rt_entry_li                            0x0800029f   Thumb Code     0  __rtentry2.o(.ARM.Collect$$rtentry$$0000000A)
    __rt_entry_postsh_1                      0x0800029f   Thumb Code     0  __rtentry2.o(.ARM.Collect$$rtentry$$00000009)
    __rt_entry_main                          0x080002a3   Thumb Code     0  __rtentry2.o(.ARM.Collect$$rtentry$$0000000D)
    __rt_entry_postli_1                      0x080002a3   Thumb Code     0  __rtentry2.o(.ARM.Collect$$rtentry$$0000000C)
    __rt_exit                                0x080002ab   Thumb Code     0  rtexit.o(.ARM.Collect$$rtexit$$00000000)
    __rt_exit_ls                             0x080002ad   Thumb Code     0  rtexit2.o(.ARM.Collect$$rtexit$$00000003)
    __rt_exit_prels_1                        0x080002ad   Thumb Code     0  rtexit2.o(.ARM.Collect$$rtexit$$00000002)
    __rt_exit_exit                           0x080002b1   Thumb Code     0  rtexit2.o(.ARM.Collect$$rtexit$$00000004)
    Reset_Handler                            0x080002b9   Thumb Code     8  startup_stm32g474xx.o(.text)
    ADC3_IRQHandler                          0x080002d3   Thumb Code     0  startup_stm32g474xx.o(.text)
    ADC4_IRQHandler                          0x080002d3   Thumb Code     0  startup_stm32g474xx.o(.text)
    ADC5_IRQHandler                          0x080002d3   Thumb Code     0  startup_stm32g474xx.o(.text)
    COMP1_2_3_IRQHandler                     0x080002d3   Thumb Code     0  startup_stm32g474xx.o(.text)
    COMP4_5_6_IRQHandler                     0x080002d3   Thumb Code     0  startup_stm32g474xx.o(.text)
    COMP7_IRQHandler                         0x080002d3   Thumb Code     0  startup_stm32g474xx.o(.text)
    CORDIC_IRQHandler                        0x080002d3   Thumb Code     0  startup_stm32g474xx.o(.text)
    CRS_IRQHandler                           0x080002d3   Thumb Code     0  startup_stm32g474xx.o(.text)
    DMA1_Channel2_IRQHandler                 0x080002d3   Thumb Code     0  startup_stm32g474xx.o(.text)
    DMA1_Channel3_IRQHandler                 0x080002d3   Thumb Code     0  startup_stm32g474xx.o(.text)
    DMA1_Channel4_IRQHandler                 0x080002d3   Thumb Code     0  startup_stm32g474xx.o(.text)
    DMA1_Channel5_IRQHandler                 0x080002d3   Thumb Code     0  startup_stm32g474xx.o(.text)
    DMA1_Channel6_IRQHandler                 0x080002d3   Thumb Code     0  startup_stm32g474xx.o(.text)
    DMA1_Channel7_IRQHandler                 0x080002d3   Thumb Code     0  startup_stm32g474xx.o(.text)
    DMA1_Channel8_IRQHandler                 0x080002d3   Thumb Code     0  startup_stm32g474xx.o(.text)
    DMA2_Channel3_IRQHandler                 0x080002d3   Thumb Code     0  startup_stm32g474xx.o(.text)
    DMA2_Channel4_IRQHandler                 0x080002d3   Thumb Code     0  startup_stm32g474xx.o(.text)
    DMA2_Channel5_IRQHandler                 0x080002d3   Thumb Code     0  startup_stm32g474xx.o(.text)
    DMA2_Channel6_IRQHandler                 0x080002d3   Thumb Code     0  startup_stm32g474xx.o(.text)
    DMA2_Channel7_IRQHandler                 0x080002d3   Thumb Code     0  startup_stm32g474xx.o(.text)
    DMA2_Channel8_IRQHandler                 0x080002d3   Thumb Code     0  startup_stm32g474xx.o(.text)
    DMAMUX_OVR_IRQHandler                    0x080002d3   Thumb Code     0  startup_stm32g474xx.o(.text)
    EXTI0_IRQHandler                         0x080002d3   Thumb Code     0  startup_stm32g474xx.o(.text)
    EXTI15_10_IRQHandler                     0x080002d3   Thumb Code     0  startup_stm32g474xx.o(.text)
    EXTI1_IRQHandler                         0x080002d3   Thumb Code     0  startup_stm32g474xx.o(.text)
    EXTI2_IRQHandler                         0x080002d3   Thumb Code     0  startup_stm32g474xx.o(.text)
    EXTI3_IRQHandler                         0x080002d3   Thumb Code     0  startup_stm32g474xx.o(.text)
    EXTI4_IRQHandler                         0x080002d3   Thumb Code     0  startup_stm32g474xx.o(.text)
    EXTI9_5_IRQHandler                       0x080002d3   Thumb Code     0  startup_stm32g474xx.o(.text)
    FDCAN1_IT1_IRQHandler                    0x080002d3   Thumb Code     0  startup_stm32g474xx.o(.text)
    FDCAN2_IT0_IRQHandler                    0x080002d3   Thumb Code     0  startup_stm32g474xx.o(.text)
    FDCAN2_IT1_IRQHandler                    0x080002d3   Thumb Code     0  startup_stm32g474xx.o(.text)
    FDCAN3_IT0_IRQHandler                    0x080002d3   Thumb Code     0  startup_stm32g474xx.o(.text)
    FDCAN3_IT1_IRQHandler                    0x080002d3   Thumb Code     0  startup_stm32g474xx.o(.text)
    FLASH_IRQHandler                         0x080002d3   Thumb Code     0  startup_stm32g474xx.o(.text)
    FMAC_IRQHandler                          0x080002d3   Thumb Code     0  startup_stm32g474xx.o(.text)
    FMC_IRQHandler                           0x080002d3   Thumb Code     0  startup_stm32g474xx.o(.text)
    FPU_IRQHandler                           0x080002d3   Thumb Code     0  startup_stm32g474xx.o(.text)
    HRTIM1_FLT_IRQHandler                    0x080002d3   Thumb Code     0  startup_stm32g474xx.o(.text)
    HRTIM1_Master_IRQHandler                 0x080002d3   Thumb Code     0  startup_stm32g474xx.o(.text)
    HRTIM1_TIMA_IRQHandler                   0x080002d3   Thumb Code     0  startup_stm32g474xx.o(.text)
    HRTIM1_TIMB_IRQHandler                   0x080002d3   Thumb Code     0  startup_stm32g474xx.o(.text)
    HRTIM1_TIMC_IRQHandler                   0x080002d3   Thumb Code     0  startup_stm32g474xx.o(.text)
    HRTIM1_TIMD_IRQHandler                   0x080002d3   Thumb Code     0  startup_stm32g474xx.o(.text)
    HRTIM1_TIME_IRQHandler                   0x080002d3   Thumb Code     0  startup_stm32g474xx.o(.text)
    HRTIM1_TIMF_IRQHandler                   0x080002d3   Thumb Code     0  startup_stm32g474xx.o(.text)
    I2C1_ER_IRQHandler                       0x080002d3   Thumb Code     0  startup_stm32g474xx.o(.text)
    I2C1_EV_IRQHandler                       0x080002d3   Thumb Code     0  startup_stm32g474xx.o(.text)
    I2C2_ER_IRQHandler                       0x080002d3   Thumb Code     0  startup_stm32g474xx.o(.text)
    I2C2_EV_IRQHandler                       0x080002d3   Thumb Code     0  startup_stm32g474xx.o(.text)
    I2C3_ER_IRQHandler                       0x080002d3   Thumb Code     0  startup_stm32g474xx.o(.text)
    I2C3_EV_IRQHandler                       0x080002d3   Thumb Code     0  startup_stm32g474xx.o(.text)
    I2C4_ER_IRQHandler                       0x080002d3   Thumb Code     0  startup_stm32g474xx.o(.text)
    I2C4_EV_IRQHandler                       0x080002d3   Thumb Code     0  startup_stm32g474xx.o(.text)
    LPTIM1_IRQHandler                        0x080002d3   Thumb Code     0  startup_stm32g474xx.o(.text)
    LPUART1_IRQHandler                       0x080002d3   Thumb Code     0  startup_stm32g474xx.o(.text)
    PVD_PVM_IRQHandler                       0x080002d3   Thumb Code     0  startup_stm32g474xx.o(.text)
    QUADSPI_IRQHandler                       0x080002d3   Thumb Code     0  startup_stm32g474xx.o(.text)
    RCC_IRQHandler                           0x080002d3   Thumb Code     0  startup_stm32g474xx.o(.text)
    RNG_IRQHandler                           0x080002d3   Thumb Code     0  startup_stm32g474xx.o(.text)
    RTC_Alarm_IRQHandler                     0x080002d3   Thumb Code     0  startup_stm32g474xx.o(.text)
    RTC_TAMP_LSECSS_IRQHandler               0x080002d3   Thumb Code     0  startup_stm32g474xx.o(.text)
    RTC_WKUP_IRQHandler                      0x080002d3   Thumb Code     0  startup_stm32g474xx.o(.text)
    SAI1_IRQHandler                          0x080002d3   Thumb Code     0  startup_stm32g474xx.o(.text)
    SPI2_IRQHandler                          0x080002d3   Thumb Code     0  startup_stm32g474xx.o(.text)
    SPI3_IRQHandler                          0x080002d3   Thumb Code     0  startup_stm32g474xx.o(.text)
    SPI4_IRQHandler                          0x080002d3   Thumb Code     0  startup_stm32g474xx.o(.text)
    TIM1_CC_IRQHandler                       0x080002d3   Thumb Code     0  startup_stm32g474xx.o(.text)
    TIM1_TRG_COM_TIM17_IRQHandler            0x080002d3   Thumb Code     0  startup_stm32g474xx.o(.text)
    TIM20_BRK_IRQHandler                     0x080002d3   Thumb Code     0  startup_stm32g474xx.o(.text)
    TIM20_CC_IRQHandler                      0x080002d3   Thumb Code     0  startup_stm32g474xx.o(.text)
    TIM20_TRG_COM_IRQHandler                 0x080002d3   Thumb Code     0  startup_stm32g474xx.o(.text)
    TIM20_UP_IRQHandler                      0x080002d3   Thumb Code     0  startup_stm32g474xx.o(.text)
    TIM4_IRQHandler                          0x080002d3   Thumb Code     0  startup_stm32g474xx.o(.text)
    TIM5_IRQHandler                          0x080002d3   Thumb Code     0  startup_stm32g474xx.o(.text)
    TIM6_DAC_IRQHandler                      0x080002d3   Thumb Code     0  startup_stm32g474xx.o(.text)
    TIM7_DAC_IRQHandler                      0x080002d3   Thumb Code     0  startup_stm32g474xx.o(.text)
    TIM8_BRK_IRQHandler                      0x080002d3   Thumb Code     0  startup_stm32g474xx.o(.text)
    TIM8_CC_IRQHandler                       0x080002d3   Thumb Code     0  startup_stm32g474xx.o(.text)
    TIM8_TRG_COM_IRQHandler                  0x080002d3   Thumb Code     0  startup_stm32g474xx.o(.text)
    TIM8_UP_IRQHandler                       0x080002d3   Thumb Code     0  startup_stm32g474xx.o(.text)
    UART4_IRQHandler                         0x080002d3   Thumb Code     0  startup_stm32g474xx.o(.text)
    UART5_IRQHandler                         0x080002d3   Thumb Code     0  startup_stm32g474xx.o(.text)
    UCPD1_IRQHandler                         0x080002d3   Thumb Code     0  startup_stm32g474xx.o(.text)
    USART1_IRQHandler                        0x080002d3   Thumb Code     0  startup_stm32g474xx.o(.text)
    USART2_IRQHandler                        0x080002d3   Thumb Code     0  startup_stm32g474xx.o(.text)
    USART3_IRQHandler                        0x080002d3   Thumb Code     0  startup_stm32g474xx.o(.text)
    USBWakeUp_IRQHandler                     0x080002d3   Thumb Code     0  startup_stm32g474xx.o(.text)
    USB_HP_IRQHandler                        0x080002d3   Thumb Code     0  startup_stm32g474xx.o(.text)
    USB_LP_IRQHandler                        0x080002d3   Thumb Code     0  startup_stm32g474xx.o(.text)
    WWDG_IRQHandler                          0x080002d3   Thumb Code     0  startup_stm32g474xx.o(.text)
    __user_initial_stackheap                 0x080002d5   Thumb Code     0  startup_stm32g474xx.o(.text)
    arm_cos_f32                              0x080002f9   Thumb Code   108  arm_cos_f32.o(.text)
    arm_sin_f32                              0x08000371   Thumb Code   130  arm_sin_f32.o(.text)
    __aeabi_uldivmod                         0x08000405   Thumb Code     0  lludivv7m.o(.text)
    _ll_udiv                                 0x08000405   Thumb Code   238  lludivv7m.o(.text)
    __aeabi_memcpy4                          0x080004f3   Thumb Code     0  rt_memcpy_w.o(.text)
    __aeabi_memcpy8                          0x080004f3   Thumb Code     0  rt_memcpy_w.o(.text)
    __rt_memcpy_w                            0x080004f3   Thumb Code   100  rt_memcpy_w.o(.text)
    _memcpy_lastbytes_aligned                0x0800053b   Thumb Code     0  rt_memcpy_w.o(.text)
    __aeabi_memclr4                          0x08000557   Thumb Code     0  rt_memclr_w.o(.text)
    __aeabi_memclr8                          0x08000557   Thumb Code     0  rt_memclr_w.o(.text)
    __rt_memclr_w                            0x08000557   Thumb Code    78  rt_memclr_w.o(.text)
    _memset_w                                0x0800055b   Thumb Code     0  rt_memclr_w.o(.text)
    __use_two_region_memory                  0x080005a5   Thumb Code     2  heapauxi.o(.text)
    __rt_heap_escrow                         0x080005a7   Thumb Code     2  heapauxi.o(.text)
    __rt_heap_expand                         0x080005a9   Thumb Code     2  heapauxi.o(.text)
    __user_libspace                          0x080005ad   Thumb Code     8  libspace.o(.text)
    __user_perproc_libspace                  0x080005ad   Thumb Code     0  libspace.o(.text)
    __user_perthread_libspace                0x080005ad   Thumb Code     0  libspace.o(.text)
    _fp_trap                                 0x080005b5   Thumb Code    44  _fptrap.o(.text)
    __I$use$semihosting                      0x080005e5   Thumb Code     0  use_no_semi.o(.text)
    __use_no_semihosting_swi                 0x080005e5   Thumb Code     2  use_no_semi.o(.text)
    __semihosting_library_function           0x080005e7   Thumb Code     0  indicate_semi.o(.text)
    __user_setup_stackheap                   0x080005e7   Thumb Code    74  sys_stackheap_outer.o(.text)
    exit                                     0x08000631   Thumb Code    18  exit.o(.text)
    __sig_exit                               0x08000643   Thumb Code    10  defsig_exit.o(.text)
    __rt_SIGFPE                              0x0800064d   Thumb Code    14  defsig_fpe_outer.o(.text)
    _sys_exit                                0x0800065d   Thumb Code     8  sys_exit.o(.text)
    __default_signal_display                 0x08000669   Thumb Code    50  defsig_general.o(.text)
    __rt_SIGFPE_inner                        0x0800069d   Thumb Code    62  defsig_fpe_inner.o(.text)
    _ttywrch                                 0x08000749   Thumb Code    14  sys_wrch.o(.text)
    ADC1_2_IRQHandler                        0x08000759   Thumb Code     6  stm32g4xx_it.o(i.ADC1_2_IRQHandler)
    ADC_DMAConvCplt                          0x08000765   Thumb Code   104  stm32g4xx_hal_adc.o(i.ADC_DMAConvCplt)
    ADC_DMAError                             0x080007cd   Thumb Code    26  stm32g4xx_hal_adc.o(i.ADC_DMAError)
    ADC_DMAHalfConvCplt                      0x080007e7   Thumb Code    10  stm32g4xx_hal_adc.o(i.ADC_DMAHalfConvCplt)
    ADC_Disable                              0x080007f1   Thumb Code   106  stm32g4xx_hal_adc.o(i.ADC_Disable)
    ADC_Enable                               0x08000861   Thumb Code   172  stm32g4xx_hal_adc.o(i.ADC_Enable)
    ADC_Struct_Init                          0x08000925   Thumb Code    38  util_adc.o(i.ADC_Struct_Init)
    Adc_Init                                 0x08000951   Thumb Code    96  util_adc.o(i.Adc_Init)
    Adc_Injected_Val_Decode                  0x080009c1   Thumb Code    98  util_adc.o(i.Adc_Injected_Val_Decode)
    Adc_Val_Decode                           0x08000a31   Thumb Code   128  util_adc.o(i.Adc_Val_Decode)
    BusFault_Handler                         0x08000ac5   Thumb Code     2  stm32g4xx_it.o(i.BusFault_Handler)
    CALC_SVPWM                               0x08000ac9   Thumb Code   470  foc_control.o(i.CALC_SVPWM)
    CAL_Pin_Align                            0x08000cc1   Thumb Code    34  drv8323_util.o(i.CAL_Pin_Align)
    Clarke_transform                         0x08000ce9   Thumb Code    22  foc_control.o(i.Clarke_transform)
    DMA1_Channel1_IRQHandler                 0x08000d05   Thumb Code     6  stm32g4xx_it.o(i.DMA1_Channel1_IRQHandler)
    DMA2_Channel1_IRQHandler                 0x08000d11   Thumb Code     6  stm32g4xx_it.o(i.DMA2_Channel1_IRQHandler)
    DMA2_Channel2_IRQHandler                 0x08000d1d   Thumb Code     6  stm32g4xx_it.o(i.DMA2_Channel2_IRQHandler)
    DRV8323_Enable                           0x08000dcd   Thumb Code    22  drv8323_util.o(i.DRV8323_Enable)
    DRV8323_Init                             0x08000de9   Thumb Code    14  drv8323_util.o(i.DRV8323_Init)
    DWT_CNT_Update                           0x08000df9   Thumb Code    46  sys_dwt.o(i.DWT_CNT_Update)
    DWT_Delayms                              0x08000e35   Thumb Code    42  sys_dwt.o(i.DWT_Delayms)
    DWT_GetTimeline_us                       0x08000e69   Thumb Code    36  sys_dwt.o(i.DWT_GetTimeline_us)
    DWT_Init                                 0x08000e95   Thumb Code    60  sys_dwt.o(i.DWT_Init)
    DWT_SysTimeUpdate                        0x08000ee1   Thumb Code   140  sys_dwt.o(i.DWT_SysTimeUpdate)
    DebugMon_Handler                         0x08000f75   Thumb Code     2  stm32g4xx_it.o(i.DebugMon_Handler)
    Encoder_Read_Reg                         0x08000f79   Thumb Code    76  mt6825_spi.o(i.Encoder_Read_Reg)
    Encoder_SPI_Data_Process                 0x08000fcd   Thumb Code   376  mt6825_spi.o(i.Encoder_SPI_Data_Process)
    Encoder_SPI_Get_Angle                    0x0800116d   Thumb Code    26  mt6825_spi.o(i.Encoder_SPI_Get_Angle)
    Encoder_SPI_Init                         0x0800118d   Thumb Code   136  mt6825_spi.o(i.Encoder_SPI_Init)
    Error_Handler                            0x08001219   Thumb Code     4  main.o(i.Error_Handler)
    Error_Main_Loop                          0x0800121d   Thumb Code   128  foc_error.o(i.Error_Main_Loop)
    Error_Struct_Init                        0x080012ad   Thumb Code    24  foc_error.o(i.Error_Struct_Init)
    FDCAN1_IT0_IRQHandler                    0x080012c5   Thumb Code     6  stm32g4xx_it.o(i.FDCAN1_IT0_IRQHandler)
    FDCAN_ErrorHandler                       0x08001335   Thumb Code     2  util_fdcan.o(i.FDCAN_ErrorHandler)
    FDCAN_InitTxHander                       0x08001337   Thumb Code    40  util_fdcan.o(i.FDCAN_InitTxHander)
    FDCAN_IntFilterAndStart                  0x08001361   Thumb Code   116  foc_comm.o(i.FDCAN_IntFilterAndStart)
    FDCAN_SendMessageWithBaudSwitch          0x080013d9   Thumb Code    50  util_fdcan.o(i.FDCAN_SendMessageWithBaudSwitch)
    FOC_Comm_Handler                         0x08001411   Thumb Code   354  foc_comm.o(i.FOC_Comm_Handler)
    FOC_Comm_State_Updata                    0x0800158d   Thumb Code    30  foc_comm.o(i.FOC_Comm_State_Updata)
    FOC_Comm_TxData_Encoder                  0x080015b1   Thumb Code   184  foc_comm.o(i.FOC_Comm_TxData_Encoder)
    FOC_ElecTheta_Calc                       0x0800167d   Thumb Code    64  foc_control.o(i.FOC_ElecTheta_Calc)
    FOC_Main_Init                            0x080016c9   Thumb Code   244  foc_control.o(i.FOC_Main_Init)
    FOC_Main_Loop_H_Freq                     0x08001801   Thumb Code   388  foc_control.o(i.FOC_Main_Loop_H_Freq)
    FOC_Main_Loop_L_Freq                     0x080019ad   Thumb Code   130  foc_control.o(i.FOC_Main_Loop_L_Freq)
    FOC_PID_Init                             0x08001a41   Thumb Code   172  foc_control.o(i.FOC_PID_Init)
    FOC_Struct_Init                          0x08001b1d   Thumb Code   130  foc_control.o(i.FOC_Struct_Init)
    FOC_Theta_Calc                           0x08001bb1   Thumb Code    48  foc_control.o(i.FOC_Theta_Calc)
    Filter_Lowpass                           0x08001bed   Thumb Code   178  lib_filter.o(i.Filter_Lowpass)
    Filter_Lowpass_Init                      0x08001cad   Thumb Code    14  lib_filter.o(i.Filter_Lowpass_Init)
    Get_ADC_Value                            0x08001cc1   Thumb Code    10  util_adc.o(i.Get_ADC_Value)
    HAL_ADCEx_Calibration_Start              0x08001cd5   Thumb Code   138  stm32g4xx_hal_adc_ex.o(i.HAL_ADCEx_Calibration_Start)
    HAL_ADCEx_EndOfSamplingCallback          0x08001d69   Thumb Code     2  stm32g4xx_hal_adc_ex.o(i.HAL_ADCEx_EndOfSamplingCallback)
    HAL_ADCEx_InjectedConfigChannel          0x08001d6d   Thumb Code  1324  stm32g4xx_hal_adc_ex.o(i.HAL_ADCEx_InjectedConfigChannel)
    HAL_ADCEx_InjectedConvCpltCallback       0x080022cd   Thumb Code    50  util_adc.o(i.HAL_ADCEx_InjectedConvCpltCallback)
    HAL_ADCEx_InjectedGetValue               0x08002309   Thumb Code    46  stm32g4xx_hal_adc_ex.o(i.HAL_ADCEx_InjectedGetValue)
    HAL_ADCEx_InjectedQueueOverflowCallback  0x08002337   Thumb Code     2  stm32g4xx_hal_adc_ex.o(i.HAL_ADCEx_InjectedQueueOverflowCallback)
    HAL_ADCEx_InjectedStart_IT               0x08002339   Thumb Code   320  stm32g4xx_hal_adc_ex.o(i.HAL_ADCEx_InjectedStart_IT)
    HAL_ADCEx_LevelOutOfWindow2Callback      0x08002491   Thumb Code     2  stm32g4xx_hal_adc_ex.o(i.HAL_ADCEx_LevelOutOfWindow2Callback)
    HAL_ADCEx_LevelOutOfWindow3Callback      0x08002493   Thumb Code     2  stm32g4xx_hal_adc_ex.o(i.HAL_ADCEx_LevelOutOfWindow3Callback)
    HAL_ADCEx_MultiModeConfigChannel         0x08002495   Thumb Code   326  stm32g4xx_hal_adc_ex.o(i.HAL_ADCEx_MultiModeConfigChannel)
    HAL_ADC_ConfigChannel                    0x080025f5   Thumb Code  1066  stm32g4xx_hal_adc.o(i.HAL_ADC_ConfigChannel)
    HAL_ADC_ConvCpltCallback                 0x08002a61   Thumb Code     2  stm32g4xx_hal_adc.o(i.HAL_ADC_ConvCpltCallback)
    HAL_ADC_ConvHalfCpltCallback             0x08002a63   Thumb Code     2  stm32g4xx_hal_adc.o(i.HAL_ADC_ConvHalfCpltCallback)
    HAL_ADC_ErrorCallback                    0x08002a65   Thumb Code     2  stm32g4xx_hal_adc.o(i.HAL_ADC_ErrorCallback)
    HAL_ADC_IRQHandler                       0x08002a69   Thumb Code   674  stm32g4xx_hal_adc.o(i.HAL_ADC_IRQHandler)
    HAL_ADC_Init                             0x08002d21   Thumb Code   510  stm32g4xx_hal_adc.o(i.HAL_ADC_Init)
    HAL_ADC_LevelOutOfWindowCallback         0x08002f51   Thumb Code     2  stm32g4xx_hal_adc.o(i.HAL_ADC_LevelOutOfWindowCallback)
    HAL_ADC_MspInit                          0x08002f55   Thumb Code   208  adc.o(i.HAL_ADC_MspInit)
    HAL_ADC_Start_DMA                        0x08003035   Thumb Code   260  stm32g4xx_hal_adc.o(i.HAL_ADC_Start_DMA)
    HAL_DMA_Abort_IT                         0x08003161   Thumb Code   120  stm32g4xx_hal_dma.o(i.HAL_DMA_Abort_IT)
    HAL_DMA_IRQHandler                       0x080031d9   Thumb Code   186  stm32g4xx_hal_dma.o(i.HAL_DMA_IRQHandler)
    HAL_DMA_Init                             0x08003295   Thumb Code   178  stm32g4xx_hal_dma.o(i.HAL_DMA_Init)
    HAL_DMA_Start_IT                         0x08003355   Thumb Code   140  stm32g4xx_hal_dma.o(i.HAL_DMA_Start_IT)
    HAL_Delay                                0x080033e1   Thumb Code    32  stm32g4xx_hal.o(i.HAL_Delay)
    HAL_FDCAN_ActivateNotification           0x08003405   Thumb Code   224  stm32g4xx_hal_fdcan.o(i.HAL_FDCAN_ActivateNotification)
    HAL_FDCAN_AddMessageToTxFifoQ            0x080034e5   Thumb Code    74  stm32g4xx_hal_fdcan.o(i.HAL_FDCAN_AddMessageToTxFifoQ)
    HAL_FDCAN_ConfigFilter                   0x0800352f   Thumb Code    92  stm32g4xx_hal_fdcan.o(i.HAL_FDCAN_ConfigFilter)
    HAL_FDCAN_ConfigGlobalFilter             0x0800358b   Thumb Code    54  stm32g4xx_hal_fdcan.o(i.HAL_FDCAN_ConfigGlobalFilter)
    HAL_FDCAN_ErrorCallback                  0x080035c1   Thumb Code     2  stm32g4xx_hal_fdcan.o(i.HAL_FDCAN_ErrorCallback)
    HAL_FDCAN_ErrorStatusCallback            0x080035c3   Thumb Code     2  stm32g4xx_hal_fdcan.o(i.HAL_FDCAN_ErrorStatusCallback)
    HAL_FDCAN_GetRxMessage                   0x080035c5   Thumb Code   270  stm32g4xx_hal_fdcan.o(i.HAL_FDCAN_GetRxMessage)
    HAL_FDCAN_HighPriorityMessageCallback    0x080036d9   Thumb Code     2  stm32g4xx_hal_fdcan.o(i.HAL_FDCAN_HighPriorityMessageCallback)
    HAL_FDCAN_IRQHandler                     0x080036db   Thumb Code   356  stm32g4xx_hal_fdcan.o(i.HAL_FDCAN_IRQHandler)
    HAL_FDCAN_Init                           0x08003841   Thumb Code   512  stm32g4xx_hal_fdcan.o(i.HAL_FDCAN_Init)
    HAL_FDCAN_MspInit                        0x08003a59   Thumb Code   132  fdcan.o(i.HAL_FDCAN_MspInit)
    HAL_FDCAN_RxFifo0Callback                0x08003ae5   Thumb Code    88  foc_comm.o(i.HAL_FDCAN_RxFifo0Callback)
    HAL_FDCAN_RxFifo1Callback                0x08003b45   Thumb Code     2  stm32g4xx_hal_fdcan.o(i.HAL_FDCAN_RxFifo1Callback)
    HAL_FDCAN_Start                          0x08003b47   Thumb Code    44  stm32g4xx_hal_fdcan.o(i.HAL_FDCAN_Start)
    HAL_FDCAN_TimeoutOccurredCallback        0x08003b73   Thumb Code     2  stm32g4xx_hal_fdcan.o(i.HAL_FDCAN_TimeoutOccurredCallback)
    HAL_FDCAN_TimestampWraparoundCallback    0x08003b75   Thumb Code     2  stm32g4xx_hal_fdcan.o(i.HAL_FDCAN_TimestampWraparoundCallback)
    HAL_FDCAN_TxBufferAbortCallback          0x08003b77   Thumb Code     2  stm32g4xx_hal_fdcan.o(i.HAL_FDCAN_TxBufferAbortCallback)
    HAL_FDCAN_TxBufferCompleteCallback       0x08003b79   Thumb Code     2  stm32g4xx_hal_fdcan.o(i.HAL_FDCAN_TxBufferCompleteCallback)
    HAL_FDCAN_TxEventFifoCallback            0x08003b7b   Thumb Code     2  stm32g4xx_hal_fdcan.o(i.HAL_FDCAN_TxEventFifoCallback)
    HAL_FDCAN_TxFifoEmptyCallback            0x08003b7d   Thumb Code     2  stm32g4xx_hal_fdcan.o(i.HAL_FDCAN_TxFifoEmptyCallback)
    HAL_GPIO_Init                            0x08003b81   Thumb Code   550  stm32g4xx_hal_gpio.o(i.HAL_GPIO_Init)
    HAL_GPIO_ReadPin                         0x08003dc9   Thumb Code    10  stm32g4xx_hal_gpio.o(i.HAL_GPIO_ReadPin)
    HAL_GPIO_TogglePin                       0x08003dd3   Thumb Code    16  stm32g4xx_hal_gpio.o(i.HAL_GPIO_TogglePin)
    HAL_GPIO_WritePin                        0x08003de3   Thumb Code    10  stm32g4xx_hal_gpio.o(i.HAL_GPIO_WritePin)
    HAL_GetTick                              0x08003ded   Thumb Code     6  stm32g4xx_hal.o(i.HAL_GetTick)
    HAL_IncTick                              0x08003df9   Thumb Code    12  stm32g4xx_hal.o(i.HAL_IncTick)
    HAL_Init                                 0x08003e09   Thumb Code    30  stm32g4xx_hal.o(i.HAL_Init)
    HAL_InitTick                             0x08003e29   Thumb Code   118  stm32g4xx_hal_timebase_tim.o(i.HAL_InitTick)
    HAL_MspInit                              0x08003eb1   Thumb Code    42  stm32g4xx_hal_msp.o(i.HAL_MspInit)
    HAL_NVIC_EnableIRQ                       0x08003ee1   Thumb Code    26  stm32g4xx_hal_cortex.o(i.HAL_NVIC_EnableIRQ)
    HAL_NVIC_SetPriority                     0x08003efd   Thumb Code    60  stm32g4xx_hal_cortex.o(i.HAL_NVIC_SetPriority)
    HAL_NVIC_SetPriorityGrouping             0x08003f3d   Thumb Code    26  stm32g4xx_hal_cortex.o(i.HAL_NVIC_SetPriorityGrouping)
    HAL_PWREx_ControlVoltageScaling          0x08003f61   Thumb Code   174  stm32g4xx_hal_pwr_ex.o(i.HAL_PWREx_ControlVoltageScaling)
    HAL_PWREx_DisableUCPDDeadBattery         0x0800401d   Thumb Code    12  stm32g4xx_hal_pwr_ex.o(i.HAL_PWREx_DisableUCPDDeadBattery)
    HAL_RCCEx_PeriphCLKConfig                0x0800402d   Thumb Code   758  stm32g4xx_hal_rcc_ex.o(i.HAL_RCCEx_PeriphCLKConfig)
    HAL_RCC_ClockConfig                      0x0800432d   Thumb Code   444  stm32g4xx_hal_rcc.o(i.HAL_RCC_ClockConfig)
    HAL_RCC_GetClockConfig                   0x08004509   Thumb Code    54  stm32g4xx_hal_rcc.o(i.HAL_RCC_GetClockConfig)
    HAL_RCC_GetPCLK1Freq                     0x08004549   Thumb Code    24  stm32g4xx_hal_rcc.o(i.HAL_RCC_GetPCLK1Freq)
    HAL_RCC_GetSysClockFreq                  0x0800456d   Thumb Code    98  stm32g4xx_hal_rcc.o(i.HAL_RCC_GetSysClockFreq)
    HAL_RCC_OscConfig                        0x080045d9   Thumb Code  1028  stm32g4xx_hal_rcc.o(i.HAL_RCC_OscConfig)
    HAL_SPI_ErrorCallback                    0x080049dd   Thumb Code     2  stm32g4xx_hal_spi.o(i.HAL_SPI_ErrorCallback)
    HAL_SPI_IRQHandler                       0x080049e1   Thumb Code   246  stm32g4xx_hal_spi.o(i.HAL_SPI_IRQHandler)
    HAL_SPI_Init                             0x08004add   Thumb Code   234  stm32g4xx_hal_spi.o(i.HAL_SPI_Init)
    HAL_SPI_MspInit                          0x08004bc9   Thumb Code   206  spi.o(i.HAL_SPI_MspInit)
    HAL_SPI_Receive                          0x08004ca9   Thumb Code   382  stm32g4xx_hal_spi.o(i.HAL_SPI_Receive)
    HAL_SPI_Transmit                         0x08004e27   Thumb Code   398  stm32g4xx_hal_spi.o(i.HAL_SPI_Transmit)
    HAL_SPI_TransmitReceive                  0x08004fb5   Thumb Code   626  stm32g4xx_hal_spi.o(i.HAL_SPI_TransmitReceive)
    HAL_TIMEx_Break2Callback                 0x08005227   Thumb Code     2  stm32g4xx_hal_tim_ex.o(i.HAL_TIMEx_Break2Callback)
    HAL_TIMEx_BreakCallback                  0x08005229   Thumb Code     2  stm32g4xx_hal_tim_ex.o(i.HAL_TIMEx_BreakCallback)
    HAL_TIMEx_CommutCallback                 0x0800522b   Thumb Code     2  stm32g4xx_hal_tim_ex.o(i.HAL_TIMEx_CommutCallback)
    HAL_TIMEx_ConfigBreakDeadTime            0x0800522d   Thumb Code   154  stm32g4xx_hal_tim_ex.o(i.HAL_TIMEx_ConfigBreakDeadTime)
    HAL_TIMEx_DirectionChangeCallback        0x080052d5   Thumb Code     2  stm32g4xx_hal_tim_ex.o(i.HAL_TIMEx_DirectionChangeCallback)
    HAL_TIMEx_EnableDeadTimePreload          0x080052d7   Thumb Code    14  stm32g4xx_hal_tim_ex.o(i.HAL_TIMEx_EnableDeadTimePreload)
    HAL_TIMEx_EncoderIndexCallback           0x080052e5   Thumb Code     2  stm32g4xx_hal_tim_ex.o(i.HAL_TIMEx_EncoderIndexCallback)
    HAL_TIMEx_IndexErrorCallback             0x080052e7   Thumb Code     2  stm32g4xx_hal_tim_ex.o(i.HAL_TIMEx_IndexErrorCallback)
    HAL_TIMEx_MasterConfigSynchronization    0x080052e9   Thumb Code   150  stm32g4xx_hal_tim_ex.o(i.HAL_TIMEx_MasterConfigSynchronization)
    HAL_TIMEx_PWMN_Start                     0x080053a1   Thumb Code   170  stm32g4xx_hal_tim_ex.o(i.HAL_TIMEx_PWMN_Start)
    HAL_TIMEx_TransitionErrorCallback        0x0800546d   Thumb Code     2  stm32g4xx_hal_tim_ex.o(i.HAL_TIMEx_TransitionErrorCallback)
    HAL_TIM_Base_Init                        0x0800546f   Thumb Code    98  stm32g4xx_hal_tim.o(i.HAL_TIM_Base_Init)
    HAL_TIM_Base_MspInit                     0x080054d1   Thumb Code   102  tim.o(i.HAL_TIM_Base_MspInit)
    HAL_TIM_Base_Start                       0x08005545   Thumb Code    96  stm32g4xx_hal_tim.o(i.HAL_TIM_Base_Start)
    HAL_TIM_Base_Start_IT                    0x080055c5   Thumb Code   106  stm32g4xx_hal_tim.o(i.HAL_TIM_Base_Start_IT)
    HAL_TIM_ConfigClockSource                0x08005651   Thumb Code   234  stm32g4xx_hal_tim.o(i.HAL_TIM_ConfigClockSource)
    HAL_TIM_IC_CaptureCallback               0x08005741   Thumb Code     2  stm32g4xx_hal_tim.o(i.HAL_TIM_IC_CaptureCallback)
    HAL_TIM_IRQHandler                       0x08005743   Thumb Code   418  stm32g4xx_hal_tim.o(i.HAL_TIM_IRQHandler)
    HAL_TIM_MspPostInit                      0x080058e5   Thumb Code   130  tim.o(i.HAL_TIM_MspPostInit)
    HAL_TIM_OC_DelayElapsedCallback          0x08005975   Thumb Code     2  stm32g4xx_hal_tim.o(i.HAL_TIM_OC_DelayElapsedCallback)
    HAL_TIM_PWM_ConfigChannel                0x08005977   Thumb Code   292  stm32g4xx_hal_tim.o(i.HAL_TIM_PWM_ConfigChannel)
    HAL_TIM_PWM_Init                         0x08005a9b   Thumb Code    98  stm32g4xx_hal_tim.o(i.HAL_TIM_PWM_Init)
    HAL_TIM_PWM_MspInit                      0x08005afd   Thumb Code     2  stm32g4xx_hal_tim.o(i.HAL_TIM_PWM_MspInit)
    HAL_TIM_PWM_PulseFinishedCallback        0x08005aff   Thumb Code     2  stm32g4xx_hal_tim.o(i.HAL_TIM_PWM_PulseFinishedCallback)
    HAL_TIM_PWM_Start                        0x08005b01   Thumb Code   234  stm32g4xx_hal_tim.o(i.HAL_TIM_PWM_Start)
    HAL_TIM_PWM_Start_IT                     0x08005c15   Thumb Code   278  stm32g4xx_hal_tim.o(i.HAL_TIM_PWM_Start_IT)
    HAL_TIM_PeriodElapsedCallback            0x08005d55   Thumb Code    94  main.o(i.HAL_TIM_PeriodElapsedCallback)
    HAL_TIM_TriggerCallback                  0x08005dc5   Thumb Code     2  stm32g4xx_hal_tim.o(i.HAL_TIM_TriggerCallback)
    HardFault_Handler                        0x08005dc7   Thumb Code     2  stm32g4xx_it.o(i.HardFault_Handler)
    Hz2PSC                                   0x08005dc9   Thumb Code    30  init_music.o(i.Hz2PSC)
    Inv_Park_transform                       0x08005df1   Thumb Code    84  foc_control.o(i.Inv_Park_transform)
    MT6825_Continuous_Reading_Init           0x08005ee9   Thumb Code    48  mt6825_spi.o(i.MT6825_Continuous_Reading_Init)
    MX_ADC1_Init                             0x08005f19   Thumb Code   314  adc.o(i.MX_ADC1_Init)
    MX_DMA_Init                              0x08006075   Thumb Code   104  dma.o(i.MX_DMA_Init)
    MX_FDCAN1_Init                           0x080060e1   Thumb Code    80  fdcan.o(i.MX_FDCAN1_Init)
    MX_GPIO_Init                             0x08006139   Thumb Code   168  gpio.o(i.MX_GPIO_Init)
    MX_SPI1_Init                             0x080061e9   Thumb Code    72  spi.o(i.MX_SPI1_Init)
    MX_TIM1_Init                             0x08006239   Thumb Code   258  tim.o(i.MX_TIM1_Init)
    MX_TIM3_Init                             0x08006345   Thumb Code   102  tim.o(i.MX_TIM3_Init)
    Math_Differential                        0x080063b5   Thumb Code    44  lib_math.o(i.Math_Differential)
    MemManage_Handler                        0x080063e1   Thumb Code     2  stm32g4xx_it.o(i.MemManage_Handler)
    Ms_Delay                                 0x080063e3   Thumb Code    12  init_music.o(i.Ms_Delay)
    NMI_Handler                              0x080063ef   Thumb Code     2  stm32g4xx_it.o(i.NMI_Handler)
    PID_Calc                                 0x080063f1   Thumb Code   644  alg_pid.o(i.PID_Calc)
    PID_Clear                                0x08006675   Thumb Code    58  alg_pid.o(i.PID_Clear)
    PID_GetOutput                            0x080066b5   Thumb Code     6  alg_pid.o(i.PID_GetOutput)
    PID_Init                                 0x080066bb   Thumb Code    66  alg_pid.o(i.PID_Init)
    PID_SetFdb                               0x080066fd   Thumb Code     6  alg_pid.o(i.PID_SetFdb)
    PID_SetRef                               0x08006703   Thumb Code     6  alg_pid.o(i.PID_SetRef)
    Park_transform                           0x08006709   Thumb Code    84  foc_control.o(i.Park_transform)
    PendSV_Handler                           0x0800675d   Thumb Code     2  stm32g4xx_it.o(i.PendSV_Handler)
    SPI1_IRQHandler                          0x08006761   Thumb Code     6  stm32g4xx_it.o(i.SPI1_IRQHandler)
    SVC_Handler                              0x080069d5   Thumb Code     2  stm32g4xx_it.o(i.SVC_Handler)
    SlidingWindowFilter_Init                 0x080069d9   Thumb Code    58  alg_swf.o(i.SlidingWindowFilter_Init)
    SlidingWindowFilter_Update               0x08006a19   Thumb Code    62  alg_swf.o(i.SlidingWindowFilter_Update)
    SysTick_Handler                          0x08006a57   Thumb Code     2  stm32g4xx_it.o(i.SysTick_Handler)
    SystemClock_Config                       0x08006a59   Thumb Code   104  main.o(i.SystemClock_Config)
    SystemInit                               0x08006ac1   Thumb Code    12  system_stm32g4xx.o(i.SystemInit)
    TIM1_BRK_TIM15_IRQHandler                0x08006ad1   Thumb Code     6  stm32g4xx_it.o(i.TIM1_BRK_TIM15_IRQHandler)
    TIM1_UP_TIM16_IRQHandler                 0x08006add   Thumb Code     6  stm32g4xx_it.o(i.TIM1_UP_TIM16_IRQHandler)
    TIM2_IRQHandler                          0x08006ae9   Thumb Code     6  stm32g4xx_it.o(i.TIM2_IRQHandler)
    TIM3_IRQHandler                          0x08006af5   Thumb Code     6  stm32g4xx_it.o(i.TIM3_IRQHandler)
    TIM_Base_SetConfig                       0x08006b01   Thumb Code   190  stm32g4xx_hal_tim.o(i.TIM_Base_SetConfig)
    TIM_CCxChannelCmd                        0x08006be5   Thumb Code    26  stm32g4xx_hal_tim.o(i.TIM_CCxChannelCmd)
    TIM_ETR_SetConfig                        0x08006c19   Thumb Code    20  stm32g4xx_hal_tim.o(i.TIM_ETR_SetConfig)
    TIM_OC2_SetConfig                        0x08006ced   Thumb Code   132  stm32g4xx_hal_tim.o(i.TIM_OC2_SetConfig)
    UsageFault_Handler                       0x08007007   Thumb Code     2  stm32g4xx_it.o(i.UsageFault_Handler)
    allOff                                   0x08007029   Thumb Code    16  init_music.o(i.allOff)
    comStep                                  0x0800703d   Thumb Code    68  init_music.o(i.comStep)
    main                                     0x08007089   Thumb Code    42  main.o(i.main)
    playStartupTune                          0x080070b5   Thumb Code   162  init_music.o(i.playStartupTune)
    setCaptureCompare                        0x08007165   Thumb Code    18  init_music.o(i.setCaptureCompare)
    setVolume                                0x08007181   Thumb Code    14  init_music.o(i.setVolume)
    __fpl_exception                          0x08007195   Thumb Code   454  except.o(x$fpl$exception)
    __aeabi_ul2f                             0x08007381   Thumb Code     0  ffltll_clz.o(x$fpl$ffltll)
    _ll_uto_f                                0x08007381   Thumb Code     6  ffltll_clz.o(x$fpl$ffltll)
    __aeabi_l2f                              0x08007387   Thumb Code     0  ffltll_clz.o(x$fpl$ffltll)
    _ll_sto_f                                0x08007387   Thumb Code   152  ffltll_clz.o(x$fpl$ffltll)
    _fp_init                                 0x0800741f   Thumb Code    10  fpinit.o(x$fpl$fpinit)
    __fplib_config_fpu_vfp                   0x08007427   Thumb Code     0  fpinit.o(x$fpl$fpinit)
    __fplib_config_pureend_doubles           0x08007427   Thumb Code     0  fpinit.o(x$fpl$fpinit)
    __fpl_return_NaN                         0x08007429   Thumb Code   178  retnan.o(x$fpl$retnan)
    _fp_trapveneer                           0x080074db   Thumb Code    36  trapv.o(x$fpl$trapveneer)
    __fpl_cmpreturn                          0x080074ff   Thumb Code    90  trapv.o(x$fpl$trapveneer)
    __I$use$fp                               0x08007558   Number         0  usenofp.o(x$fpl$usenofp)
    AHBPrescTable                            0x08007568   Data          16  system_stm32g4xx.o(.constdata)
    APBPrescTable                            0x08007578   Data           8  system_stm32g4xx.o(.constdata)
    sinTable_f32                             0x080075a0   Data        2052  arm_common_tables.o(.constdata)
    Region$$Table$$Base                      0x08007da4   Number         0  anon$$obj.o(Region$$Table)
    Region$$Table$$Limit                     0x08007dc4   Number         0  anon$$obj.o(Region$$Table)
    uwTickPrio                               0x20000004   Data           4  stm32g4xx_hal.o(.data)
    uwTickFreq                               0x20000008   Data           4  stm32g4xx_hal.o(.data)
    uwTick                                   0x2000000c   Data           4  stm32g4xx_hal.o(.data)
    SystemCoreClock                          0x20000010   Data           4  system_stm32g4xx.o(.data)
    Motor_Comm                               0x20000014   Data         120  foc_comm.o(.data)
    Motor_Error                              0x20000094   Data          10  foc_error.o(.data)
    beep_volume                              0x200000a0   Data           1  init_music.o(.data)
    time_p                                   0x200000a4   Data           4  init_music.o(.data)
    noteIndex                                0x200000a8   Data           4  init_music.o(.data)
    score                                    0x200000ac   Data         108  init_music.o(.data)
    melody                                   0x20000118   Data          12  init_music.o(.data)
    duration                                 0x20000124   Data          12  init_music.o(.data)
    ADC_INJECTED_RANK                        0x20000134   Data          16  util_adc.o(.data)
    task_freq                                0x2000014c   Data           4  sys_dwt.o(.data)
    big_num                                  0x20000150   Data           4  sys_dwt.o(.data)
    small_num                                0x20000154   Data           4  sys_dwt.o(.data)
    tick_last                                0x20000158   Data           8  sys_dwt.o(.data)
    rx_flag                                  0x20000163   Data           8  mt6825_spi.o(.data)
    MT6825_angle_buffer                      0x2000016c   Data           4  mt6825_spi.o(.data)
    hadc1                                    0x20000170   Data         108  adc.o(.bss)
    hdma_adc1                                0x200001dc   Data          96  adc.o(.bss)
    hfdcan1                                  0x2000023c   Data         100  fdcan.o(.bss)
    hspi1                                    0x200002a0   Data         100  spi.o(.bss)
    hdma_spi1_rx                             0x20000304   Data          96  spi.o(.bss)
    hdma_spi1_tx                             0x20000364   Data          96  spi.o(.bss)
    htim1                                    0x200003c4   Data          76  tim.o(.bss)
    htim3                                    0x20000410   Data          76  tim.o(.bss)
    htim2                                    0x2000045c   Data          76  stm32g4xx_hal_timebase_tim.o(.bss)
    Motor_Run                                0x200004a8   Data          20  foc_control.o(.bss)
    Motor_FOC                                0x200004bc   Data         188  foc_control.o(.bss)
    Current_Id_PID                           0x20000578   Data         156  foc_control.o(.bss)
    Current_Iq_PID                           0x20000614   Data         156  foc_control.o(.bss)
    Position_PID                             0x200006b0   Data         156  foc_control.o(.bss)
    Adc_Val                                  0x2000074c   Data          14  util_adc.o(.bss)
    Adc_Sum_Val                              0x2000075c   Data          28  util_adc.o(.bss)
    ADC_SWF                                  0x20000778   Data         112  util_adc.o(.bss)
    Adc_Sum_Temp                             0x200007e8   Data         224  util_adc.o(.bss)
    Motor_ADC                                0x200008c8   Data          32  util_adc.o(.bss)
    ptxhead                                  0x200008e8   Data          36  util_fdcan.o(.bss)
    txhead                                   0x2000090c   Data          36  util_fdcan.o(.bss)
    DWTData                                  0x20000930   Data          48  sys_dwt.o(.bss)
    MT6825_spi                               0x20000960   Data          92  mt6825_spi.o(.bss)
    MT6825_diff_Filter                       0x200009bc   Data          16  mt6825_spi.o(.bss)
    MT6825_angle_Filter                      0x200009cc   Data          16  mt6825_spi.o(.bss)
    MT6825_acc_Filter                        0x200009dc   Data          16  mt6825_spi.o(.bss)
    MT6825_diff_buffer                       0x200009ec   Data         512  mt6825_spi.o(.bss)
    MT6825_acc_buffer                        0x20000bec   Data         128  mt6825_spi.o(.bss)
    __libspace_start                         0x20000c6c   Data          96  libspace.o(.bss)
    __temporary_stack_top$libspace           0x20000ccc   Data           0  libspace.o(.bss)



==============================================================================

Memory Map of the image

  Image Entry point : 0x080001d9

  Load Region LR_IROM1 (Base: 0x08000000, Size: 0x00007f34, Max: 0x00080000, ABSOLUTE, COMPRESSED[0x00007e3c])

    Execution Region ER_IROM1 (Base: 0x08000000, Size: 0x00007dc4, Max: 0x00080000, ABSOLUTE)

    Base Addr    Size         Type   Attr      Idx    E Section Name        Object

    0x08000000   0x000001d8   Data   RO            3    RESET               startup_stm32g474xx.o
    0x080001d8   0x00000008   Code   RO         6470  * !!!main             c_w.l(__main.o)
    0x080001e0   0x00000034   Code   RO         6819    !!!scatter          c_w.l(__scatter.o)
    0x08000214   0x0000005a   Code   RO         6817    !!dczerorl2         c_w.l(__dczerorl2.o)
    0x0800026e   0x00000002   PAD
    0x08000270   0x0000001c   Code   RO         6821    !!handler_zi        c_w.l(__scatter_zi.o)
    0x0800028c   0x00000002   Code   RO         6756    .ARM.Collect$$libinit$$00000000  c_w.l(libinit.o)
    0x0800028e   0x00000004   Code   RO         6578    .ARM.Collect$$libinit$$00000001  c_w.l(libinit2.o)
    0x08000292   0x00000000   Code   RO         6581    .ARM.Collect$$libinit$$00000004  c_w.l(libinit2.o)
    0x08000292   0x00000000   Code   RO         6584    .ARM.Collect$$libinit$$0000000A  c_w.l(libinit2.o)
    0x08000292   0x00000000   Code   RO         6586    .ARM.Collect$$libinit$$0000000C  c_w.l(libinit2.o)
    0x08000292   0x00000000   Code   RO         6588    .ARM.Collect$$libinit$$0000000E  c_w.l(libinit2.o)
    0x08000292   0x00000000   Code   RO         6591    .ARM.Collect$$libinit$$00000011  c_w.l(libinit2.o)
    0x08000292   0x00000000   Code   RO         6593    .ARM.Collect$$libinit$$00000013  c_w.l(libinit2.o)
    0x08000292   0x00000000   Code   RO         6595    .ARM.Collect$$libinit$$00000015  c_w.l(libinit2.o)
    0x08000292   0x00000000   Code   RO         6597    .ARM.Collect$$libinit$$00000017  c_w.l(libinit2.o)
    0x08000292   0x00000000   Code   RO         6599    .ARM.Collect$$libinit$$00000019  c_w.l(libinit2.o)
    0x08000292   0x00000000   Code   RO         6601    .ARM.Collect$$libinit$$0000001B  c_w.l(libinit2.o)
    0x08000292   0x00000000   Code   RO         6603    .ARM.Collect$$libinit$$0000001D  c_w.l(libinit2.o)
    0x08000292   0x00000000   Code   RO         6605    .ARM.Collect$$libinit$$0000001F  c_w.l(libinit2.o)
    0x08000292   0x00000000   Code   RO         6607    .ARM.Collect$$libinit$$00000021  c_w.l(libinit2.o)
    0x08000292   0x00000000   Code   RO         6609    .ARM.Collect$$libinit$$00000023  c_w.l(libinit2.o)
    0x08000292   0x00000000   Code   RO         6611    .ARM.Collect$$libinit$$00000025  c_w.l(libinit2.o)
    0x08000292   0x00000000   Code   RO         6615    .ARM.Collect$$libinit$$0000002C  c_w.l(libinit2.o)
    0x08000292   0x00000000   Code   RO         6617    .ARM.Collect$$libinit$$0000002E  c_w.l(libinit2.o)
    0x08000292   0x00000000   Code   RO         6619    .ARM.Collect$$libinit$$00000030  c_w.l(libinit2.o)
    0x08000292   0x00000000   Code   RO         6621    .ARM.Collect$$libinit$$00000032  c_w.l(libinit2.o)
    0x08000292   0x00000002   Code   RO         6622    .ARM.Collect$$libinit$$00000033  c_w.l(libinit2.o)
    0x08000294   0x00000002   Code   RO         6814    .ARM.Collect$$libshutdown$$00000000  c_w.l(libshutdown.o)
    0x08000296   0x00000000   Code   RO         6772    .ARM.Collect$$libshutdown$$00000002  c_w.l(libshutdown2.o)
    0x08000296   0x00000000   Code   RO         6774    .ARM.Collect$$libshutdown$$00000004  c_w.l(libshutdown2.o)
    0x08000296   0x00000000   Code   RO         6777    .ARM.Collect$$libshutdown$$00000007  c_w.l(libshutdown2.o)
    0x08000296   0x00000000   Code   RO         6780    .ARM.Collect$$libshutdown$$0000000A  c_w.l(libshutdown2.o)
    0x08000296   0x00000000   Code   RO         6782    .ARM.Collect$$libshutdown$$0000000C  c_w.l(libshutdown2.o)
    0x08000296   0x00000000   Code   RO         6785    .ARM.Collect$$libshutdown$$0000000F  c_w.l(libshutdown2.o)
    0x08000296   0x00000002   Code   RO         6786    .ARM.Collect$$libshutdown$$00000010  c_w.l(libshutdown2.o)
    0x08000298   0x00000000   Code   RO         6538    .ARM.Collect$$rtentry$$00000000  c_w.l(__rtentry.o)
    0x08000298   0x00000000   Code   RO         6684    .ARM.Collect$$rtentry$$00000002  c_w.l(__rtentry2.o)
    0x08000298   0x00000006   Code   RO         6696    .ARM.Collect$$rtentry$$00000004  c_w.l(__rtentry4.o)
    0x0800029e   0x00000000   Code   RO         6686    .ARM.Collect$$rtentry$$00000009  c_w.l(__rtentry2.o)
    0x0800029e   0x00000004   Code   RO         6687    .ARM.Collect$$rtentry$$0000000A  c_w.l(__rtentry2.o)
    0x080002a2   0x00000000   Code   RO         6689    .ARM.Collect$$rtentry$$0000000C  c_w.l(__rtentry2.o)
    0x080002a2   0x00000008   Code   RO         6690    .ARM.Collect$$rtentry$$0000000D  c_w.l(__rtentry2.o)
    0x080002aa   0x00000002   Code   RO         6759    .ARM.Collect$$rtexit$$00000000  c_w.l(rtexit.o)
    0x080002ac   0x00000000   Code   RO         6790    .ARM.Collect$$rtexit$$00000002  c_w.l(rtexit2.o)
    0x080002ac   0x00000004   Code   RO         6791    .ARM.Collect$$rtexit$$00000003  c_w.l(rtexit2.o)
    0x080002b0   0x00000006   Code   RO         6792    .ARM.Collect$$rtexit$$00000004  c_w.l(rtexit2.o)
    0x080002b6   0x00000002   PAD
    0x080002b8   0x00000040   Code   RO            4    .text               startup_stm32g474xx.o
    0x080002f8   0x00000078   Code   RO         6107    .text               arm_cortexM4lf_math.lib(arm_cos_f32.o)
    0x08000370   0x00000094   Code   RO         6157    .text               arm_cortexM4lf_math.lib(arm_sin_f32.o)
    0x08000404   0x000000ee   Code   RO         6462    .text               c_w.l(lludivv7m.o)
    0x080004f2   0x00000064   Code   RO         6464    .text               c_w.l(rt_memcpy_w.o)
    0x08000556   0x0000004e   Code   RO         6466    .text               c_w.l(rt_memclr_w.o)
    0x080005a4   0x00000006   Code   RO         6468    .text               c_w.l(heapauxi.o)
    0x080005aa   0x00000002   PAD
    0x080005ac   0x00000008   Code   RO         6680    .text               c_w.l(libspace.o)
    0x080005b4   0x00000030   Code   RO         6713    .text               c_w.l(_fptrap.o)
    0x080005e4   0x00000002   Code   RO         6728    .text               c_w.l(use_no_semi.o)
    0x080005e6   0x00000000   Code   RO         6730    .text               c_w.l(indicate_semi.o)
    0x080005e6   0x0000004a   Code   RO         6731    .text               c_w.l(sys_stackheap_outer.o)
    0x08000630   0x00000012   Code   RO         6737    .text               c_w.l(exit.o)
    0x08000642   0x0000000a   Code   RO         6739    .text               c_w.l(defsig_exit.o)
    0x0800064c   0x0000000e   Code   RO         6741    .text               c_w.l(defsig_fpe_outer.o)
    0x0800065a   0x00000002   PAD
    0x0800065c   0x0000000c   Code   RO         6757    .text               c_w.l(sys_exit.o)
    0x08000668   0x00000032   Code   RO         6767    .text               c_w.l(defsig_general.o)
    0x0800069a   0x00000002   PAD
    0x0800069c   0x000000ac   Code   RO         6769    .text               c_w.l(defsig_fpe_inner.o)
    0x08000748   0x0000000e   Code   RO         6787    .text               c_w.l(sys_wrch.o)
    0x08000756   0x00000002   PAD
    0x08000758   0x0000000c   Code   RO          606    i.ADC1_2_IRQHandler  stm32g4xx_it.o
    0x08000764   0x00000068   Code   RO         1951    i.ADC_DMAConvCplt   stm32g4xx_hal_adc.o
    0x080007cc   0x0000001a   Code   RO         1952    i.ADC_DMAError      stm32g4xx_hal_adc.o
    0x080007e6   0x0000000a   Code   RO         1953    i.ADC_DMAHalfConvCplt  stm32g4xx_hal_adc.o
    0x080007f0   0x00000070   Code   RO         1954    i.ADC_Disable       stm32g4xx_hal_adc.o
    0x08000860   0x000000c4   Code   RO         1955    i.ADC_Enable        stm32g4xx_hal_adc.o
    0x08000924   0x0000002c   Code   RO         5000    i.ADC_Struct_Init   util_adc.o
    0x08000950   0x00000070   Code   RO         5002    i.Adc_Init          util_adc.o
    0x080009c0   0x00000070   Code   RO         5003    i.Adc_Injected_Val_Decode  util_adc.o
    0x08000a30   0x00000094   Code   RO         5004    i.Adc_Val_Decode    util_adc.o
    0x08000ac4   0x00000002   Code   RO          607    i.BusFault_Handler  stm32g4xx_it.o
    0x08000ac6   0x00000002   PAD
    0x08000ac8   0x000001f8   Code   RO         4784    i.CALC_SVPWM        foc_control.o
    0x08000cc0   0x00000028   Code   RO         5435    i.CAL_Pin_Align     drv8323_util.o
    0x08000ce8   0x0000001c   Code   RO         4786    i.Clarke_transform  foc_control.o
    0x08000d04   0x0000000c   Code   RO          608    i.DMA1_Channel1_IRQHandler  stm32g4xx_it.o
    0x08000d10   0x0000000c   Code   RO          609    i.DMA2_Channel1_IRQHandler  stm32g4xx_it.o
    0x08000d1c   0x0000000c   Code   RO          610    i.DMA2_Channel2_IRQHandler  stm32g4xx_it.o
    0x08000d28   0x00000040   Code   RO         3264    i.DMA_CalcDMAMUXChannelBaseAndMask  stm32g4xx_hal_dma.o
    0x08000d68   0x00000024   Code   RO         3265    i.DMA_CalcDMAMUXRequestGenBaseAndMask  stm32g4xx_hal_dma.o
    0x08000d8c   0x0000003e   Code   RO         3266    i.DMA_SetConfig     stm32g4xx_hal_dma.o
    0x08000dca   0x00000002   PAD
    0x08000dcc   0x0000001c   Code   RO         5437    i.DRV8323_Enable    drv8323_util.o
    0x08000de8   0x0000000e   Code   RO         5438    i.DRV8323_Init      drv8323_util.o
    0x08000df6   0x00000002   PAD
    0x08000df8   0x0000003c   Code   RO         5334    i.DWT_CNT_Update    sys_dwt.o
    0x08000e34   0x00000034   Code   RO         5336    i.DWT_Delayms       sys_dwt.o
    0x08000e68   0x0000002c   Code   RO         5343    i.DWT_GetTimeline_us  sys_dwt.o
    0x08000e94   0x0000004c   Code   RO         5344    i.DWT_Init          sys_dwt.o
    0x08000ee0   0x00000094   Code   RO         5345    i.DWT_SysTimeUpdate  sys_dwt.o
    0x08000f74   0x00000002   Code   RO          611    i.DebugMon_Handler  stm32g4xx_it.o
    0x08000f76   0x00000002   PAD
    0x08000f78   0x00000054   Code   RO         5479    i.Encoder_Read_Reg  mt6825_spi.o
    0x08000fcc   0x000001a0   Code   RO         5480    i.Encoder_SPI_Data_Process  mt6825_spi.o
    0x0800116c   0x00000020   Code   RO         5481    i.Encoder_SPI_Get_Angle  mt6825_spi.o
    0x0800118c   0x0000008c   Code   RO         5484    i.Encoder_SPI_Init  mt6825_spi.o
    0x08001218   0x00000004   Code   RO           13    i.Error_Handler     main.o
    0x0800121c   0x00000090   Code   RO         4884    i.Error_Main_Loop   foc_error.o
    0x080012ac   0x00000018   Code   RO         4885    i.Error_Struct_Init  foc_error.o
    0x080012c4   0x0000000c   Code   RO          612    i.FDCAN1_IT0_IRQHandler  stm32g4xx_it.o
    0x080012d0   0x00000064   Code   RO         3918    i.FDCAN_CopyMessageToRAM  stm32g4xx_hal_fdcan.o
    0x08001334   0x00000002   Code   RO         5092    i.FDCAN_ErrorHandler  util_fdcan.o
    0x08001336   0x00000028   Code   RO         5093    i.FDCAN_InitTxHander  util_fdcan.o
    0x0800135e   0x00000002   PAD
    0x08001360   0x00000078   Code   RO         4692    i.FDCAN_IntFilterAndStart  foc_comm.o
    0x080013d8   0x00000038   Code   RO         5094    i.FDCAN_SendMessageWithBaudSwitch  util_fdcan.o
    0x08001410   0x0000017c   Code   RO         4693    i.FOC_Comm_Handler  foc_comm.o
    0x0800158c   0x00000024   Code   RO         4694    i.FOC_Comm_State_Updata  foc_comm.o
    0x080015b0   0x000000cc   Code   RO         4695    i.FOC_Comm_TxData_Encoder  foc_comm.o
    0x0800167c   0x0000004c   Code   RO         4787    i.FOC_ElecTheta_Calc  foc_control.o
    0x080016c8   0x00000138   Code   RO         4788    i.FOC_Main_Init     foc_control.o
    0x08001800   0x000001ac   Code   RO         4789    i.FOC_Main_Loop_H_Freq  foc_control.o
    0x080019ac   0x00000094   Code   RO         4790    i.FOC_Main_Loop_L_Freq  foc_control.o
    0x08001a40   0x000000dc   Code   RO         4791    i.FOC_PID_Init      foc_control.o
    0x08001b1c   0x00000094   Code   RO         4792    i.FOC_Struct_Init   foc_control.o
    0x08001bb0   0x0000003c   Code   RO         4793    i.FOC_Theta_Calc    foc_control.o
    0x08001bec   0x000000c0   Code   RO         5972    i.Filter_Lowpass    lib_filter.o
    0x08001cac   0x00000014   Code   RO         5973    i.Filter_Lowpass_Init  lib_filter.o
    0x08001cc0   0x00000014   Code   RO         5005    i.Get_ADC_Value     util_adc.o
    0x08001cd4   0x00000094   Code   RO         2188    i.HAL_ADCEx_Calibration_Start  stm32g4xx_hal_adc_ex.o
    0x08001d68   0x00000002   Code   RO         2192    i.HAL_ADCEx_EndOfSamplingCallback  stm32g4xx_hal_adc_ex.o
    0x08001d6a   0x00000002   PAD
    0x08001d6c   0x00000560   Code   RO         2194    i.HAL_ADCEx_InjectedConfigChannel  stm32g4xx_hal_adc_ex.o
    0x080022cc   0x0000003c   Code   RO         5006    i.HAL_ADCEx_InjectedConvCpltCallback  util_adc.o
    0x08002308   0x0000002e   Code   RO         2196    i.HAL_ADCEx_InjectedGetValue  stm32g4xx_hal_adc_ex.o
    0x08002336   0x00000002   Code   RO         2198    i.HAL_ADCEx_InjectedQueueOverflowCallback  stm32g4xx_hal_adc_ex.o
    0x08002338   0x00000158   Code   RO         2200    i.HAL_ADCEx_InjectedStart_IT  stm32g4xx_hal_adc_ex.o
    0x08002490   0x00000002   Code   RO         2203    i.HAL_ADCEx_LevelOutOfWindow2Callback  stm32g4xx_hal_adc_ex.o
    0x08002492   0x00000002   Code   RO         2204    i.HAL_ADCEx_LevelOutOfWindow3Callback  stm32g4xx_hal_adc_ex.o
    0x08002494   0x00000160   Code   RO         2205    i.HAL_ADCEx_MultiModeConfigChannel  stm32g4xx_hal_adc_ex.o
    0x080025f4   0x0000046c   Code   RO         1957    i.HAL_ADC_ConfigChannel  stm32g4xx_hal_adc.o
    0x08002a60   0x00000002   Code   RO         1958    i.HAL_ADC_ConvCpltCallback  stm32g4xx_hal_adc.o
    0x08002a62   0x00000002   Code   RO         1959    i.HAL_ADC_ConvHalfCpltCallback  stm32g4xx_hal_adc.o
    0x08002a64   0x00000002   Code   RO         1961    i.HAL_ADC_ErrorCallback  stm32g4xx_hal_adc.o
    0x08002a66   0x00000002   PAD
    0x08002a68   0x000002b8   Code   RO         1965    i.HAL_ADC_IRQHandler  stm32g4xx_hal_adc.o
    0x08002d20   0x00000230   Code   RO         1966    i.HAL_ADC_Init      stm32g4xx_hal_adc.o
    0x08002f50   0x00000002   Code   RO         1967    i.HAL_ADC_LevelOutOfWindowCallback  stm32g4xx_hal_adc.o
    0x08002f52   0x00000002   PAD
    0x08002f54   0x000000e0   Code   RO          400    i.HAL_ADC_MspInit   adc.o
    0x08003034   0x0000012c   Code   RO         1974    i.HAL_ADC_Start_DMA  stm32g4xx_hal_adc.o
    0x08003160   0x00000078   Code   RO         3268    i.HAL_DMA_Abort_IT  stm32g4xx_hal_dma.o
    0x080031d8   0x000000ba   Code   RO         3272    i.HAL_DMA_IRQHandler  stm32g4xx_hal_dma.o
    0x08003292   0x00000002   PAD
    0x08003294   0x000000c0   Code   RO         3273    i.HAL_DMA_Init      stm32g4xx_hal_dma.o
    0x08003354   0x0000008c   Code   RO         3277    i.HAL_DMA_Start_IT  stm32g4xx_hal_dma.o
    0x080033e0   0x00000024   Code   RO         2404    i.HAL_Delay         stm32g4xx_hal.o
    0x08003404   0x000000e0   Code   RO         3920    i.HAL_FDCAN_ActivateNotification  stm32g4xx_hal_fdcan.o
    0x080034e4   0x0000004a   Code   RO         3921    i.HAL_FDCAN_AddMessageToTxFifoQ  stm32g4xx_hal_fdcan.o
    0x0800352e   0x0000005c   Code   RO         3923    i.HAL_FDCAN_ConfigFilter  stm32g4xx_hal_fdcan.o
    0x0800358a   0x00000036   Code   RO         3924    i.HAL_FDCAN_ConfigGlobalFilter  stm32g4xx_hal_fdcan.o
    0x080035c0   0x00000002   Code   RO         3944    i.HAL_FDCAN_ErrorCallback  stm32g4xx_hal_fdcan.o
    0x080035c2   0x00000002   Code   RO         3945    i.HAL_FDCAN_ErrorStatusCallback  stm32g4xx_hal_fdcan.o
    0x080035c4   0x00000114   Code   RO         3954    i.HAL_FDCAN_GetRxMessage  stm32g4xx_hal_fdcan.o
    0x080036d8   0x00000002   Code   RO         3960    i.HAL_FDCAN_HighPriorityMessageCallback  stm32g4xx_hal_fdcan.o
    0x080036da   0x00000164   Code   RO         3961    i.HAL_FDCAN_IRQHandler  stm32g4xx_hal_fdcan.o
    0x0800383e   0x00000002   PAD
    0x08003840   0x00000218   Code   RO         3962    i.HAL_FDCAN_Init    stm32g4xx_hal_fdcan.o
    0x08003a58   0x0000008c   Code   RO          469    i.HAL_FDCAN_MspInit  fdcan.o
    0x08003ae4   0x00000060   Code   RO         4696    i.HAL_FDCAN_RxFifo0Callback  foc_comm.o
    0x08003b44   0x00000002   Code   RO         3970    i.HAL_FDCAN_RxFifo1Callback  stm32g4xx_hal_fdcan.o
    0x08003b46   0x0000002c   Code   RO         3971    i.HAL_FDCAN_Start   stm32g4xx_hal_fdcan.o
    0x08003b72   0x00000002   Code   RO         3973    i.HAL_FDCAN_TimeoutOccurredCallback  stm32g4xx_hal_fdcan.o
    0x08003b74   0x00000002   Code   RO         3974    i.HAL_FDCAN_TimestampWraparoundCallback  stm32g4xx_hal_fdcan.o
    0x08003b76   0x00000002   Code   RO         3975    i.HAL_FDCAN_TxBufferAbortCallback  stm32g4xx_hal_fdcan.o
    0x08003b78   0x00000002   Code   RO         3976    i.HAL_FDCAN_TxBufferCompleteCallback  stm32g4xx_hal_fdcan.o
    0x08003b7a   0x00000002   Code   RO         3977    i.HAL_FDCAN_TxEventFifoCallback  stm32g4xx_hal_fdcan.o
    0x08003b7c   0x00000002   Code   RO         3978    i.HAL_FDCAN_TxFifoEmptyCallback  stm32g4xx_hal_fdcan.o
    0x08003b7e   0x00000002   PAD
    0x08003b80   0x00000248   Code   RO         3129    i.HAL_GPIO_Init     stm32g4xx_hal_gpio.o
    0x08003dc8   0x0000000a   Code   RO         3131    i.HAL_GPIO_ReadPin  stm32g4xx_hal_gpio.o
    0x08003dd2   0x00000010   Code   RO         3132    i.HAL_GPIO_TogglePin  stm32g4xx_hal_gpio.o
    0x08003de2   0x0000000a   Code   RO         3133    i.HAL_GPIO_WritePin  stm32g4xx_hal_gpio.o
    0x08003dec   0x0000000c   Code   RO         2408    i.HAL_GetTick       stm32g4xx_hal.o
    0x08003df8   0x00000010   Code   RO         2414    i.HAL_IncTick       stm32g4xx_hal.o
    0x08003e08   0x0000001e   Code   RO         2415    i.HAL_Init          stm32g4xx_hal.o
    0x08003e26   0x00000002   PAD
    0x08003e28   0x00000088   Code   RO          766    i.HAL_InitTick      stm32g4xx_hal_timebase_tim.o
    0x08003eb0   0x00000030   Code   RO          742    i.HAL_MspInit       stm32g4xx_hal_msp.o
    0x08003ee0   0x0000001a   Code   RO         3778    i.HAL_NVIC_EnableIRQ  stm32g4xx_hal_cortex.o
    0x08003efa   0x00000002   PAD
    0x08003efc   0x00000040   Code   RO         3784    i.HAL_NVIC_SetPriority  stm32g4xx_hal_cortex.o
    0x08003f3c   0x00000024   Code   RO         3785    i.HAL_NVIC_SetPriorityGrouping  stm32g4xx_hal_cortex.o
    0x08003f60   0x000000bc   Code   RO         3532    i.HAL_PWREx_ControlVoltageScaling  stm32g4xx_hal_pwr_ex.o
    0x0800401c   0x00000010   Code   RO         3544    i.HAL_PWREx_DisableUCPDDeadBattery  stm32g4xx_hal_pwr_ex.o
    0x0800402c   0x00000300   Code   RO         2775    i.HAL_RCCEx_PeriphCLKConfig  stm32g4xx_hal_rcc_ex.o
    0x0800432c   0x000001dc   Code   RO         2650    i.HAL_RCC_ClockConfig  stm32g4xx_hal_rcc.o
    0x08004508   0x00000040   Code   RO         2655    i.HAL_RCC_GetClockConfig  stm32g4xx_hal_rcc.o
    0x08004548   0x00000024   Code   RO         2658    i.HAL_RCC_GetPCLK1Freq  stm32g4xx_hal_rcc.o
    0x0800456c   0x0000006c   Code   RO         2660    i.HAL_RCC_GetSysClockFreq  stm32g4xx_hal_rcc.o
    0x080045d8   0x00000404   Code   RO         2663    i.HAL_RCC_OscConfig  stm32g4xx_hal_rcc.o
    0x080049dc   0x00000002   Code   RO         4310    i.HAL_SPI_ErrorCallback  stm32g4xx_hal_spi.o
    0x080049de   0x00000002   PAD
    0x080049e0   0x000000fc   Code   RO         4313    i.HAL_SPI_IRQHandler  stm32g4xx_hal_spi.o
    0x08004adc   0x000000ea   Code   RO         4314    i.HAL_SPI_Init      stm32g4xx_hal_spi.o
    0x08004bc6   0x00000002   PAD
    0x08004bc8   0x000000e0   Code   RO          511    i.HAL_SPI_MspInit   spi.o
    0x08004ca8   0x0000017e   Code   RO         4317    i.HAL_SPI_Receive   stm32g4xx_hal_spi.o
    0x08004e26   0x0000018e   Code   RO         4322    i.HAL_SPI_Transmit  stm32g4xx_hal_spi.o
    0x08004fb4   0x00000272   Code   RO         4323    i.HAL_SPI_TransmitReceive  stm32g4xx_hal_spi.o
    0x08005226   0x00000002   Code   RO         1521    i.HAL_TIMEx_Break2Callback  stm32g4xx_hal_tim_ex.o
    0x08005228   0x00000002   Code   RO         1522    i.HAL_TIMEx_BreakCallback  stm32g4xx_hal_tim_ex.o
    0x0800522a   0x00000002   Code   RO         1523    i.HAL_TIMEx_CommutCallback  stm32g4xx_hal_tim_ex.o
    0x0800522c   0x000000a8   Code   RO         1526    i.HAL_TIMEx_ConfigBreakDeadTime  stm32g4xx_hal_tim_ex.o
    0x080052d4   0x00000002   Code   RO         1534    i.HAL_TIMEx_DirectionChangeCallback  stm32g4xx_hal_tim_ex.o
    0x080052d6   0x0000000e   Code   RO         1544    i.HAL_TIMEx_EnableDeadTimePreload  stm32g4xx_hal_tim_ex.o
    0x080052e4   0x00000002   Code   RO         1548    i.HAL_TIMEx_EncoderIndexCallback  stm32g4xx_hal_tim_ex.o
    0x080052e6   0x00000002   Code   RO         1562    i.HAL_TIMEx_IndexErrorCallback  stm32g4xx_hal_tim_ex.o
    0x080052e8   0x000000b8   Code   RO         1563    i.HAL_TIMEx_MasterConfigSynchronization  stm32g4xx_hal_tim_ex.o
    0x080053a0   0x000000cc   Code   RO         1575    i.HAL_TIMEx_PWMN_Start  stm32g4xx_hal_tim_ex.o
    0x0800546c   0x00000002   Code   RO         1584    i.HAL_TIMEx_TransitionErrorCallback  stm32g4xx_hal_tim_ex.o
    0x0800546e   0x00000062   Code   RO          807    i.HAL_TIM_Base_Init  stm32g4xx_hal_tim.o
    0x080054d0   0x00000074   Code   RO          553    i.HAL_TIM_Base_MspInit  tim.o
    0x08005544   0x00000080   Code   RO          810    i.HAL_TIM_Base_Start  stm32g4xx_hal_tim.o
    0x080055c4   0x0000008c   Code   RO          812    i.HAL_TIM_Base_Start_IT  stm32g4xx_hal_tim.o
    0x08005650   0x000000f0   Code   RO          816    i.HAL_TIM_ConfigClockSource  stm32g4xx_hal_tim.o
    0x08005740   0x00000002   Code   RO          841    i.HAL_TIM_IC_CaptureCallback  stm32g4xx_hal_tim.o
    0x08005742   0x000001a2   Code   RO          855    i.HAL_TIM_IRQHandler  stm32g4xx_hal_tim.o
    0x080058e4   0x00000090   Code   RO          554    i.HAL_TIM_MspPostInit  tim.o
    0x08005974   0x00000002   Code   RO          858    i.HAL_TIM_OC_DelayElapsedCallback  stm32g4xx_hal_tim.o
    0x08005976   0x00000124   Code   RO          879    i.HAL_TIM_PWM_ConfigChannel  stm32g4xx_hal_tim.o
    0x08005a9a   0x00000062   Code   RO          882    i.HAL_TIM_PWM_Init  stm32g4xx_hal_tim.o
    0x08005afc   0x00000002   Code   RO          884    i.HAL_TIM_PWM_MspInit  stm32g4xx_hal_tim.o
    0x08005afe   0x00000002   Code   RO          885    i.HAL_TIM_PWM_PulseFinishedCallback  stm32g4xx_hal_tim.o
    0x08005b00   0x00000114   Code   RO          887    i.HAL_TIM_PWM_Start  stm32g4xx_hal_tim.o
    0x08005c14   0x00000140   Code   RO          889    i.HAL_TIM_PWM_Start_IT  stm32g4xx_hal_tim.o
    0x08005d54   0x00000070   Code   RO           14    i.HAL_TIM_PeriodElapsedCallback  main.o
    0x08005dc4   0x00000002   Code   RO          898    i.HAL_TIM_TriggerCallback  stm32g4xx_hal_tim.o
    0x08005dc6   0x00000002   Code   RO          613    i.HardFault_Handler  stm32g4xx_it.o
    0x08005dc8   0x00000028   Code   RO         4934    i.Hz2PSC            init_music.o
    0x08005df0   0x00000054   Code   RO         4794    i.Inv_Park_transform  foc_control.o
    0x08005e44   0x0000000c   Code   RO         1980    i.LL_ADC_GetOffsetChannel  stm32g4xx_hal_adc.o
    0x08005e50   0x0000000c   Code   RO         2213    i.LL_ADC_GetOffsetChannel  stm32g4xx_hal_adc_ex.o
    0x08005e5c   0x00000008   Code   RO         1981    i.LL_ADC_INJ_IsConversionOngoing  stm32g4xx_hal_adc.o
    0x08005e64   0x00000008   Code   RO         2214    i.LL_ADC_INJ_IsConversionOngoing  stm32g4xx_hal_adc_ex.o
    0x08005e6c   0x00000008   Code   RO         1982    i.LL_ADC_REG_IsConversionOngoing  stm32g4xx_hal_adc.o
    0x08005e74   0x00000008   Code   RO         2215    i.LL_ADC_REG_IsConversionOngoing  stm32g4xx_hal_adc_ex.o
    0x08005e7c   0x00000010   Code   RO         1983    i.LL_ADC_REG_IsTriggerSourceSWStart  stm32g4xx_hal_adc.o
    0x08005e8c   0x0000001e   Code   RO         1985    i.LL_ADC_SetChannelSamplingTime  stm32g4xx_hal_adc.o
    0x08005eaa   0x0000001e   Code   RO         2216    i.LL_ADC_SetChannelSamplingTime  stm32g4xx_hal_adc_ex.o
    0x08005ec8   0x00000010   Code   RO         1986    i.LL_ADC_SetOffsetState  stm32g4xx_hal_adc.o
    0x08005ed8   0x00000010   Code   RO         2217    i.LL_ADC_SetOffsetState  stm32g4xx_hal_adc_ex.o
    0x08005ee8   0x00000030   Code   RO         5486    i.MT6825_Continuous_Reading_Init  mt6825_spi.o
    0x08005f18   0x0000015c   Code   RO          401    i.MX_ADC1_Init      adc.o
    0x08006074   0x0000006c   Code   RO          441    i.MX_DMA_Init       dma.o
    0x080060e0   0x00000058   Code   RO          470    i.MX_FDCAN1_Init    fdcan.o
    0x08006138   0x000000b0   Code   RO          266    i.MX_GPIO_Init      gpio.o
    0x080061e8   0x00000050   Code   RO          512    i.MX_SPI1_Init      spi.o
    0x08006238   0x0000010c   Code   RO          555    i.MX_TIM1_Init      tim.o
    0x08006344   0x00000070   Code   RO          556    i.MX_TIM3_Init      tim.o
    0x080063b4   0x0000002c   Code   RO         6026    i.Math_Differential  lib_math.o
    0x080063e0   0x00000002   Code   RO          614    i.MemManage_Handler  stm32g4xx_it.o
    0x080063e2   0x0000000c   Code   RO         4935    i.Ms_Delay          init_music.o
    0x080063ee   0x00000002   Code   RO          615    i.NMI_Handler       stm32g4xx_it.o
    0x080063f0   0x00000284   Code   RO         5647    i.PID_Calc          alg_pid.o
    0x08006674   0x00000040   Code   RO         5648    i.PID_Clear         alg_pid.o
    0x080066b4   0x00000006   Code   RO         5650    i.PID_GetOutput     alg_pid.o
    0x080066ba   0x00000042   Code   RO         5652    i.PID_Init          alg_pid.o
    0x080066fc   0x00000006   Code   RO         5653    i.PID_SetFdb        alg_pid.o
    0x08006702   0x00000006   Code   RO         5654    i.PID_SetRef        alg_pid.o
    0x08006708   0x00000054   Code   RO         4795    i.Park_transform    foc_control.o
    0x0800675c   0x00000002   Code   RO          616    i.PendSV_Handler    stm32g4xx_it.o
    0x0800675e   0x00000002   PAD
    0x08006760   0x0000000c   Code   RO          617    i.SPI1_IRQHandler   stm32g4xx_it.o
    0x0800676c   0x00000012   Code   RO         4341    i.SPI_DMAAbortOnError  stm32g4xx_hal_spi.o
    0x0800677e   0x00000074   Code   RO         4351    i.SPI_EndRxTransaction  stm32g4xx_hal_spi.o
    0x080067f2   0x00000048   Code   RO         4352    i.SPI_EndRxTxTransaction  stm32g4xx_hal_spi.o
    0x0800683a   0x00000002   PAD
    0x0800683c   0x000000e0   Code   RO         4357    i.SPI_WaitFifoStateUntilTimeout  stm32g4xx_hal_spi.o
    0x0800691c   0x000000b8   Code   RO         4358    i.SPI_WaitFlagStateUntilTimeout  stm32g4xx_hal_spi.o
    0x080069d4   0x00000002   Code   RO          618    i.SVC_Handler       stm32g4xx_it.o
    0x080069d6   0x00000002   PAD
    0x080069d8   0x00000040   Code   RO         5814    i.SlidingWindowFilter_Init  alg_swf.o
    0x08006a18   0x0000003e   Code   RO         5815    i.SlidingWindowFilter_Update  alg_swf.o
    0x08006a56   0x00000002   Code   RO          619    i.SysTick_Handler   stm32g4xx_it.o
    0x08006a58   0x00000068   Code   RO           15    i.SystemClock_Config  main.o
    0x08006ac0   0x00000010   Code   RO         4655    i.SystemInit        system_stm32g4xx.o
    0x08006ad0   0x0000000c   Code   RO          620    i.TIM1_BRK_TIM15_IRQHandler  stm32g4xx_it.o
    0x08006adc   0x0000000c   Code   RO          621    i.TIM1_UP_TIM16_IRQHandler  stm32g4xx_it.o
    0x08006ae8   0x0000000c   Code   RO          622    i.TIM2_IRQHandler   stm32g4xx_it.o
    0x08006af4   0x0000000c   Code   RO          623    i.TIM3_IRQHandler   stm32g4xx_it.o
    0x08006b00   0x000000e4   Code   RO          900    i.TIM_Base_SetConfig  stm32g4xx_hal_tim.o
    0x08006be4   0x0000001a   Code   RO          901    i.TIM_CCxChannelCmd  stm32g4xx_hal_tim.o
    0x08006bfe   0x0000001a   Code   RO         1587    i.TIM_CCxNChannelCmd  stm32g4xx_hal_tim_ex.o
    0x08006c18   0x00000014   Code   RO          911    i.TIM_ETR_SetConfig  stm32g4xx_hal_tim.o
    0x08006c2c   0x00000014   Code   RO          912    i.TIM_ITRx_SetConfig  stm32g4xx_hal_tim.o
    0x08006c40   0x000000ac   Code   RO          913    i.TIM_OC1_SetConfig  stm32g4xx_hal_tim.o
    0x08006cec   0x000000a0   Code   RO          914    i.TIM_OC2_SetConfig  stm32g4xx_hal_tim.o
    0x08006d8c   0x000000a0   Code   RO          915    i.TIM_OC3_SetConfig  stm32g4xx_hal_tim.o
    0x08006e2c   0x000000a0   Code   RO          916    i.TIM_OC4_SetConfig  stm32g4xx_hal_tim.o
    0x08006ecc   0x00000078   Code   RO          917    i.TIM_OC5_SetConfig  stm32g4xx_hal_tim.o
    0x08006f44   0x0000007c   Code   RO          918    i.TIM_OC6_SetConfig  stm32g4xx_hal_tim.o
    0x08006fc0   0x00000022   Code   RO          920    i.TIM_TI1_ConfigInputStage  stm32g4xx_hal_tim.o
    0x08006fe2   0x00000024   Code   RO          922    i.TIM_TI2_ConfigInputStage  stm32g4xx_hal_tim.o
    0x08007006   0x00000002   Code   RO          624    i.UsageFault_Handler  stm32g4xx_it.o
    0x08007008   0x00000020   Code   RO         3791    i.__NVIC_SetPriority  stm32g4xx_hal_cortex.o
    0x08007028   0x00000014   Code   RO         4936    i.allOff            init_music.o
    0x0800703c   0x0000004c   Code   RO         4937    i.comStep           init_music.o
    0x08007088   0x0000002a   Code   RO           16    i.main              main.o
    0x080070b2   0x00000002   PAD
    0x080070b4   0x000000b0   Code   RO         4939    i.playStartupTune   init_music.o
    0x08007164   0x0000001c   Code   RO         4940    i.setCaptureCompare  init_music.o
    0x08007180   0x00000014   Code   RO         4941    i.setVolume         init_music.o
    0x08007194   0x000001ec   Code   RO         6637    x$fpl$exception     g_wm.l(except.o)
    0x08007380   0x0000009e   Code   RO         6484    x$fpl$ffltll        g_wm.l(ffltll_clz.o)
    0x0800741e   0x0000000a   Code   RO         6724    x$fpl$fpinit        g_wm.l(fpinit.o)
    0x08007428   0x000000b2   Code   RO         6726    x$fpl$retnan        g_wm.l(retnan.o)
    0x080074da   0x0000007e   Code   RO         6647    x$fpl$trapveneer    g_wm.l(trapv.o)
    0x08007558   0x00000000   Code   RO         6649    x$fpl$usenofp       g_wm.l(usenofp.o)
    0x08007558   0x00000010   Data   RO         3979    .constdata          stm32g4xx_hal_fdcan.o
    0x08007568   0x00000010   Data   RO         4656    .constdata          system_stm32g4xx.o
    0x08007578   0x00000008   Data   RO         4657    .constdata          system_stm32g4xx.o
    0x08007580   0x0000001d   Data   RO         4797    .constdata          foc_control.o
    0x0800759d   0x00000003   PAD
    0x080075a0   0x00000804   Data   RO         6381    .constdata          arm_cortexM4lf_math.lib(arm_common_tables.o)
    0x08007da4   0x00000020   Data   RO         6815    Region$$Table       anon$$obj.o


    Execution Region RW_IRAM1 (Base: 0x20000000, Size: 0x000012d0, Max: 0x00020000, ABSOLUTE, COMPRESSED[0x00000078])

    Base Addr    Size         Type   Attr      Idx    E Section Name        Object

    0x20000000   0x00000002   Data   RW           17    .data               main.o
    0x20000002   0x00000002   PAD
    0x20000004   0x0000000c   Data   RW         2435    .data               stm32g4xx_hal.o
    0x20000010   0x00000004   Data   RW         4658    .data               system_stm32g4xx.o
    0x20000014   0x00000078   Data   RW         4697    .data               foc_comm.o
    0x2000008c   0x00000008   Data   RW         4798    .data               foc_control.o
    0x20000094   0x0000000a   Data   RW         4887    .data               foc_error.o
    0x2000009e   0x00000002   PAD
    0x200000a0   0x00000090   Data   RW         4942    .data               init_music.o
    0x20000130   0x00000014   Data   RW         5008    .data               util_adc.o
    0x20000144   0x00000004   PAD
    0x20000148   0x00000018   Data   RW         5347    .data               sys_dwt.o
    0x20000160   0x0000000b   Data   RW         5493    .data               mt6825_spi.o
    0x2000016b   0x00000001   PAD
    0x2000016c   0x00000004   Data   RW         5494    .data               mt6825_spi.o
    0x20000170   0x000000cc   Zero   RW          402    .bss                adc.o
    0x2000023c   0x00000064   Zero   RW          471    .bss                fdcan.o
    0x200002a0   0x00000124   Zero   RW          513    .bss                spi.o
    0x200003c4   0x00000098   Zero   RW          557    .bss                tim.o
    0x2000045c   0x0000004c   Zero   RW          769    .bss                stm32g4xx_hal_timebase_tim.o
    0x200004a8   0x000002a4   Zero   RW         4796    .bss                foc_control.o
    0x2000074c   0x0000019c   Zero   RW         5007    .bss                util_adc.o
    0x200008e8   0x00000048   Zero   RW         5096    .bss                util_fdcan.o
    0x20000930   0x00000030   Zero   RW         5346    .bss                sys_dwt.o
    0x20000960   0x0000005c   Zero   RW         5487    .bss                mt6825_spi.o
    0x200009bc   0x00000010   Zero   RW         5488    .bss                mt6825_spi.o
    0x200009cc   0x00000010   Zero   RW         5489    .bss                mt6825_spi.o
    0x200009dc   0x00000010   Zero   RW         5490    .bss                mt6825_spi.o
    0x200009ec   0x00000200   Zero   RW         5491    .bss                mt6825_spi.o
    0x20000bec   0x00000080   Zero   RW         5492    .bss                mt6825_spi.o
    0x20000c6c   0x00000060   Zero   RW         6681    .bss                c_w.l(libspace.o)
    0x20000ccc   0x00000004   PAD
    0x20000cd0   0x00000200   Zero   RW            2    HEAP                startup_stm32g474xx.o
    0x20000ed0   0x00000400   Zero   RW            1    STACK               startup_stm32g474xx.o


==============================================================================

Image component sizes


      Code (inc. data)   RO Data    RW Data    ZI Data      Debug   Object Name

       572         50          0          0        204       2195   adc.o
       792          6          0          0          0       6996   alg_pid.o
       126          6          0          0          0       2116   alg_swf.o
       108          4          0          0          0        890   dma.o
        82         12          0          0          0       1894   drv8323_util.o
       228         16          0          0        100       1859   fdcan.o
       836         64          0        120          0       5724   foc_comm.o
      2092        264         29          8        676      11514   foc_control.o
       168         16          0         10          0       2552   foc_error.o
       176          8          0          0          0     916423   gpio.o
       372         60          0        144          0       4572   init_music.o
       212         20          0          0          0       2431   lib_filter.o
        44          0          0          0          0        668   lib_math.o
       262         18          0          2          0     851454   main.o
       720         58          0         15        780       5625   mt6825_spi.o
       304         26          0          0        292       1923   spi.o
        64         26        472          0       1536        856   startup_stm32g474xx.o
        94         14          0         12          0       3718   stm32g4xx_hal.o
      3234        208          0          0          0      84891   stm32g4xx_hal_adc.o
      2348        128          0          0          0      80377   stm32g4xx_hal_adc_ex.o
       158         14          0          0          0      33110   stm32g4xx_hal_cortex.o
       800         30          0          0          0       5938   stm32g4xx_hal_dma.o
      1776         34         16          0          0      17713   stm32g4xx_hal_fdcan.o
       620         34          0          0          0       3708   stm32g4xx_hal_gpio.o
        48          6          0          0          0        894   stm32g4xx_hal_msp.o
       204         18          0          0          0       1433   stm32g4xx_hal_pwr_ex.o
      1712         86          0          0          0       6406   stm32g4xx_hal_rcc.o
       768         10          0          0          0       1992   stm32g4xx_hal_rcc_ex.o
      2508         16          0          0          0      12255   stm32g4xx_hal_spi.o
      3280        370          0          0          0      21110   stm32g4xx_hal_tim.o
       610         82          0          0          0       8601   stm32g4xx_hal_tim_ex.o
       136         18          0          0         76       1463   stm32g4xx_hal_timebase_tim.o
       138         60          0          0          0       9164   stm32g4xx_it.o
       380         56          0         24         48       4446   sys_dwt.o
        16          4         24          4          0       1163   system_stm32g4xx.o
       640         48          0          0        152       3413   tim.o
       496         76          0         20        412       5905   util_adc.o
        98          6          0          0         72       2561   util_fdcan.o

    ----------------------------------------------------------------------
     27260       1972        576        368       4348    2129953   Object Totals
         0          0         32          0          0          0   (incl. Generated)
        38          0          3          9          0          0   (incl. Padding)

    ----------------------------------------------------------------------

      Code (inc. data)   RO Data    RW Data    ZI Data      Debug   Library Member Name

         0          0       2052          0          0       4704   arm_common_tables.o
       120         12          0          0          0      17170   arm_cos_f32.o
       148         18          0          0          0        814   arm_sin_f32.o
        90          0          0          0          0          0   __dczerorl2.o
         8          0          0          0          0         68   __main.o
         0          0          0          0          0          0   __rtentry.o
        12          0          0          0          0          0   __rtentry2.o
         6          0          0          0          0          0   __rtentry4.o
        52          8          0          0          0          0   __scatter.o
        28          0          0          0          0          0   __scatter_zi.o
        48          4          0          0          0         84   _fptrap.o
        10          0          0          0          0         68   defsig_exit.o
       172        110          0          0          0         76   defsig_fpe_inner.o
        14          0          0          0          0         80   defsig_fpe_outer.o
        50          0          0          0          0         88   defsig_general.o
        18          0          0          0          0         80   exit.o
         6          0          0          0          0        152   heapauxi.o
         0          0          0          0          0          0   indicate_semi.o
         2          0          0          0          0          0   libinit.o
         6          0          0          0          0          0   libinit2.o
         2          0          0          0          0          0   libshutdown.o
         2          0          0          0          0          0   libshutdown2.o
         8          4          0          0         96         68   libspace.o
       238          0          0          0          0        100   lludivv7m.o
        78          0          0          0          0         80   rt_memclr_w.o
       100          0          0          0          0         80   rt_memcpy_w.o
         2          0          0          0          0          0   rtexit.o
        10          0          0          0          0          0   rtexit2.o
        12          4          0          0          0         68   sys_exit.o
        74          0          0          0          0         80   sys_stackheap_outer.o
        14          0          0          0          0         76   sys_wrch.o
         2          0          0          0          0         68   use_no_semi.o
       492         36          0          0          0        148   except.o
       158          0          0          0          0        132   ffltll_clz.o
        10          0          0          0          0        116   fpinit.o
       178          0          0          0          0        116   retnan.o
       126          0          0          0          0        148   trapv.o
         0          0          0          0          0          0   usenofp.o

    ----------------------------------------------------------------------
      2308        196       2052          0        100      24664   Library Totals
        12          0          0          0          4          0   (incl. Padding)

    ----------------------------------------------------------------------

      Code (inc. data)   RO Data    RW Data    ZI Data      Debug   Library Name

       268         30       2052          0          0      22688   arm_cortexM4lf_math.lib
      1064        130          0          0         96       1316   c_w.l
       964         36          0          0          0        660   g_wm.l

    ----------------------------------------------------------------------
      2308        196       2052          0        100      24664   Library Totals

    ----------------------------------------------------------------------

==============================================================================


      Code (inc. data)   RO Data    RW Data    ZI Data      Debug   

     29568       2168       2628        368       4448    2132293   Grand Totals
     29568       2168       2628        120       4448    2132293   ELF Image Totals (compressed)
     29568       2168       2628        120          0          0   ROM Totals

==============================================================================

    Total RO  Size (Code + RO Data)                32196 (  31.44kB)
    Total RW  Size (RW Data + ZI Data)              4816 (   4.70kB)
    Total ROM Size (Code + RO Data + RW Data)      32316 (  31.56kB)

==============================================================================

